C51 COMPILER V9.59.0.0   SSD13XX                                                           07/19/2026 19:31:00 PAGE 1   


C51 COMPILER V9.59.0.0, COMPILATION OF MODULE SSD13XX
OBJECT MODULE PLACED IN .\Objects\ssd13xx.obj
COMPILER INVOKED BY: D:\Keil_v5\C51\BIN\C51.EXE DRIVER\ssd13xx.c LARGE RTX51 OPTIMIZE(9,SIZE) BROWSE INCDIR(.\DRIVER;..\
                    -51_18650bsmb;.\SYS) DEBUG OBJECTEXTEND PRINT(.\Listings\ssd13xx.lst) TABS(2) OBJECT(.\Objects\ssd13xx.obj)

line level    source

   1          #include "ssd13xx.h"
   2          #include <intrins.h>
   3          
   4          // 单页缓冲区（仅128字节）
   5          unsigned char xdata SSD13XX_PageBuffer[SSD13XX_PAGE_WIDTH];
   6          
   7          const unsigned char code SSD13xx_Font8x8[95][8] = {
   8              {0x00, 0x00, 0x00, 0x00, 0x00, 0x00, 0x00, 0x00}, // 空格
   9              {0x00, 0x00, 0x5F, 0x00, 0x00, 0x00, 0x00, 0x00}, // !
  10              {0x00, 0x00, 0x07, 0x00, 0x07, 0x00, 0x00, 0x00}, // "
  11              {0x00, 0x14, 0x7F, 0x14, 0x7F, 0x14, 0x00, 0x00}, // #
  12              {0x00, 0x24, 0x2A, 0x7F, 0x2A, 0x12, 0x00, 0x00}, // $
  13              {0x00, 0x62, 0x64, 0x08, 0x13, 0x23, 0x00, 0x00}, // %
  14              {0x00, 0x36, 0x49, 0x55, 0x22, 0x50, 0x00, 0x00}, // &
  15              {0x00, 0x00, 0x05, 0x03, 0x00, 0x00, 0x00, 0x00}, // '
  16              {0x00, 0x00, 0x1C, 0x22, 0x41, 0x00, 0x00, 0x00}, // (
  17              {0x00, 0x00, 0x41, 0x22, 0x1C, 0x00, 0x00, 0x00}, // )
  18              {0x00, 0x14, 0x08, 0x3E, 0x08, 0x14, 0x00, 0x00}, // *
  19              {0x00, 0x08, 0x08, 0x3E, 0x08, 0x08, 0x00, 0x00}, // +
  20              {0x00, 0x00, 0x00, 0xA0, 0x60, 0x00, 0x00, 0x00}, // ,
  21              {0x00, 0x08, 0x08, 0x08, 0x08, 0x08, 0x00, 0x00}, // -
  22              {0x00, 0x00, 0x60, 0x60, 0x00, 0x00, 0x00, 0x00}, // .
  23              {0x00, 0x20, 0x10, 0x08, 0x04, 0x02, 0x00, 0x00}, // /
  24              {0x00, 0x3E, 0x51, 0x49, 0x45, 0x3E, 0x00, 0x00}, // 0
  25              {0x00, 0x00, 0x42, 0x7F, 0x40, 0x00, 0x00, 0x00}, // 1
  26              {0x00, 0x42, 0x61, 0x51, 0x49, 0x46, 0x00, 0x00}, // 2
  27              {0x00, 0x21, 0x41, 0x45, 0x4B, 0x31, 0x00, 0x00}, // 3
  28              {0x00, 0x18, 0x14, 0x12, 0x7F, 0x10, 0x00, 0x00}, // 4
  29              {0x00, 0x27, 0x45, 0x45, 0x45, 0x39, 0x00, 0x00}, // 5
  30              {0x00, 0x3C, 0x4A, 0x49, 0x49, 0x30, 0x00, 0x00}, // 6
  31              {0x00, 0x01, 0x71, 0x09, 0x05, 0x03, 0x00, 0x00}, // 7
  32              {0x00, 0x36, 0x49, 0x49, 0x49, 0x36, 0x00, 0x00}, // 8
  33              {0x00, 0x06, 0x49, 0x49, 0x29, 0x1E, 0x00, 0x00}, // 9
  34              {0x00, 0x00, 0x36, 0x36, 0x00, 0x00, 0x00, 0x00}, // :
  35              {0x00, 0x00, 0x56, 0x36, 0x00, 0x00, 0x00, 0x00}, // ;
  36              {0x00, 0x08, 0x14, 0x22, 0x41, 0x00, 0x00, 0x00}, // <
  37              {0x00, 0x14, 0x14, 0x14, 0x14, 0x14, 0x00, 0x00}, // =
  38              {0x00, 0x00, 0x41, 0x22, 0x14, 0x08, 0x00, 0x00}, // >
  39              {0x00, 0x02, 0x01, 0x51, 0x09, 0x06, 0x00, 0x00}, // ?
  40              {0x00, 0x32, 0x49, 0x79, 0x41, 0x3E, 0x00, 0x00}, // @
  41              {0x00, 0x7E, 0x11, 0x11, 0x11, 0x7E, 0x00, 0x00}, // A
  42              {0x00, 0x7F, 0x49, 0x49, 0x49, 0x36, 0x00, 0x00}, // B
  43              {0x00, 0x3E, 0x41, 0x41, 0x41, 0x22, 0x00, 0x00}, // C
  44              {0x00, 0x7F, 0x41, 0x41, 0x22, 0x1C, 0x00, 0x00}, // D
  45              {0x00, 0x7F, 0x49, 0x49, 0x49, 0x41, 0x00, 0x00}, // E
  46              {0x00, 0x7F, 0x09, 0x09, 0x09, 0x01, 0x00, 0x00}, // F
  47              {0x00, 0x3E, 0x41, 0x49, 0x49, 0x7A, 0x00, 0x00}, // G
  48              {0x00, 0x7F, 0x08, 0x08, 0x08, 0x7F, 0x00, 0x00}, // H
  49              {0x00, 0x00, 0x41, 0x7F, 0x41, 0x00, 0x00, 0x00}, // I
  50              {0x00, 0x20, 0x40, 0x41, 0x3F, 0x01, 0x00, 0x00}, // J
  51              {0x00, 0x7F, 0x08, 0x14, 0x22, 0x41, 0x00, 0x00}, // K
  52              {0x00, 0x7F, 0x40, 0x40, 0x40, 0x40, 0x00, 0x00}, // L
  53              {0x00, 0x7F, 0x02, 0x0C, 0x02, 0x7F, 0x00, 0x00}, // M
  54              {0x00, 0x7F, 0x04, 0x08, 0x10, 0x7F, 0x00, 0x00}, // N
C51 COMPILER V9.59.0.0   SSD13XX                                                           07/19/2026 19:31:00 PAGE 2   

  55              {0x00, 0x3E, 0x41, 0x41, 0x41, 0x3E, 0x00, 0x00}, // O
  56              {0x00, 0x7F, 0x09, 0x09, 0x09, 0x06, 0x00, 0x00}, // P
  57              {0x00, 0x3E, 0x41, 0x51, 0x21, 0x5E, 0x00, 0x00}, // Q
  58              {0x00, 0x7F, 0x09, 0x19, 0x29, 0x46, 0x00, 0x00}, // R
  59              {0x00, 0x26, 0x49, 0x49, 0x49, 0x32, 0x00, 0x00}, // S
  60              {0x00, 0x01, 0x01, 0x7F, 0x01, 0x01, 0x00, 0x00}, // T
  61              {0x00, 0x3F, 0x40, 0x40, 0x40, 0x3F, 0x00, 0x00}, // U
  62              {0x00, 0x1F, 0x20, 0x40, 0x20, 0x1F, 0x00, 0x00}, // V
  63              {0x00, 0x3F, 0x40, 0x38, 0x40, 0x3F, 0x00, 0x00}, // W
  64              {0x00, 0x63, 0x14, 0x08, 0x14, 0x63, 0x00, 0x00}, // X
  65              {0x00, 0x07, 0x08, 0x70, 0x08, 0x07, 0x00, 0x00}, // Y
  66              {0x00, 0x61, 0x51, 0x49, 0x45, 0x43, 0x00, 0x00}, // Z
  67              {0x00, 0x00, 0x7F, 0x41, 0x41, 0x00, 0x00, 0x00}, // [
  68              {0x00, 0x02, 0x04, 0x08, 0x10, 0x20, 0x00, 0x00}, // '\'
  69              {0x00, 0x00, 0x41, 0x41, 0x7F, 0x00, 0x00, 0x00}, // ]
  70              {0x00, 0x04, 0x02, 0x01, 0x02, 0x04, 0x00, 0x00}, // ^
  71              {0x00, 0x40, 0x40, 0x40, 0x40, 0x40, 0x00, 0x00}, // _
  72              {0x00, 0x00, 0x01, 0x02, 0x04, 0x00, 0x00, 0x00}, // `
  73              {0x00, 0x20, 0x54, 0x54, 0x54, 0x78, 0x00, 0x00}, // a
  74              {0x00, 0x7F, 0x48, 0x44, 0x44, 0x38, 0x00, 0x00}, // b
  75              {0x00, 0x38, 0x44, 0x44, 0x44, 0x20, 0x00, 0x00}, // c
  76              {0x00, 0x38, 0x44, 0x44, 0x48, 0x7F, 0x00, 0x00}, // d
  77              {0x00, 0x38, 0x54, 0x54, 0x54, 0x18, 0x00, 0x00}, // e
  78              {0x00, 0x08, 0x7E, 0x09, 0x01, 0x02, 0x00, 0x00}, // f
  79              {0x00, 0x18, 0xA4, 0xA4, 0xA4, 0x7C, 0x00, 0x00}, // g
  80              {0x00, 0x7F, 0x08, 0x04, 0x04, 0x78, 0x00, 0x00}, // h
  81              {0x00, 0x00, 0x44, 0x7D, 0x40, 0x00, 0x00, 0x00}, // i
  82              {0x00, 0x40, 0x80, 0x84, 0x7D, 0x00, 0x00, 0x00}, // j
  83              {0x00, 0x7F, 0x10, 0x28, 0x44, 0x00, 0x00, 0x00}, // k
  84              {0x00, 0x00, 0x41, 0x7F, 0x40, 0x00, 0x00, 0x00}, // l
  85              {0x00, 0x7C, 0x04, 0x18, 0x04, 0x78, 0x00, 0x00}, // m
  86              {0x00, 0x7C, 0x08, 0x04, 0x04, 0x78, 0x00, 0x00}, // n
  87              {0x00, 0x38, 0x44, 0x44, 0x44, 0x38, 0x00, 0x00}, // o
  88              {0x00, 0xFC, 0x24, 0x24, 0x24, 0x18, 0x00, 0x00}, // p
  89              {0x00, 0x18, 0x24, 0x24, 0x18, 0xFC, 0x00, 0x00}, // q
  90              {0x00, 0x7C, 0x08, 0x04, 0x04, 0x08, 0x00, 0x00}, // r
  91              {0x00, 0x48, 0x54, 0x54, 0x54, 0x20, 0x00, 0x00}, // s
  92              {0x00, 0x04, 0x3F, 0x44, 0x40, 0x20, 0x00, 0x00}, // t
  93              {0x00, 0x3C, 0x40, 0x40, 0x20, 0x7C, 0x00, 0x00}, // u
  94              {0x00, 0x1C, 0x20, 0x40, 0x20, 0x1C, 0x00, 0x00}, // v
  95              {0x00, 0x3C, 0x40, 0x30, 0x40, 0x3C, 0x00, 0x00}, // w
  96              {0x00, 0x44, 0x28, 0x10, 0x28, 0x44, 0x00, 0x00}, // x
  97              {0x00, 0x1C, 0xA0, 0xA0, 0xA0, 0x7C, 0x00, 0x00}, // y
  98              {0x00, 0x44, 0x64, 0x54, 0x4C, 0x44, 0x00, 0x00}, // z
  99              {0x00, 0x00, 0x08, 0x36, 0x41, 0x00, 0x00, 0x00}, // {
 100              {0x00, 0x00, 0x00, 0x7F, 0x00, 0x00, 0x00, 0x00}, // |
 101              {0x00, 0x00, 0x41, 0x36, 0x08, 0x00, 0x00, 0x00}, // }
 102              {0x00, 0x02, 0x01, 0x02, 0x04, 0x02, 0x00, 0x00}  // ~
 103          };
 104          
 105          // 16x16 ASCII字体库 (仅包含常用字符) - 放在CODE段
 106          // const unsigned char xdata SSD13xx_Font16x16[96][16] = {
 107          //     {0x00, 0x00, 0x00, 0x00, 0x00, 0x00, 0x00, 0x00, 0x00, 0x00, 0x00, 0x00,
 108          //      0x00, 0x00, 0x00, 0x00}, // 空格
 109          //     {0x00, 0x00, 0x00, 0x00, 0x00, 0x00, 0x00, 0x00, 0x00, 0x00, 0x00, 0x00,
 110          //      0x00, 0x00, 0x00, 0x00}, // !
 111          //     {0x00, 0x00, 0x00, 0x00, 0x00, 0x00, 0x00, 0x00, 0x00, 0x00, 0x00, 0x00,
 112          //      0x00, 0x00, 0x00, 0x00}, // "
 113          //     {0x00, 0x00, 0x00, 0x00, 0x00, 0x00, 0x00, 0x00, 0x00, 0x00, 0x00, 0x00,
 114          //      0x00, 0x00, 0x00, 0x00}, // #
 115          //     {0x00, 0x00, 0x00, 0x00, 0x00, 0x00, 0x00, 0x00, 0x00, 0x00, 0x00, 0x00,
 116          //      0x00, 0x00, 0x00, 0x00}, // $
C51 COMPILER V9.59.0.0   SSD13XX                                                           07/19/2026 19:31:00 PAGE 3   

 117          //     {0x00, 0x00, 0x00, 0x00, 0x00, 0x00, 0x00, 0x00, 0x00, 0x00, 0x00, 0x00,
 118          //      0x00, 0x00, 0x00, 0x00}, // %
 119          //     {0x00, 0x00, 0x00, 0x00, 0x00, 0x00, 0x00, 0x00, 0x00, 0x00, 0x00, 0x00,
 120          //      0x00, 0x00, 0x00, 0x00}, // &
 121          //     {0x00, 0x00, 0x00, 0x00, 0x00, 0x00, 0x00, 0x00, 0x00, 0x00, 0x00, 0x00,
 122          //      0x00, 0x00, 0x00, 0x00}, // '
 123          //     {0x00, 0x00, 0x00, 0x00, 0x00, 0x00, 0x00, 0x00, 0x00, 0x00, 0x00, 0x00,
 124          //      0x00, 0x00, 0x00, 0x00}, // (
 125          //     {0x00, 0x00, 0x00, 0x00, 0x00, 0x00, 0x00, 0x00, 0x00, 0x00, 0x00, 0x00,
 126          //      0x00, 0x00, 0x00, 0x00}, // )
 127          //     {0x00, 0x00, 0x00, 0x00, 0x00, 0x00, 0x00, 0x00, 0x00, 0x00, 0x00, 0x00,
 128          //      0x00, 0x00, 0x00, 0x00}, // *
 129          //     {0x00, 0x00, 0x00, 0x00, 0x00, 0x00, 0x00, 0x00, 0x00, 0x00, 0x00, 0x00,
 130          //      0x00, 0x00, 0x00, 0x00}, // +
 131          //     {0x00, 0x00, 0x00, 0x00, 0x00, 0x00, 0x00, 0x00, 0x00, 0x00, 0x00, 0x00,
 132          //      0x00, 0x00, 0x00, 0x00}, // ,
 133          //     {0x00, 0x00, 0x00, 0x00, 0x00, 0x00, 0x00, 0x00, 0x00, 0x00, 0x00, 0x00,
 134          //      0x00, 0x00, 0x00, 0x00}, // -
 135          //     {0x00, 0x00, 0x00, 0x00, 0x00, 0x00, 0x00, 0x00, 0x00, 0x00, 0x00, 0x00,
 136          //      0x00, 0x00, 0x00, 0x00}, // .
 137          //     {0x00, 0x00, 0x00, 0x00, 0x00, 0x00, 0x00, 0x00, 0x00, 0x00, 0x00, 0x00,
 138          //      0x00, 0x00, 0x00, 0x00}, // /
 139          //     {0x00, 0x00, 0x7E, 0xFF, 0xFF, 0xFF, 0xFF, 0xFF, 0xFF, 0xFF, 0xFF, 0xFF,
 140          //      0xFF, 0x7E, 0x00, 0x00}, // 0
 141          //     {0x00, 0x00, 0x40, 0x42, 0x44, 0x48, 0x50, 0x40, 0x40, 0x40, 0x40, 0x40,
 142          //      0x7F, 0x40, 0x00, 0x00}, // 1
 143          //     {0x00, 0x00, 0x7F, 0xFF, 0xFF, 0x01, 0x02, 0x04, 0x08, 0x10, 0x20, 0x40,
 144          //      0xFF, 0xFF, 0x00, 0x00}, // 2
 145          //     {0x00, 0x00, 0x7F, 0xFF, 0xFF, 0x01, 0x02, 0x04, 0x08, 0x01, 0x02, 0xFF,
 146          //      0xFF, 0x7E, 0x00, 0x00}, // 3
 147          //     {0x00, 0x00, 0x08, 0x18, 0x28, 0x48, 0x88, 0x08, 0x08, 0xFF, 0xFF, 0xFF,
 148          //      0xFF, 0x08, 0x00, 0x00}, // 4
 149          //     {0x00, 0x00, 0xFF, 0xFF, 0xFF, 0x80, 0x40, 0x20, 0x10, 0x01, 0x02, 0xFF,
 150          //      0xFF, 0x7E, 0x00, 0x00}, // 5
 151          //     {0x00, 0x00, 0x3E, 0x7C, 0xFC, 0x80, 0x40, 0x20, 0x10, 0x01, 0x02, 0xFF,
 152          //      0xFF, 0x7E, 0x00, 0x00}, // 6
 153          //     {0x00, 0x00, 0xFF, 0xFF, 0xFF, 0x01, 0x02, 0x04, 0x08, 0x10, 0x20, 0x40,
 154          //      0x40, 0x40, 0x00, 0x00}, // 7
 155          //     {0x00, 0x00, 0x7E, 0xFF, 0xFF, 0x41, 0x22, 0x14, 0x08, 0x14, 0x22, 0xFF,
 156          //      0xFF, 0x7E, 0x00, 0x00}, // 8
 157          //     {0x00, 0x00, 0x7E, 0xFF, 0xFF, 0x41, 0x22, 0x14, 0x08, 0x04, 0x02, 0xFE,
 158          //      0xFE, 0x7C, 0x00, 0x00}, // 9
 159          //     {0x00, 0x00, 0x00, 0x00, 0x00, 0x00, 0x00, 0x00, 0x00, 0x00, 0x00, 0x00,
 160          //      0x00, 0x00, 0x00, 0x00}, // :
 161          //     {0x00, 0x00, 0x00, 0x00, 0x00, 0x00, 0x00, 0x00, 0x00, 0x00, 0x00, 0x00,
 162          //      0x00, 0x00, 0x00, 0x00}, // ;
 163          //     {0x00, 0x00, 0x00, 0x00, 0x00, 0x00, 0x00, 0x00, 0x00, 0x00, 0x00, 0x00,
 164          //      0x00, 0x00, 0x00, 0x00}, // <
 165          //     {0x00, 0x00, 0x00, 0x00, 0x00, 0x00, 0x00, 0x00, 0x00, 0x00, 0x00, 0x00,
 166          //      0x00, 0x00, 0x00, 0x00}, // =
 167          //     {0x00, 0x00, 0x00, 0x00, 0x00, 0x00, 0x00, 0x00, 0x00, 0x00, 0x00, 0x00,
 168          //      0x00, 0x00, 0x00, 0x00}, // >
 169          //     {0x00, 0x00, 0x00, 0x00, 0x00, 0x00, 0x00, 0x00, 0x00, 0x00, 0x00, 0x00,
 170          //      0x00, 0x00, 0x00, 0x00}, // ?
 171          //     {0x00, 0x00, 0x00, 0x00, 0x00, 0x00, 0x00, 0x00, 0x00, 0x00, 0x00, 0x00,
 172          //      0x00, 0x00, 0x00, 0x00}, // @
 173          //     {0x00, 0x00, 0x00, 0x7E, 0xFF, 0xFF, 0xC3, 0xC3, 0xFF, 0xFF, 0xFF, 0xFF,
 174          //      0xFF, 0x7E, 0x00, 0x00}, // A
 175          //     {0x00, 0x00, 0x80, 0xFF, 0xFF, 0xFF, 0xFF, 0x80, 0x80, 0x80, 0x80, 0x80,
 176          //      0xFF, 0xFF, 0x00, 0x00}, // B
 177          //     {0x00, 0x00, 0x3E, 0xFF, 0xFF, 0x81, 0x81, 0x81, 0x81, 0x81, 0x81, 0xFF,
 178          //      0xFF, 0x3E, 0x00, 0x00}, // C
C51 COMPILER V9.59.0.0   SSD13XX                                                           07/19/2026 19:31:00 PAGE 4   

 179          //     {0x00, 0x00, 0x01, 0xFF, 0xFF, 0xFF, 0xFF, 0x81, 0x81, 0x81, 0x81, 0xFF,
 180          //      0xFF, 0x01, 0x00, 0x00}, // D
 181          //     {0x00, 0x00, 0xFF, 0xFF, 0xFF, 0x81, 0x81, 0xFF, 0x81, 0x81, 0x81, 0xFF,
 182          //      0xFF, 0xFF, 0x00, 0x00}, // E
 183          //     {0x00, 0x00, 0xFF, 0xFF, 0xFF, 0x81, 0x81, 0xFF, 0x81, 0x81, 0x81, 0x81,
 184          //      0x81, 0x81, 0x00, 0x00}, // F
 185          //     {0x00, 0x00, 0x3E, 0xFF, 0xFF, 0x81, 0x81, 0x81, 0x81, 0x81, 0x91, 0xFF,
 186          //      0xFF, 0xBE, 0x00, 0x00}, // G
 187          //     {0x00, 0x00, 0xFF, 0xFF, 0xFF, 0x08, 0x08, 0xFF, 0xFF, 0xFF, 0xFF, 0xFF,
 188          //      0xFF, 0xFF, 0x00, 0x00}, // H
 189          //     {0x00, 0x00, 0x00, 0x00, 0x81, 0x81, 0xFF, 0xFF, 0xFF, 0xFF, 0x81, 0x81,
 190          //      0x00, 0x00, 0x00, 0x00}, // I
 191          //     {0x00, 0x00, 0x00, 0x00, 0x81, 0x81, 0x81, 0x81, 0x81, 0x81, 0xFF, 0xFF,
 192          //      0x01, 0x00, 0x00, 0x00}, // J
 193          //     {0x00, 0x00, 0xFF, 0xFF, 0xFF, 0x08, 0x14, 0x22, 0x41, 0x80, 0x00, 0xFF,
 194          //      0xFF, 0xFF, 0x00, 0x00}, // K
 195          //     {0x00, 0x00, 0xFF, 0xFF, 0xFF, 0x80, 0x80, 0x80, 0x80, 0x80, 0x80, 0x80,
 196          //      0x80, 0x80, 0x00, 0x00}, // L
 197          //     {0x00, 0x00, 0xFF, 0xFF, 0xFF, 0x03, 0x0C, 0x30, 0x0C, 0x03, 0xFF, 0xFF,
 198          //      0xFF, 0xFF, 0x00, 0x00}, // M
 199          //     {0x00, 0x00, 0xFF, 0xFF, 0xFF, 0x03, 0x0C, 0x30, 0xC0, 0x00, 0xFF, 0xFF,
 200          //      0xFF, 0xFF, 0x00, 0x00}, // N
 201          //     {0x00, 0x00, 0x3E, 0xFF, 0xFF, 0x81, 0x81, 0x81, 0x81, 0x81, 0x81, 0xFF,
 202          //      0xFF, 0x3E, 0x00, 0x00}, // O
 203          //     {0x00, 0x00, 0xFF, 0xFF, 0xFF, 0x81, 0x81, 0xFF, 0x81, 0x81, 0x81, 0x81,
 204          //      0x81, 0x81, 0x00, 0x00}, // P
 205          //     {0x00, 0x00, 0x3E, 0xFF, 0xFF, 0x81, 0x81, 0x81, 0x81, 0x81, 0x81, 0xFF,
 206          //      0xFF, 0xFE, 0x00, 0x00}, // Q
 207          //     {0x00, 0x00, 0xFF, 0xFF, 0xFF, 0x81, 0x81, 0xFF, 0x81, 0x91, 0xA1, 0xC1,
 208          //      0xE1, 0x01, 0x00, 0x00}, // R
 209          //     {0x00, 0x00, 0x00, 0xBE, 0xFF, 0xFF, 0x41, 0x22, 0x14, 0x08, 0x08, 0xFF,
 210          //      0xFF, 0x7E, 0x00, 0x00}, // S
 211          //     {0x00, 0x00, 0x01, 0x01, 0x01, 0x01, 0x01, 0xFF, 0xFF, 0xFF, 0x01, 0x01,
 212          //      0x01, 0x01, 0x00, 0x00}, // T
 213          //     {0x00, 0x00, 0xFF, 0xFF, 0xFF, 0x80, 0x80, 0x80, 0x80, 0x80, 0x80, 0xFF,
 214          //      0xFF, 0xFF, 0x00, 0x00}, // U
 215          //     {0x00, 0x00, 0x1F, 0x3F, 0x7F, 0xC0, 0xC0, 0xC0, 0xC0, 0xC0, 0xC0, 0x7F,
 216          //      0x3F, 0x1F, 0x00, 0x00}, // V
 217          //     {0x00, 0x00, 0xFF, 0xFF, 0xFF, 0x00, 0x00, 0xFC, 0x00, 0x00, 0xFF, 0xFF,
 218          //      0xFF, 0xFF, 0x00, 0x00}, // W
 219          //     {0x00, 0x00, 0xE1, 0xF3, 0xDB, 0x6E, 0x3C, 0x18, 0x3C, 0x6E, 0xDB, 0xF3,
 220          //      0xE1, 0x00, 0x00, 0x00}, // X
 221          //     {0x00, 0x00, 0x07, 0x0F, 0x1F, 0xE0, 0xE0, 0xE0, 0xE0, 0xE0, 0xE0, 0x1F,
 222          //      0x0F, 0x07, 0x00, 0x00}, // Y
 223          //     {0x00, 0x00, 0xC1, 0xE3, 0xF7, 0xFF, 0x1F, 0x0E, 0x0C, 0x08, 0x00, 0xFF,
 224          //      0xFF, 0xFF, 0x00, 0x00}, // Z
 225          //     {0x00, 0x00, 0x00, 0x00, 0xFF, 0xFF, 0x81, 0x81, 0x81, 0x81, 0xFF, 0xFF,
 226          //      0x00, 0x00, 0x00, 0x00}, // [
 227          //     {0x00, 0x00, 0x00, 0x00, 0x00, 0x00, 0x00, 0x00, 0x00, 0x00, 0x00, 0x00,
 228          //      0x00, 0x00, 0x00, 0x00}, // \
*** WARNING C329 IN LINE 228 OF DRIVER\ssd13xx.c: single-line comment contains line-continuation
 229          //     {0x00,0x00,0x00,0x00,0xFF,0xFF,0x81,0x81,0x81,0x81,0xFF,0xFF,0x00,0x00,0x00,0x00},
 230          //     // ] {0x00, 0x00, 0x00, 0x00, 0x00, 0x00, 0x00, 0x00, 0x00, 0x00, 0x00,
 231          //     0x00,
 232          //      0x00, 0x00, 0x00, 0x00}, // ^
 233          //     {0x00, 0x00, 0x00, 0x00, 0x00, 0x00, 0x00, 0x00, 0x00, 0x00, 0x00, 0x00,
 234          //      0x00, 0x00, 0x00, 0x00}, // _
 235          //     {0x00, 0x00, 0x00, 0x00, 0x00, 0x00, 0x00, 0x00, 0x00, 0x00, 0x00, 0x00,
 236          //      0x00, 0x00, 0x00, 0x00}, // `
 237          //     {0x00, 0x00, 0x00, 0x00, 0x00, 0x7C, 0xFE, 0xFE, 0x7C, 0x00, 0x00, 0xFF,
 238          //      0xFF, 0xFF, 0x00, 0x00}, // a
 239          //     {0x00, 0x00, 0x80, 0x80, 0x80, 0xFC, 0xFE, 0xFE, 0xFE, 0x80, 0x80, 0xFF,
C51 COMPILER V9.59.0.0   SSD13XX                                                           07/19/2026 19:31:00 PAGE 5   

 240          //      0xFF, 0xFF, 0x00, 0x00}, // b
 241          //     {0x00, 0x00, 0x00, 0x00, 0x00, 0x7C, 0xFE, 0xFE, 0xFE, 0x82, 0x82, 0x82,
 242          //      0x82, 0x00, 0x00, 0x00}, // c
 243          //     {0x00, 0x00, 0x02, 0x02, 0x02, 0x82, 0xFE, 0xFE, 0xFE, 0xFC, 0x00, 0xFF,
 244          //      0xFF, 0xFF, 0x00, 0x00}, // d
 245          //     {0x00, 0x00, 0x00, 0x00, 0x00, 0x7C, 0xFE, 0xFE, 0xFE, 0x82, 0x82, 0xBE,
 246          //      0xFE, 0x7C, 0x00, 0x00}, // e
 247          //     {0x00, 0x00, 0x00, 0x00, 0x00, 0x3E, 0x7F, 0x7F, 0x03, 0x00, 0x00, 0xFF,
 248          //      0xFF, 0xFF, 0x00, 0x00}, // f
 249          //     {0x00, 0x00, 0x00, 0x00, 0x00, 0x7C, 0xFE, 0xFE, 0xFE, 0x82, 0x82, 0xFC,
 250          //      0xFE, 0x7C, 0x00, 0x00}, // g
 251          //     {0x00, 0x00, 0x80, 0x80, 0x80, 0xFC, 0xFE, 0xFE, 0xFE, 0x0C, 0x04, 0xFF,
 252          //      0xFF, 0xFF, 0x00, 0x00}, // h
 253          //     {0x00, 0x00, 0x00, 0x00, 0x00, 0x00, 0x82, 0xFF, 0xFF, 0x82, 0x00, 0x00,
 254          //      0xFF, 0xFF, 0x00, 0x00}, // i
 255          //     {0x00, 0x00, 0x00, 0x00, 0x00, 0x00, 0x82, 0xFF, 0xFF, 0x82, 0x82, 0x82,
 256          //      0xFF, 0xFF, 0x02, 0x00}, // j
 257          //     {0x00, 0x00, 0x80, 0x80, 0x80, 0xFC, 0xFE, 0xFE, 0xFE, 0x18, 0x24, 0xFF,
 258          //      0xFF, 0xFF, 0x00, 0x00}, // k
 259          //     {0x00, 0x00, 0x00, 0x00, 0x00, 0x00, 0x82, 0xFF, 0xFF, 0x82, 0x82, 0x82,
 260          //      0x82, 0x82, 0x00, 0x00}, // l
 261          //     {0x00, 0x00, 0x00, 0x00, 0x00, 0xFF, 0xFF, 0xFF, 0x00, 0x00, 0xFF, 0xFF,
 262          //      0xFF, 0xFF, 0x00, 0x00}, // m
 263          //     {0x00, 0x00, 0x00, 0x00, 0x00, 0xFF, 0xFF, 0xFF, 0x00, 0x00, 0xFF, 0xFF,
 264          //      0xFF, 0xFF, 0x00, 0x00}, // n
 265          //     {0x00, 0x00, 0x00, 0x00, 0x00, 0x7C, 0xFE, 0xFE, 0xFE, 0x82, 0x82, 0x82,
 266          //      0x82, 0x00, 0x00, 0x00}, // o
 267          //     {0x00, 0x00, 0x00, 0x00, 0x00, 0xFF, 0xFF, 0xFF, 0x00, 0x00, 0x82, 0x82,
 268          //      0x82, 0x82, 0x00, 0x00}, // p
 269          //     {0x00, 0x00, 0x00, 0x00, 0x00, 0xFF, 0xFF, 0xFF, 0x00, 0x00, 0x82, 0x82,
 270          //      0xFC, 0xFE, 0x7C, 0x00}, // q
 271          //     {0x00, 0x00, 0x00, 0x00, 0x00, 0xFF, 0xFF, 0xFF, 0x00, 0x00, 0x0C, 0x04,
 272          //      0xFF, 0xFF, 0xFF, 0x00}, // r
 273          //     {0x00, 0x00, 0x00, 0x00, 0x00, 0x7C, 0xFE, 0xFE, 0xFE, 0x82, 0x82, 0xBE,
 274          //      0xFE, 0x7C, 0x00, 0x00}, // s
 275          //     {0x00, 0x00, 0x00, 0x00, 0x00, 0x00, 0x82, 0xFF, 0xFF, 0x82, 0x82, 0x82,
 276          //      0x82, 0x82, 0x00, 0x00}, // t
 277          //     {0x00, 0x00, 0x00, 0x00, 0x00, 0xFF, 0xFF, 0xFF, 0x80, 0x80, 0xFF, 0xFF,
 278          //      0xFF, 0xFF, 0x00, 0x00}, // u
 279          //     {0x00, 0x00, 0x00, 0x00, 0x00, 0x1F, 0x3F, 0x7F, 0xE0, 0xE0, 0xE0, 0x7F,
 280          //      0x3F, 0x1F, 0x00, 0x00}, // v
 281          //     {0x00, 0x00, 0x00, 0x00, 0x00, 0xFF, 0xFF, 0xFF, 0x00, 0x00, 0xFF, 0xFF,
 282          //      0xFF, 0xFF, 0x00, 0x00}, // w
 283          //     {0x00, 0x00, 0x00, 0x00, 0x00, 0xE1, 0xF3, 0xDB, 0x6E, 0x3C, 0x18, 0x3C,
 284          //      0x6E, 0xDB, 0x00, 0x00}, // x
 285          //     {0x00, 0x00, 0x00, 0x00, 0x00, 0x07, 0x0F, 0x1F, 0xE0, 0xE0, 0xE0, 0xFE,
 286          //      0xFE, 0x7C, 0x00, 0x00}, // y
 287          //     {0x00, 0x00, 0x00, 0x00, 0x00, 0xC1, 0xE3, 0xF7, 0xFF, 0x1F, 0x0E, 0x0C,
 288          //      0x08, 0x00, 0x00, 0x00}, // z
 289          //     {0x00, 0x00, 0x00, 0x00, 0x00, 0x00, 0x00, 0x00, 0x00, 0x00, 0x00, 0x00,
 290          //      0x00, 0x00, 0x00, 0x00}, // {
 291          //     {0x00, 0x00, 0x00, 0x00, 0x00, 0x00, 0x00, 0x00, 0x00, 0x00, 0x00, 0x00,
 292          //      0x00, 0x00, 0x00, 0x00}, // |
 293          //     {0x00, 0x00, 0x00, 0x00, 0x00, 0x00, 0x00, 0x00, 0x00, 0x00, 0x00, 0x00,
 294          //      0x00, 0x00, 0x00, 0x00}, // }
 295          //     {0x00, 0x00, 0x00, 0x00, 0x00, 0x00, 0x00, 0x00, 0x00, 0x00, 0x00, 0x00,
 296          //      0x00, 0x00, 0x00, 0x00} // ~
 297          // };
 298          
 299          // ==================== I2C 底层函数 ====================
 300          void I2C_Init(void) {
 301   1        SDA = 1;
C51 COMPILER V9.59.0.0   SSD13XX                                                           07/19/2026 19:31:00 PAGE 6   

 302   1        SCL = 1;
 303   1      }
 304          
 305          void I2C_Delay(void) {
 306   1        unsigned char i = 1;
 307   1        while (i--)
 308   1          ;
 309   1      }
 310          
 311          void I2C_Start(void) {
 312   1        SDA = 1;
 313   1        SCL = 1;
 314   1        I2C_Delay();
 315   1        SDA = 0;
 316   1        I2C_Delay();
 317   1        SCL = 0;
 318   1      }
 319          
 320          void I2C_Stop(void) {
 321   1        SDA = 0;
 322   1        SCL = 1;
 323   1        I2C_Delay();
 324   1        SDA = 1;
 325   1        I2C_Delay();
 326   1      }
 327          
 328          void I2C_SendByte(unsigned char byte) {
 329   1        unsigned char xdata i;
 330   1        for (i = 0; i < 8; i++) {
 331   2          SDA = (byte & 0x80) >> 7;
 332   2          byte <<= 1;
 333   2          SCL = 1;
 334   2          I2C_Delay();
 335   2          SCL = 0;
 336   2          I2C_Delay();
 337   2        }
 338   1        SDA = 1;
 339   1        I2C_Delay();
 340   1      }
 341          
 342          bit I2C_WaitAck(void) {
 343   1        bit ack;
 344   1        SDA = 1;
 345   1        I2C_Delay();
 346   1        SCL = 1;
 347   1        I2C_Delay();
 348   1        ack = SDA;
 349   1        SCL = 0;
 350   1        I2C_Delay();
 351   1        return ack;
 352   1      }
 353          
 354          //================ SSD13XX 基本命令/数据 ====================
 355          /***************************************************************************************************
 356           * 函数名: SSD13XX_WriteCommand
 357           * 描述: 向SSD13XX发送命令
 358           * 输入: command - 要发送的命令字节
 359           * 输出: 无
 360           * 返回: 无
 361           * 注意: 使用I2C接口发送命令，控制字节标识为命令类型
 362           **************************************************************************************************/
 363          void SSD13XX_WriteCommand(unsigned char command) {
C51 COMPILER V9.59.0.0   SSD13XX                                                           07/19/2026 19:31:00 PAGE 7   

 364   1        I2C_Start();
 365   1        I2C_SendByte(SSD13XX_I2C_ADDRESS << 1); // 发送器件地址+W
 366   1        I2C_WaitAck();
 367   1        I2C_SendByte(SSD13XX_CONTROL_BYTE_CMD_SINGLE); // 控制字节，表示后面是命令
 368   1        I2C_WaitAck();
 369   1        I2C_SendByte(command); // 发送命令
 370   1        I2C_WaitAck();
 371   1        I2C_Stop();
 372   1      }
 373          
 374          /***************************************************************************************************
 375           * 函数名: SSD13XX_WriteData
 376           * 描述: 向SSD13XX发送数据
 377           * 输入: dat - 要发送的数据字节
 378           * 输出: 无
 379           * 返回: 无
 380           * 注意: 使用I2C接口发送数据，控制字节标识为数据类型
 381           **************************************************************************************************/
 382          void SSD13XX_WriteData(unsigned char dat) {
 383   1        I2C_Start();
 384   1        I2C_SendByte(SSD13XX_I2C_ADDRESS << 1); // 发送器件地址+W
 385   1        I2C_WaitAck();
 386   1        I2C_SendByte(SSD13XX_CONTROL_BYTE_DATA_STREAM); // 控制字节，表示后面是数据
 387   1        I2C_WaitAck();
 388   1        I2C_SendByte(dat); // 发送数据
 389   1        I2C_WaitAck();
 390   1        I2C_Stop();
 391   1      }
 392          
 393          // ==================== 页管理 ====================
 394          /***************************************************************************************************
 395           * 函数名: SSD13XX_FlushPage
 396           * 描述: 将单页缓冲区内容刷新到指定页面
 397           * 输入: page - 要刷新的页号(0-7)
 398           * 输出: 无
 399           * 返回: 无
 400           * 注意: 将xdata区域的缓冲区内容发送到OLED显示屏的指定页
 401           **************************************************************************************************/
 402          void SSD13XX_FlushPage(unsigned char page) {
 403   1        unsigned char xdata col;
 404   1        SSD13XX_WriteCommand(0xB0 | page);
 405   1        SSD13XX_WriteCommand(0x00);
 406   1        SSD13XX_WriteCommand(0x10);
 407   1        for (col = 0; col < SSD13XX_PAGE_WIDTH; col++) {
 408   2          SSD13XX_WriteData(SSD13XX_PageBuffer[col]);
 409   2        }
 410   1      }
 411          
 412          /***************************************************************************************************
 413           * 函数名: SSD13XX_ClearPage
 414           * 描述: 清空指定页面
 415           * 输入: page - 要清空的页号(0-7)
 416           * 输出: 无
 417           * 返回: 无
 418           * 注意: 将缓冲区清零后刷新到指定页面
 419           **************************************************************************************************/
 420          void SSD13XX_ClearPage(unsigned char page) {
 421   1        unsigned char xdata i;
 422   1        for (i = 0; i < SSD13XX_PAGE_WIDTH; i++)
 423   1          SSD13XX_PageBuffer[i] = 0x00;
 424   1        SSD13XX_FlushPage(page);
 425   1      }
C51 COMPILER V9.59.0.0   SSD13XX                                                           07/19/2026 19:31:00 PAGE 8   

 426          
 427          /***************************************************************************************************
 428           * 函数名: SSD13XX_Clear
 429           * 描述: 清空整个显示屏
 430           * 输入: 无
 431           * 输出: 无
 432           * 返回: 无
 433           * 注意: 依次清空所有8个页面
 434           **************************************************************************************************/
 435          void SSD13XX_Clear(void) {
 436   1        unsigned char xdata page;
 437   1        for (page = 0; page < SSD13XX_PAGE_NUM; page++) {
 438   2          SSD13XX_ClearPage(page);
 439   2        }
 440   1      }
 441          
 442          // ==================== 内部辅助函数 ====================
 443          /***************************************************************************************************
 444           * 函数名: _DrawPixelOnPage
 445           * 描述: 在当前页缓冲区中绘制单个像素点（内部函数）
 446           * 输入: x - 像素点X坐标(0-127)
 447           *       y_in_page - 像素点在页内的Y坐标(0-7)
 448           *       color - 像素颜色(0=黑色/关闭, 1=白色/点亮)
 449           * 输出: 无
 450           * 返回: 无
 451           * 注意: 这是一个内部辅助函数，直接操作缓冲区
 452           **************************************************************************************************/
 453          static void _DrawPixelOnPage(unsigned char x, unsigned char y_in_page,
 454                                       unsigned char color) {
 455   1        unsigned char mask;
 456   1        if (x >= SSD13XX_WIDTH || y_in_page >= 8)
 457   1          return;
 458   1        mask = 1 << y_in_page;
 459   1        if (color)
 460   1          SSD13XX_PageBuffer[x] |= mask;
 461   1        else
 462   1          SSD13XX_PageBuffer[x] &= ~mask;
 463   1      }
 464          
 465          // ==================== 图形绘制 ====================
 466          /***************************************************************************************************
 467           * 函数名: SSD13XX_DrawPixel
 468           * 描述: 在指定坐标绘制单个像素点
 469           * 输入: x - 像素点X坐标(0-127)
 470           *       y - 像素点Y坐标(0-63)
 471           *       color - 像素颜色(0=黑色/关闭, 1=白色/点亮)
 472           * 输出: 无
 473           * 返回: 无
 474           * 注意: 自动计算像素所属页面并刷新该页面
 475           **************************************************************************************************/
 476          // void SSD13XX_DrawPixel(unsigned char x, unsigned char y, unsigned char color)
 477          // {
 478          //   unsigned char xdata page, row, i;
 479          //   page = y / 8;
 480          //   row = y % 8;
 481          //   for (i = 0; i < SSD13XX_PAGE_WIDTH; i++)
 482          //     SSD13XX_PageBuffer[i] = 0x00;
 483          //   _DrawPixelOnPage(x, row, color);
 484          //   SSD13XX_FlushPage(page);
 485          // }
 486          
 487          /***************************************************************************************************
C51 COMPILER V9.59.0.0   SSD13XX                                                           07/19/2026 19:31:00 PAGE 9   

 488           * 函数名: SSD13XX_DrawLine
 489           * 描述: 绘制一条直线
 490           * 输入: x1, y1 - 起始点坐标
 491           *       x2, y2 - 结束点坐标
 492           *       color - 线条颜色(0=黑色/关闭, 1=白色/点亮)
 493           * 输出: 无
 494           * 返回: 无
 495           * 注意: 使用Bresenham算法绘制直线，自动处理跨页情况
 496           **************************************************************************************************/
 497          void SSD13XX_DrawLine(unsigned char x1, unsigned char y1, unsigned char x2,
 498                                unsigned char y2, unsigned char color) {
 499   1        int idata dx, dy, stepX, stepY, err, x, y;
 500   1        unsigned char idata currentPage, row, page, i;
 501   1        dx = (x2 > x1) ? (x2 - x1) : (x1 - x2);
 502   1        dy = (y2 > y1) ? (y2 - y1) : (y1 - y2);
 503   1        stepX = (x2 >= x1) ? 1 : -1;
 504   1        stepY = (y2 >= y1) ? 1 : -1;
 505   1        err = dx - dy;
 506   1        x = x1;
 507   1        y = y1;
 508   1        currentPage = y / 8;
 509   1        for (i = 0; i < SSD13XX_PAGE_WIDTH; i++)
 510   1          SSD13XX_PageBuffer[i] = 0x00;
 511   1      
 512   1        while (1) {
 513   2          page = y / 8;
 514   2          row = y % 8;
 515   2          if (page != currentPage) {
 516   3            SSD13XX_FlushPage(currentPage);
 517   3            for (i = 0; i < SSD13XX_PAGE_WIDTH; i++)
 518   3              SSD13XX_PageBuffer[i] = 0x00;
 519   3            currentPage = page;
 520   3          }
 521   2          _DrawPixelOnPage(x, row, color);
 522   2          if (x == x2 && y == y2)
 523   2            break;
 524   2          if (err * 2 > -dy) {
 525   3            err -= dy;
 526   3            x += stepX;
 527   3          }
 528   2          if (err * 2 < dx) {
 529   3            err += dx;
 530   3            y += stepY;
 531   3          }
 532   2        }
 533   1        SSD13XX_FlushPage(currentPage);
 534   1      }
 535          
 536          /***************************************************************************************************
 537           * 函数名: SSD13XX_DrawRectangle
 538           * 描述: 绘制一个矩形框
 539           * 输入: x1, y1 - 矩形左上角坐标
 540           *       x2, y2 - 矩形右下角坐标
 541           *       color - 矩形线条颜色(0=黑色/关闭, 1=白色/点亮)
 542           * 输出: 无
 543           * 返回: 无
 544           * 注意: 绘制矩形的四条边，不填充内部
 545           **************************************************************************************************/
 546          void SSD13XX_DrawRectangle(unsigned char x1, unsigned char y1, unsigned char x2,
 547                                     unsigned char y2, unsigned char color) {
 548   1        SSD13XX_DrawLine(x1, y1, x2, y1, color);
 549   1        SSD13XX_DrawLine(x2, y1, x2, y2, color);
C51 COMPILER V9.59.0.0   SSD13XX                                                           07/19/2026 19:31:00 PAGE 10  

 550   1        SSD13XX_DrawLine(x1, y2, x2, y2, color);
 551   1        SSD13XX_DrawLine(x1, y1, x1, y2, color);
 552   1      }
 553          
 554          /***************************************************************************************************
 555           * 函数名: SSD13XX_DrawCircle
 556           * 描述: 绘制一个圆形
 557           * 输入: x0, y0 - 圆心坐标
 558           *       r - 圆的半径
 559           *       color - 圆形线条颜色(0=黑色/关闭, 1=白色/点亮)
 560           * 输出: 无
 561           * 返回: 无
 562           * 注意: 使用中点圆算法绘制圆形，不填充内部
 563           **************************************************************************************************/
 564          // void SSD13XX_DrawCircle(unsigned char x0, unsigned char y0, unsigned char r,
 565          //                         unsigned char color) {
 566          //   int idata x = 0, y = r, d = 3 - 2 * r;
 567          //   while (x <= y) {
 568          //     SSD13XX_DrawPixel(x0 + x, y0 + y, color);
 569          //     SSD13XX_DrawPixel(x0 + x, y0 - y, color);
 570          //     SSD13XX_DrawPixel(x0 - x, y0 + y, color);
 571          //     SSD13XX_DrawPixel(x0 - x, y0 - y, color);
 572          //     SSD13XX_DrawPixel(x0 + y, y0 + x, color);
 573          //     SSD13XX_DrawPixel(x0 + y, y0 - x, color);
 574          //     SSD13XX_DrawPixel(x0 - y, y0 + x, color);
 575          //     SSD13XX_DrawPixel(x0 - y, y0 - x, color);
 576          //     if (d < 0)
 577          //       d += 4 * x + 6;
 578          //     else {
 579          //       d += 4 * (x - y) + 10;
 580          //       y--;
 581          //     }
 582          //     x++;
 583          //   }
 584          // }
 585          
 586          /***************************************************************************************************
 587           * 函数名: SSD13XX_DrawBitmap
 588           * 描述: 在指定位置绘制位图
 589           * 输入: x, y - 位图绘制起始坐标
 590           *       bitmap - 位图数据指针
 591           *       width - 位图宽度(像素)
 592           *       height - 位图高度(像素)
 593           * 输出: 无
 594           * 返回: 无
 595           * 注意: 支持跨页绘制，按页为单位处理位图数据
 596           **************************************************************************************************/
 597          // void SSD13XX_DrawBitmap(unsigned char x, unsigned char y,
 598          //                         const unsigned char *bitmap, unsigned char width,
 599          //                         unsigned char height) {
 600          //   unsigned char page, col, row, dat;
 601          //   unsigned int offset = 0;
 602          //   for (page = 0; page < (height + 7) / 8; page++) {
 603          //     for (col = 0; col < width; col++) {
 604          //       if (x + col >= SSD13XX_WIDTH || y + page * 8 >= SSD13XX_HEIGHT) {
 605          //         offset++;
 606          //         continue;
 607          //       }
 608          //       dat = bitmap[offset++];
 609          //       for (row = 0; row < 8; row++) {
 610          //         if (y + page * 8 + row >= SSD13XX_HEIGHT)
 611          //           break;
C51 COMPILER V9.59.0.0   SSD13XX                                                           07/19/2026 19:31:00 PAGE 11  

 612          //         if (dat & (1 << row)) {
 613          //           SSD13XX_DrawPixel(x + col, y + page * 8 + row, 1);
 614          //         }
 615          //       }
 616          //     }
 617          //   }
 618          // }
 619          
 620          // ==================== 文本显示 ====================
 621          // void SSD1315_WriteChar(unsigned char x, unsigned char y, char c,
 622          //                        FontSize size) {
 623          //   unsigned char page, col, i;
 624          //   const unsigned char *font;
 625          //   if (size != FONT_8X8)
 626          //     return;
 627          //   if (y % 8 != 0)
 628          //     return;
 629          //   if (c < ' ' || c > '~')
 630          //     c = ' ';
 631          //   page = y / 8;
 632          //   col = x;
 633          //   font = SSD1315_Font8x8[c - ' '];
 634          
 635          //   SSD1315_WriteCommand(0xB0 | page);
 636          //   SSD1315_WriteCommand(col & 0x0F);
 637          //   SSD1315_WriteCommand(0x10 | (col >> 4));
 638          //   for (i = 0; i < 8; i++) {
 639          //     SSD1315_WriteData(font[i]);
 640          //   }
 641          // }
 642          /***************************************************************************************************
 643           * 函数名: SSD13XX_WriteChar
 644           * 描述: 在指定位置显示单个字符
 645           * 输入: x, y - 字符显示起始坐标
 646           *       c - 要显示的字符
 647           *       size - 字符大小(FONT_8X8或FONT_16X16)
 648           * 输出: 无
 649           * 返回: 无
 650           * 注意: 支持8x8和16x16两种字体大小，自动处理跨页显示
 651           **************************************************************************************************/
 652          void SSD13XX_WriteChar(unsigned char x, unsigned char y, char c,
 653                                 FontSize size) {
 654   1        unsigned char page, col, i;
 655   1        const unsigned char *font;
 656   1        if (c < ' ' || c > '~')
 657   1          c = ' ';
 658   1      
 659   1        if (size == FONT_8X8) {
 660   2          if (y % 8 != 0)
 661   2            return; // 必须页对齐
 662   2          page = y / 8;
 663   2          col = x;
 664   2          font = SSD13xx_Font8x8[c - ' '];
 665   2          SSD13XX_WriteCommand(0xB0 | page);
 666   2          SSD13XX_WriteCommand(col & 0x0F);
 667   2          SSD13XX_WriteCommand(0x10 | (col >> 4));
 668   2          for (i = 0; i < 8; i++) {
 669   3            SSD13XX_WriteData(font[i]);
 670   3          }
 671   2        } else if (size == FONT_16X16) {
 672   2          if (y % 8 != 0)
 673   2            return; // 16x16 也要求页对齐，避免跨更多页
C51 COMPILER V9.59.0.0   SSD13XX                                                           07/19/2026 19:31:00 PAGE 12  

 674   2          page = y / 8;
 675   2          col = x;
 676   2          // font = SSD13xx_Font16x16[c - ' '];
 677   2          font = SSD13xx_Font8x8[c - ' '];
 678   2          // 失能16x16字体，使用8x8字体显示 优化空间
 679   2          //  发送上半部分（第 0 ~ 7 行）
 680   2          SSD13XX_WriteCommand(0xB0 | page);
 681   2          SSD13XX_WriteCommand(col & 0x0F);
 682   2          SSD13XX_WriteCommand(0x10 | (col >> 4));
 683   2          for (i = 0; i < 8; i++) {
 684   3            SSD13XX_WriteData(font[i]);
 685   3          }
 686   2          // 发送下半部分（第 8 ~ 15 行）
 687   2          SSD13XX_WriteCommand(0xB0 | (page + 1));
 688   2          SSD13XX_WriteCommand(col & 0x0F);
 689   2          SSD13XX_WriteCommand(0x10 | (col >> 4));
 690   2          for (i = 8; i < 16; i++) {
 691   3            SSD13XX_WriteData(font[i]);
 692   3          }
 693   2        }
 694   1      }
 695          // void SSD1315_WriteString(unsigned char x, unsigned char y, char *str,
 696          // FontSize size) {
 697          
 698          //     unsigned char cx = x, cy = y;
 699          //  if (size != FONT_8X8) return;
 700          //     while (*str) {
 701          //         if (cx + 8 > SSD1315_WIDTH) {
 702          //             cx = 0;
 703          //             cy += 8;
 704          //             if (cy + 8 > SSD1315_HEIGHT) break;
 705          //         }
 706          //         SSD1315_WriteChar(cx, cy, *str, FONT_8X8);
 707          //         cx += 8;
 708          //         str++;
 709          //     }
 710          // }
 711          
 712          /***************************************************************************************************
 713           * 函数名: SSD13XX_WriteString
 714           * 描述: 在指定位置显示字符串
 715           * 输入: x, y - 字符串显示起始坐标
 716           *       str - 要显示的字符串指针
 717           *       size - 字符大小(FONT_8X8或FONT_16X16)
 718           * 输出: 无
 719           * 返回: 无
 720           * 注意: 自动处理换行，支持8x8和16x16字体
 721           **************************************************************************************************/
 722          void SSD13XX_WriteString(unsigned char x, unsigned char y, char *str,
 723                                   FontSize size) {
 724   1        unsigned char cx = x, cy = y;
 725   1        unsigned char char_width = (size == FONT_8X8) ? 8 : 16;
 726   1        unsigned char char_height = (size == FONT_8X8) ? 8 : 16;
 727   1      
 728   1        if (y % 8 != 0)
 729   1          return; // 简化：要求起始坐标页对齐
 730   1      
 731   1        while (*str) {
 732   2          if (cx + char_width > SSD13XX_WIDTH) {
 733   3            cx = 0;
 734   3            cy += char_height;
 735   3            if (cy + char_height > SSD13XX_HEIGHT)
C51 COMPILER V9.59.0.0   SSD13XX                                                           07/19/2026 19:31:00 PAGE 13  

 736   3              break;
 737   3          }
 738   2          SSD13XX_WriteChar(cx, cy, *str, size);
 739   2          cx += char_width;
 740   2          str++;
 741   2        }
 742   1      }
 743          
 744          /***************************************************************************************************
 745           * 函数名: SSD13XX_Init
 746           * 描述: 初始化SSD13XX OLED显示屏
 747           * 输入: 无
 748           * 输出: 无
 749           * 返回: 无
 750           * 注意: 配置显示参数，设置默认显示模式
 751           **************************************************************************************************/
 752          void SSD13XX_Init(void) {
 753   1        unsigned int i;
 754   1        I2C_Init();
 755   1        for (i = 0; i < 100; i++)
 756   1          I2C_Delay();
 757   1      
 758   1        SSD13XX_WriteCommand(SSD13XX_CMD_DISPLAY_OFF);
 759   1        SSD13XX_WriteCommand(SSD13XX_CMD_SET_DISPLAY_CLOCK_DIV);
 760   1        SSD13XX_WriteCommand(0x80);
 761   1        SSD13XX_WriteCommand(SSD13XX_CMD_SET_MULTIPLEX);
 762   1        SSD13XX_WriteCommand(SSD13XX_HEIGHT - 1);
 763   1        SSD13XX_WriteCommand(SSD13XX_CMD_SET_DISPLAY_OFFSET);
 764   1        SSD13XX_WriteCommand(0x00);
 765   1        SSD13XX_WriteCommand(SSD13XX_CMD_SET_START_LINE | 0x00);
 766   1        SSD13XX_WriteCommand(SSD13XX_CMD_CHARGE_PUMP);
 767   1        SSD13XX_WriteCommand(0x14);
 768   1        SSD13XX_WriteCommand(SSD13XX_CMD_MEMORY_MODE);
 769   1        SSD13XX_WriteCommand(0x00);
 770   1        SSD13XX_WriteCommand(SSD13XX_CMD_SEGREMAP);
 771   1        SSD13XX_WriteCommand(SSD13XX_CMD_COMSCAN_DEC);
 772   1        SSD13XX_WriteCommand(SSD13XX_CMD_SET_COMPINS);
 773   1        SSD13XX_WriteCommand(0x12);
 774   1        SSD13XX_WriteCommand(SSD13XX_CMD_SET_CONTRAST);
 775   1        SSD13XX_WriteCommand(0xCF);
 776   1        SSD13XX_WriteCommand(SSD13XX_CMD_SET_PRECHARGE);
 777   1        SSD13XX_WriteCommand(0xF1);
 778   1        SSD13XX_WriteCommand(SSD13XX_CMD_SET_VCOMDETECT);
 779   1        SSD13XX_WriteCommand(0x40);
 780   1        SSD13XX_WriteCommand(SSD13XX_CMD_DISPLAYALLON_RESUME);
 781   1        SSD13XX_WriteCommand(SSD13XX_CMD_NORMAL_DISPLAY);
 782   1        SSD13XX_WriteCommand(SSD13XX_CMD_DEACTIVATE_SCROLL);
 783   1        SSD13XX_WriteCommand(SSD13XX_CMD_DISPLAY_ON);
 784   1      
 785   1        I2C_Delay();
 786   1        SSD13XX_Clear();
 787   1      }
 788          
 789          /*固有组件*/
 790          /**
 791           * @brief 绘制一个进度条组件（占用一个Page，高度8像素）
 792           * @param x        组件左上角X坐标（通常为0）
 793           * @param y        组件左上角Y坐标（必须是8的倍数）
 794           * @param width    组件总宽度（像素）
 795           * @param left_str 左侧显示的字符串（如 "CPU"）
 796           * @param right_str 右侧显示的字符串（如 "67%"），可为NULL
 797           * @param percent  进度百分比（0~100）
C51 COMPILER V9.59.0.0   SSD13XX                                                           07/19/2026 19:31:00 PAGE 14  

 798           */
 799          // void Draw_ProgressBar_Component(unsigned char x, unsigned char y,
 800          //                                 unsigned char width, char *left_str,
 801          //                                 char *right_str, unsigned char percent) {
 802          //   unsigned char left_width, right_width, remaining_width, fill_width;
 803          //   unsigned char bar_start_x, bar_end_x;
 804          //   unsigned char i;
 805          
 806          //   // 参数检查：y必须为8的倍数，否则文本无法显示
 807          //   if (y % 8 != 0)
 808          //     return;
 809          //   if (percent > 100)
 810          //     percent = 100;
 811          //   if (width < 20)
 812          //     return; // 太窄无法绘制
 813          
 814          //   // 计算左右文本占据的像素宽度（每个字符8像素）
 815          //   left_width = (left_str != NULL) ? (strlen(left_str) * 8) : 0;
 816          //   right_width = (right_str != NULL) ? (strlen(right_str) * 8) : 0;
 817          
 818          //   // 剩余宽度用于进度条（左右各留1像素边距）
 819          //   remaining_width = width - left_width - right_width - 2; // 减2是两侧留白
 820          //   if (remaining_width < 10)
 821          //     remaining_width = 10; // 最小宽度
 822          
 823          //   // 进度条填充宽度
 824          //   fill_width = (remaining_width * percent) / 100;
 825          //   if (fill_width < 0)
 826          //     fill_width = 0;
 827          //   if (fill_width > remaining_width)
 828          //     fill_width = remaining_width;
 829          
 830          //   // 计算进度条的起始和结束坐标
 831          //   bar_start_x = x + left_width + 1;        // 左侧文本后空1像素
 832          //   bar_end_x = x + width - right_width - 1; // 右侧文本前空1像素
 833          
 834          //   // 绘制进度条外框（高度4px，从 y+2 到 y+5）
 835          //   SSD13XX_DrawRectangle(bar_start_x, y + 2, bar_end_x, y + 5, 1);
 836          
 837          //   // 绘制填充部分（内部用横线填充，填充区域为 bar_start_x+1 到
 838          //   // bar_start_x+fill_width，行范围为 y+2+1 到 y+5-1）
 839          //   if (fill_width > 0) {
 840          //     for (i = y + 3; i <= y + 4;
 841          //          i++) { // 绘制两行横线，使4px高度有较好的填充效果
 842          //       SSD13XX_DrawLine(bar_start_x + 1, i, bar_start_x + fill_width, i, 1);
 843          //     }
 844          //   }
 845          
 846          //   if (left_str != NULL) {
 847          //     SSD13XX_WriteString(x, y, left_str, FONT_8X8);
 848          //   }
 849          
 850          //   if (right_str != NULL) {
 851          //     unsigned char right_text_x = x + width - right_width;
 852          //     SSD13XX_WriteString(right_text_x, y, right_str, FONT_8X8);
 853          //   }
 854          // }
 855          // 测试
 856          
 857          // void SSD13XX_ShowAllChars(void) {
 858          //   unsigned char x, y;
 859          //   unsigned char ch;
C51 COMPILER V9.59.0.0   SSD13XX                                                           07/19/2026 19:31:00 PAGE 15  

 860          
 861          //   SSD13XX_Clear();
 862          
 863          //   for (ch = 32; ch <= 127; ch++) {
 864          
 865          //     x = (ch - 32) % 16 * 8;
 866          //     y = (ch - 32) / 16 * 8;
 867          //     SSD13XX_WriteChar(x, y, ch, FONT_8X8);
 868          //   }
 869          // }
 870          
 871          /**
 872           * @brief 双行进度条组件（占用2个Page，高度16像素）
 873           * @param x         左上角X坐标（通常为0）
 874           * @param y         左上角Y坐标（必须是8的倍数）
 875           * @param width     组件总宽度（像素）
 876           * @param title     第一行左侧标题字符串
 877           * @param title_right 第一行右侧字符串（可为NULL）
 878           * @param label     第二行左侧标签（可为NULL）
 879           * @param percent   第二行右侧显示的百分比数值（0-100）
 880           *
 881           * ★ 重写v2：全部用WriteString和直接写数据实现
 882           */
 883          void Draw_ProgressBar_Double(unsigned char x, unsigned char y,
 884                                       unsigned char width, char *title,
 885                                       char *title_right, char *label,
 886                                       unsigned char percent) {
 887   1        unsigned char col;
 888   1        unsigned char bar_start, bar_end, fill_len;
 889   1        unsigned char p_page, second_y;
 890   1        unsigned char label_len;
 891   1      
 892   1        // 必须页对齐
 893   1        if (y % 8 != 0)
 894   1          return;
 895   1        if (percent > 100)
 896   1          percent = 100;
 897   1        if (width < 30)
 898   1          return;
 899   1      
 900   1        second_y = y + 8;
 901   1      
 902   1        // ====== ★ 自动页刷新：先清除占用的2个页 ======
 903   1        SSD13XX_ClearPage(y / 8);
 904   1        SSD13XX_ClearPage(second_y / 8);
 905   1      
 906   1        // ====== 第一行文本 ======
 907   1        if (title != NULL)
 908   1          SSD13XX_WriteString(x, y, title, FONT_8X8);
 909   1        if (title_right != NULL) {
 910   2          unsigned char tr_len = 0;
 911   2          char *p = title_right;
 912   2          while (*p) {
 913   3            tr_len++;
 914   3            p++;
 915   3          }
 916   2          SSD13XX_WriteString(x + width - tr_len * 8, y, title_right, FONT_8X8);
 917   2        }
 918   1      
 919   1        // ====== 第二行左侧标签 ======
 920   1        if (label != NULL)
 921   1          SSD13XX_WriteString(x, second_y, label, FONT_8X8);
C51 COMPILER V9.59.0.0   SSD13XX                                                           07/19/2026 19:31:00 PAGE 16  

 922   1      
 923   1        // ====== 百分比字符串（右对齐，统一3位格式：百十个%或 空格十%） ======
 924   1        if (percent >= 100) {
 925   2          SSD13XX_WriteChar(x + width - 32, second_y, '0' + (percent / 100) % 10,
 926   2                            FONT_8X8);
 927   2          SSD13XX_WriteChar(x + width - 24, second_y, '0' + (percent / 10) % 10,
 928   2                            FONT_8X8);
 929   2          SSD13XX_WriteChar(x + width - 16, second_y, '0' + (percent % 10), FONT_8X8);
 930   2          SSD13XX_WriteChar(x + width - 8, second_y, '%', FONT_8X8);
 931   2          bar_end = x + width - 32;
 932   2        } else if (percent >= 10) {
 933   2          SSD13XX_WriteChar(x + width - 32, second_y, ' ', FONT_8X8);
 934   2          SSD13XX_WriteChar(x + width - 24, second_y, '0' + (percent / 10), FONT_8X8);
 935   2          SSD13XX_WriteChar(x + width - 16, second_y, '0' + (percent % 10), FONT_8X8);
 936   2          SSD13XX_WriteChar(x + width - 8, second_y, '%', FONT_8X8);
 937   2          bar_end = x + width - 32;
 938   2        } else {
 939   2          SSD13XX_WriteChar(x + width - 32, second_y, ' ', FONT_8X8);
 940   2          SSD13XX_WriteChar(x + width - 24, second_y, ' ', FONT_8X8);
 941   2          SSD13XX_WriteChar(x + width - 16, second_y, '0' + percent, FONT_8X8);
 942   2          SSD13XX_WriteChar(x + width - 8, second_y, '%', FONT_8X8);
 943   2          bar_end = x + width - 32;
 944   2        }
 945   1      
 946   1        // ====== 进度条：直接写像素数据 ======
 947   1        bar_start = x + 3;
 948   1        if (bar_end <= bar_start + 4)
 949   1          return;
 950   1      
 951   1        fill_len = ((bar_end - bar_start) * percent) / 100;
 952   1      
 953   1        // 设置OLED页地址到第二行所在的页
 954   1        p_page = second_y / 8;
 955   1        SSD13XX_WriteCommand(0xB0 | p_page);
 956   1        SSD13XX_WriteCommand(bar_start & 0x0F);
 957   1        SSD13XX_WriteCommand(0x10 | (bar_start >> 4));
 958   1      
 959   1        // 逐列写入进度条数据
 960   1        for (col = bar_start; col < bar_end; col++) {
 961   2          unsigned char pixel;
 962   2          if ((col - bar_start) < fill_len) {
 963   3            pixel = 0x3C;
 964   3          } else {
 965   3            pixel = 0x24;
 966   3          }
 967   2          SSD13XX_WriteData(pixel);
 968   2        }
 969   1      }
*** WARNING C280 IN LINE 890 OF DRIVER\ssd13xx.c: 'label_len': unreferenced local variable


MODULE INFORMATION:   STATIC OVERLAYABLE
   CODE SIZE        =   2097    ----
   CONSTANT SIZE    =    760    ----
   XDATA SIZE       =    128      51
   PDATA SIZE       =   ----    ----
   DATA SIZE        =   ----    ----
   IDATA SIZE       =   ----      18
   BIT SIZE         =   ----       1
END OF MODULE INFORMATION.


C51 COMPILATION COMPLETE.  2 WARNING(S),  0 ERROR(S)
