C51 COMPILER V9.59.0.0   IR_RECEIVE                                                        07/14/2026 14:18:47 PAGE 1   


C51 COMPILER V9.59.0.0, COMPILATION OF MODULE IR_RECEIVE
OBJECT MODULE PLACED IN .\Objects\ir_receive.obj
COMPILER INVOKED BY: D:\Keil_v5\C51\BIN\C51.EXE ir_receive.c OPTIMIZE(8,SPEED) BROWSE DEBUG OBJECTEXTEND PRINT(.\Listing
                    -s\ir_receive.lst) TABS(2) OBJECT(.\Objects\ir_receive.obj)

line level    source

   1          #include "ir_receive.h"
   2          
   3          // 红外接收相关变量
   4          unsigned char ir_raw_data[4];  // 存储红外接收的原始数据，共4字节
   5          bit ir_receive_complete = 0;   // 红外接收完成标志
   6          unsigned char ir_key_code = 0; // 解码后的按键编码
   7          
   8          // 定时器0计数变量
   9          unsigned int time_count = 0;
  10          // 数据位计数
  11          unsigned char bit_count = 0;
  12          // 接收状态
  13          unsigned char ir_state = 0;
  14          
  15          // 当主进程获取后清除
  16          uint8_t receive_flag = 0;
  17          
  18          // [DBG] 00 FF 30 CF Key:0x30
  19          // Unknown Key
  20          // [DBG] 00 FF 18 E7 Key:0x18
  21          // Running Light ON
  22          // [DBG] 00 FF 7A 85 Key:0x7A
  23          // Unknown Key
  24          // [DBG] 00 FF 10 EF Key:0x10
  25          // Unknown Key
  26          // [DBG] 00 FF 90 6F Key:0x90
  27          // Unknown Key
  28          // [DBG] 00 FF A8 57 Key:0xA8
  29          // Unknown Key
  30          // [DBG] 00 FF 02 FD Key:0x02
  31          // Unknown Key
  32          // [DBG] 00 FF C2 3D Key:0xC2
  33          // Unknown Key
  34          
  35          // 按键编码映射表（根据实际遥控器调整）
  36          code unsigned char IR_KEY_MAP[] = {
  37              0x00, // 无按键
  38              0x30, // 1 (CH1继电器)
  39              0x18, // 2 (CH2继电器)
  40              0x7A, // 3 (CH3继电器)
  41              0x10, // 4 (CH4继电器)
  42              0x90, // 5 (上键)
  43              0xA8, // 6 (下键)
  44              0x02, // 7 (左键)
  45              0xC2, // 8 (右键)
  46              0x00, // 9 (未使用)
  47              0x00  // 10 (未使用)
  48          };
  49          
  50          // 初始化红外接收
  51          void IR_Init(void) {
  52   1        IT0 = 1; // INT0(P3.2)下降沿触发
  53   1        EX0 = 1; // 使能INT0中断
  54   1        EA = 1;
C51 COMPILER V9.59.0.0   IR_RECEIVE                                                        07/14/2026 14:18:47 PAGE 2   

  55   1      
  56   1        // 初始化定时器0，用于测量脉冲宽度
  57   1        TMOD &= 0xF0;
  58   1        TMOD |= 0x01; // 定时器0工作在模式1 (16位定时器)
  59   1        TH0 = 0;
  60   1        TL0 = 0;
  61   1        TR0 = 1; // 启动定时器连续计数，每次下降沿读取并复位
  62   1      }
  63          
  64          void IR_ISR(void) interrupt 0 {
  65   1        uint16_t pulse_width;
  66   1      
  67   1        pulse_width = (TH0 << 8) | TL0; // 读取两次下降沿之间的时间
  68   1        TH0 = 0;
  69   1        TL0 = 0; // 复位定时器
  70   1      
  71   1        // 判断脉冲类型（11.0592MHz, 12T模式: 1tick ≈ 1.085µs）
  72   1        if (pulse_width > 11000 && pulse_width < 14000) {
  73   2          // 引导码: 9ms LOW + 4.5ms HIGH ≈ 13.5ms → ~12442 ticks
  74   2          bit_count = 0;
  75   2          ir_state = 1;
  76   2        } else if (ir_state == 1) {
  77   2          // 数据位
  78   2          if (pulse_width > 1800 && pulse_width < 2500) {
  79   3            // 位1: 560µs LOW + 1.69ms HIGH ≈ 2.25ms → ~2074 ticks
  80   3            ir_raw_data[bit_count / 8] |= (0x80 >> (bit_count % 8));
  81   3            bit_count++;
  82   3          } else if (pulse_width > 800 && pulse_width < 1300) {
  83   3            // 位0: 560µs LOW + 560µs HIGH ≈ 1.12ms → ~1032 ticks
  84   3            ir_raw_data[bit_count / 8] &= ~(0x80 >> (bit_count % 8));
  85   3            bit_count++;
  86   3          } else {
  87   3            // 无效脉冲（含重复码等情况），复位
  88   3            ir_state = 0;
  89   3            bit_count = 0;
  90   3          }
  91   2      
  92   2          if (bit_count >= 32) {
  93   3            // 验证数据有效性（地址码与地址反码、数据码与数据反码应互补）
  94   3            if ((ir_raw_data[0] ^ ir_raw_data[1]) == 0xFF &&
  95   3                (ir_raw_data[2] ^ ir_raw_data[3]) == 0xFF) {
  96   4              ir_key_code = ir_raw_data[2];
  97   4              ir_receive_complete = 1;
  98   4            }
  99   3            ir_state = 0;
 100   3            bit_count = 0;
 101   3          }
 102   2        }
 103   1        // 其他情况（第一个下降沿或噪声）忽略
 104   1      }
 105          
 106          // 获取解码后的按键编码
 107          unsigned char IR_GetKeyCode(void) {
 108   1        if (ir_receive_complete) {
 109   2          ir_receive_complete = 0; // 清除标志
 110   2          receive_flag = 1;        // 设置接收完成标志
 111   2          return ir_key_code;
 112   2        }
 113   1        return 0; // 无按键
 114   1      }
 115          
 116          // 获取数字按键值（0-9）
C51 COMPILER V9.59.0.0   IR_RECEIVE                                                        07/14/2026 14:18:47 PAGE 3   

 117          unsigned char IR_GetDigit(void) {
 118   1        unsigned char key_code = IR_GetKeyCode();
 119   1        unsigned char i;
 120   1      
 121   1        // 查找按键编码对应的数字
 122   1        for (i = 0; i < 11; i++) {
 123   2          if (IR_KEY_MAP[i] == key_code) {
 124   3            return i; // 返回数字（0-9）
 125   3          }
 126   2        }
 127   1        return 0xFF; // 非数字按键
 128   1      }
 129          
 130          uint8_t get_receive_flag() { return receive_flag; }
 131          
 132          void clear_receive_flag() { receive_flag = 0; }
 133          
 134          // 通过串口发送红外数据
 135          void IR_SendData(void) {
 136   1        if (ir_receive_complete) {
 137   2          UART_SendString("IR Data: ");
 138   2          UART_SendHex(ir_raw_data[0]); // 地址码
 139   2          UART_SendByte(' ');
 140   2          UART_SendHex(ir_raw_data[1]); // 地址反码
 141   2          UART_SendByte(' ');
 142   2          UART_SendHex(ir_raw_data[2]); // 数据码
 143   2          UART_SendByte(' ');
 144   2          UART_SendHex(ir_raw_data[3]); // 数据反码
 145   2          UART_SendString(" Key: ");
 146   2          UART_SendHex(ir_key_code); // 按键编码
 147   2          UART_SendString("\r\n");
 148   2          ir_receive_complete = 0; // 清除标志
 149   2        }
 150   1      }


MODULE INFORMATION:   STATIC OVERLAYABLE
   CODE SIZE        =    369    ----
   CONSTANT SIZE    =     31    ----
   XDATA SIZE       =   ----    ----
   PDATA SIZE       =   ----    ----
   DATA SIZE        =     10    ----
   IDATA SIZE       =   ----    ----
   BIT SIZE         =      1    ----
END OF MODULE INFORMATION.


C51 COMPILATION COMPLETE.  0 WARNING(S),  0 ERROR(S)
