C51 COMPILER V9.59.0.0   MAIN                                                              07/13/2026 20:02:08 PAGE 1   


C51 COMPILER V9.59.0.0, COMPILATION OF MODULE MAIN
OBJECT MODULE PLACED IN .\Objects\main.obj
COMPILER INVOKED BY: D:\Keil_v5\C51\BIN\C51.EXE main.c OPTIMIZE(8,SPEED) BROWSE DEBUG OBJECTEXTEND PRINT(.\Listings\main
                    -.lst) TABS(2) OBJECT(.\Objects\main.obj)

line level    source

   1          #include "delay.h"
   2          #include "ir_receive.h"
   3          #include "relay.h"
   4          #include "stc15w.h"
   5          #include "uart.h"
   6          
   7          void main() {
   8   1        uint8_t cmd_flag = 0;
   9   1        uint8_t digit;
  10   1      UART_Init();
  11   1          UART_SendString((uint8_t *)"Booting ....");
  12   1      
  13   1        /*初始化位*/
  14   1        init_relays();
  15   1        IR_Init();
  16   1        
  17   1        /*自检*/
  18   1        UART_SendString((uint8_t *)"Booted Relay Self-Checking ....");
  19   1        Delay_ms(500);
  20   1        Relay_self_checking_relays();
  21   1        UART_SendString((uint8_t *)"Relay Self-Checking Completed.");
  22   1        Relay_set_ao_led();
  23   1        while (1) {
  24   2          Relay_set_ao_led();
  25   2          if (ir_receive_complete) {
  26   3            digit = IR_GetDigit();
  27   3            if (digit <= 4) // 仅处理1-4的数字按键
  28   3            {
  29   4              Relay_toggle(digit); // 切换对应继电器状态
  30   4              UART_SendString((uint8_t *)"Toggled Relay ");
  31   4              cmd_flag = Relay_ir_key_code_map_to_channel(digit);
  32   4              if (cmd_flag != 0)
  33   4                UART_SendString((uint8_t *)"Unknown Command\n");
  34   4      
  35   4              UART_SendByte('0' + digit); // 发送继电器编号
  36   4              UART_SendByte('\n');
  37   4            } else {
  38   4              UART_SendString((uint8_t *)"Received Non-Digit Key\n");
  39   4            }
  40   3          }
  41   2        }
  42   1      }


MODULE INFORMATION:   STATIC OVERLAYABLE
   CODE SIZE        =    128    ----
   CONSTANT SIZE    =    132    ----
   XDATA SIZE       =   ----    ----
   PDATA SIZE       =   ----    ----
   DATA SIZE        =   ----       2
   IDATA SIZE       =   ----    ----
   BIT SIZE         =   ----    ----
END OF MODULE INFORMATION.


C51 COMPILATION COMPLETE.  0 WARNING(S),  0 ERROR(S)
