C51 COMPILER V9.59.0.0   D12864                                                            09/12/2026 21:49:23 PAGE 1   


C51 COMPILER V9.59.0.0, COMPILATION OF MODULE D12864
OBJECT MODULE PLACED IN .\Objects\d12864.obj
COMPILER INVOKED BY: D:\Keil_v5\C51\BIN\C51.EXE Display\d12864.c LARGE OPTIMIZE(8,SPEED) BROWSE INCDIR(.\Display) DEBUG 
                    -OBJECTEXTEND PRINT(.\Listings\d12864.lst) TABS(2) OBJECT(.\Objects\d12864.obj)

line level    source

   1          #include "d12864.h"
   2          
   3          /* ================= 延时函数 ================= */
   4          void delay(uint n_ms)
   5          {
   6   1          uint j, k;
   7   1          for (j = 0; j < n_ms; j++)
   8   1              for (k = 0; k < 110; k++);
   9   1      }
  10          
  11          void delay_us(uint n_us)
  12          {
  13   1          uint j, k;
  14   1          for (j = 0; j < n_us; j++)
  15   1              for (k = 0; k < 1; k++);
  16   1      }
  17          
  18          /* ================= LCD 底层串行传输 ================= */
  19          /* 写指令到LCD模块 */
  20          void transfer_command_lcd(uchar data1)
  21          {
  22   1          char i;
  23   1          LCD_CS = 0;
  24   1          LCD_AO = 0;           /* 指令模式 */
  25   1          for (i = 0; i < 8; i++)
  26   1          {
  27   2              LCD_SCL = 0;
  28   2              if (data1 & 0x80) LCD_SDA = 1;
  29   2              else              LCD_SDA = 0;
  30   2              LCD_SCL = 1;
  31   2              data1 <<= 1;
  32   2          }
  33   1          LCD_CS = 1;
  34   1      }
  35          
  36          /* 写数据到LCD模块 */
  37          void transfer_data_lcd(uchar data1)
  38          {
  39   1          char i;
  40   1          LCD_CS = 0;
  41   1          LCD_AO = 1;           /* 数据模式 */
  42   1          for (i = 0; i < 8; i++)
  43   1          {
  44   2              LCD_SCL = 0;
  45   2              if (data1 & 0x80) LCD_SDA = 1;
  46   2              else              LCD_SDA = 0;
  47   2              LCD_SCL = 1;
  48   2              data1 <<= 1;
  49   2          }
  50   1          LCD_CS = 1;
  51   1      }
  52          
  53          /* ================= LCD 初始化 ================= */
  54          void initial_lcd(void)
C51 COMPILER V9.59.0.0   D12864                                                            09/12/2026 21:49:23 PAGE 2   

  55          {
  56   1          LCD_RST = 0;          /* 低电平复位 */
  57   1          delay(100);
  58   1          LCD_RST = 1;          /* 复位完毕 */
  59   1          delay(100);
  60   1      
  61   1          transfer_command_lcd(0xE2);  /* 软复位 */
  62   1          delay(5);
  63   1          transfer_command_lcd(0x2C);  /* 升压步骤 1 */
  64   1          delay(50);
  65   1          transfer_command_lcd(0x2E);  /* 升压步骤 2 */
  66   1          delay(50);
  67   1          transfer_command_lcd(0x2F);  /* 升压步骤 3 */
  68   1          delay(5);
  69   1          transfer_command_lcd(0x23);  /* 粗调对比度 0x20~0x27 */
  70   1          transfer_command_lcd(0x81);  /* 微调对比度 */
  71   1          transfer_command_lcd(0x28);  /* 微调对比度值 0x00~0x3F */
  72   1          transfer_command_lcd(0xA2);  /* 1/9 偏压比 */
  73   1          transfer_command_lcd(0xC8);  /* 行扫描: 从上到下 */
  74   1          transfer_command_lcd(0xA0);  /* 列扫描: 从左到右 */
  75   1          transfer_command_lcd(0x40);  /* 起始行: 第一行 */
  76   1          transfer_command_lcd(0xAF);  /* 开显示 */
  77   1      }
  78          
  79          /* 设置页地址与列地址 */
  80          void lcd_address(uchar page, uchar column)
  81          {
  82   1          column = column - 0x01;
  83   1          transfer_command_lcd(0xB0 + page - 1);              /* 页地址 */
  84   1          transfer_command_lcd(0x10 + (column >> 4 & 0x0F));  /* 列地址高4位 */
  85   1          transfer_command_lcd(column & 0x0F);                /* 列地址低4位 */
  86   1      }
  87          
  88          /* 全屏清屏 */
  89          void clear_screen(void)
  90          {
  91   1          uchar i, j;
  92   1          for (i = 0; i < 9; i++)
  93   1          {
  94   2              transfer_command_lcd(0xB0 + i);
  95   2              transfer_command_lcd(0x10);
  96   2              transfer_command_lcd(0x00);
  97   2              for (j = 0; j < 132; j++)
  98   2                  transfer_data_lcd(0x00);
  99   2          }
 100   1      }
 101          
 102          /* ================= 图形显示 ================= */
 103          /* 128x64 整屏图像 */
 104          void display_128x64(uchar *dp)
 105          {
 106   1          uint i, j;
 107   1          for (j = 0; j < 8; j++)
 108   1          {
 109   2              lcd_address(j + 1, 1);
 110   2              for (i = 0; i < 128; i++)
 111   2              {
 112   3                  transfer_data_lcd(*dp);
 113   3                  dp++;
 114   3              }
 115   2          }
 116   1      }
C51 COMPILER V9.59.0.0   D12864                                                            09/12/2026 21:49:23 PAGE 3   

 117          
 118          /* 16x16 点阵(汉字/图标) */
 119          void display_graphic_16x16(uchar page, uchar column, uchar *dp)
 120          {
 121   1          uint i, j;
 122   1          for (j = 0; j < 2; j++)
 123   1          {
 124   2              lcd_address(page + j, column);
 125   2              for (i = 0; i < 16; i++)
 126   2              {
 127   3                  transfer_data_lcd(*dp);
 128   3                  dp++;
 129   3              }
 130   2          }
 131   1      }
 132          
 133          /* 8x16 点阵(ASCII/图标) */
 134          void display_graphic_8x16(uchar page, uchar column, uchar *dp)
 135          {
 136   1          uint i, j;
 137   1          for (j = 0; j < 2; j++)
 138   1          {
 139   2              lcd_address(page + j, column);
 140   2              for (i = 0; i < 8; i++)
 141   2              {
 142   3                  transfer_data_lcd(*dp);
 143   3                  dp++;
 144   3              }
 145   2          }
 146   1      }
 147          
 148          /* 5x8 点阵(ASCII/图标) */
 149          void display_graphic_5x8(uchar page, uchar column, uchar *dp)
 150          {
 151   1          uint i;
 152   1          lcd_address(page, column);
 153   1          for (i = 0; i < 6; i++)
 154   1          {
 155   2              transfer_data_lcd(*dp);
 156   2              dp++;
 157   2          }
 158   1      }
 159          
 160          /* ================= 字库 IC 操作 ================= */
 161          /* 送指令到字库IC */
 162          void send_command_to_ROM(uchar datu)
 163          {
 164   1          uchar i;
 165   1          for (i = 0; i < 8; i++)
 166   1          {
 167   2              ROM_SCK = 0;
 168   2              delay_us(10);
 169   2              if (datu & 0x80) ROM_IN = 1;
 170   2              else             ROM_IN = 0;
 171   2              datu <<= 1;
 172   2              ROM_SCK = 1;
 173   2              delay_us(10);
 174   2          }
 175   1      }
 176          
 177          /* 从字库IC读取1字节 */
 178          uchar get_data_from_ROM(void)
C51 COMPILER V9.59.0.0   D12864                                                            09/12/2026 21:49:23 PAGE 4   

 179          {
 180   1          uchar i;
 181   1          uchar ret_data = 0;
 182   1          for (i = 0; i < 8; i++)
 183   1          {
 184   2              ROM_OUT = 1;
 185   2              ROM_SCK = 0;
 186   2              ret_data <<= 1;
 187   2              if (ROM_OUT) ret_data |= 0x01;
 188   2              ROM_SCK = 1;
 189   2          }
 190   1          return ret_data;
 191   1      }
 192          
 193          /* 从字库IC读出16x16点阵并显示 */
 194          void get_and_write_16x16(ulong fontaddr, uchar page, uchar column)
 195          {
 196   1          uchar i, j, disp_data;
 197   1          ROM_CS = 0;
 198   1          send_command_to_ROM(0x03);
 199   1          send_command_to_ROM((fontaddr & 0xFF0000) >> 16);
 200   1          send_command_to_ROM((fontaddr & 0xFF00) >> 8);
 201   1          send_command_to_ROM(fontaddr & 0xFF);
 202   1          for (j = 0; j < 2; j++)
 203   1          {
 204   2              lcd_address(page + j, column);
 205   2              for (i = 0; i < 16; i++)
 206   2              {
 207   3                  disp_data = get_data_from_ROM();
 208   3                  transfer_data_lcd(disp_data);
 209   3              }
 210   2          }
 211   1          ROM_CS = 1;
 212   1      }
 213          
 214          /* 从字库IC读出8x16点阵并显示 */
 215          void get_and_write_8x16(ulong fontaddr, uchar page, uchar column)
 216          {
 217   1          uchar i, j, disp_data;
 218   1          ROM_CS = 0;
 219   1          send_command_to_ROM(0x03);
 220   1          send_command_to_ROM((fontaddr & 0xFF0000) >> 16);
 221   1          send_command_to_ROM((fontaddr & 0xFF00) >> 8);
 222   1          send_command_to_ROM(fontaddr & 0xFF);
 223   1          for (j = 0; j < 2; j++)
 224   1          {
 225   2              lcd_address(page + j, column);
 226   2              for (i = 0; i < 8; i++)
 227   2              {
 228   3                  disp_data = get_data_from_ROM();
 229   3                  transfer_data_lcd(disp_data);
 230   3              }
 231   2          }
 232   1          ROM_CS = 1;
 233   1      }
 234          
 235          /* 从字库IC读出5x8点阵并显示 */
 236          void get_and_write_5x8(ulong fontaddr, uchar page, uchar column)
 237          {
 238   1          uchar i, disp_data;
 239   1          ROM_CS = 0;
 240   1          send_command_to_ROM(0x03);
C51 COMPILER V9.59.0.0   D12864                                                            09/12/2026 21:49:23 PAGE 5   

 241   1          send_command_to_ROM((fontaddr & 0xFF0000) >> 16);
 242   1          send_command_to_ROM((fontaddr & 0xFF00) >> 8);
 243   1          send_command_to_ROM(fontaddr & 0xFF);
 244   1          lcd_address(page, column);
 245   1          for (i = 0; i < 5; i++)
 246   1          {
 247   2              disp_data = get_data_from_ROM();
 248   2              transfer_data_lcd(disp_data);
 249   2          }
 250   1          ROM_CS = 1;
 251   1      }
 252          
 253          /* ================= 字符串显示 ================= */
 254          /* 显示GB2312字符串(16x16汉字 / 8x16 ASCII) */
 255          void display_GB2312_string(uchar page, uchar column, uchar *text)
 256          {
 257   1          uchar i = 0;
 258   1          ulong fontaddr;
 259   1          while (text[i] > 0x00)
 260   1          {
 261   2              if (((text[i] >= 0xB0) && (text[i] <= 0xF7)) && (text[i + 1] >= 0xA1))
 262   2              {
 263   3                  /* GB2312 简体汉字地址: ((MSB-0xB0)*94 + (LSB-0xA1) + 846) * 32 */
 264   3                  fontaddr  = (text[i] - 0xB0) * 94;
 265   3                  fontaddr += (text[i + 1] - 0xA1) + 846;
 266   3                  fontaddr  = (ulong)(fontaddr * 32);
 267   3                  get_and_write_16x16(fontaddr, page, column);
 268   3                  i += 2;
 269   3                  column += 16;
 270   3              }
 271   2              else if (((text[i] >= 0xA1) && (text[i] <= 0xA3)) && (text[i + 1] >= 0xA1))
 272   2              {
 273   3                  /* GB2312 15x16 字符地址: ((MSB-0xA1)*94 + (LSB-0xA1)) * 32 */
 274   3                  fontaddr  = (text[i] - 0xA1) * 94;
 275   3                  fontaddr += (text[i + 1] - 0xA1);
 276   3                  fontaddr  = (ulong)(fontaddr * 32);
 277   3                  get_and_write_16x16(fontaddr, page, column);
 278   3                  i += 2;
 279   3                  column += 16;
 280   3              }
 281   2              else if ((text[i] >= 0x20) && (text[i] <= 0x7E))
 282   2              {
 283   3                  /* 8x16 ASCII 基址 0x3CF80 */
 284   3                  fontaddr  = (text[i] - 0x20);
 285   3                  fontaddr  = (ulong)(fontaddr * 16);
 286   3                  fontaddr  = (ulong)(fontaddr + 0x3CF80);
 287   3                  get_and_write_8x16(fontaddr, page, column);
 288   3                  i += 1;
 289   3                  column += 8;
 290   3              }
 291   2              else
 292   2              {
 293   3                  i++;
 294   3              }
 295   2          }
 296   1      }
 297          
 298          /* 显示5x8 ASCII字符串 */
 299          void display_string_5x8(uchar page, uchar column, uchar *text)
 300          {
 301   1          uchar i = 0;
 302   1          ulong fontaddr;
C51 COMPILER V9.59.0.0   D12864                                                            09/12/2026 21:49:23 PAGE 6   

 303   1          while (text[i] > 0x00)
 304   1          {
 305   2              if ((text[i] >= 0x20) && (text[i] <= 0x7E))
 306   2              {
 307   3                  /* 5x8 ASCII 基址 0x3BFC0 */
 308   3                  fontaddr  = (text[i] - 0x20);
 309   3                  fontaddr  = (ulong)(fontaddr * 8);
 310   3                  fontaddr  = (ulong)(fontaddr + 0x3BFC0);
 311   3                  get_and_write_5x8(fontaddr, page, column);
 312   3                  i += 1;
 313   3                  column += 6;
 314   3              }
 315   2              else
 316   2              {
 317   3                  i++;
 318   3              }
 319   2          }
 320   1      }
 321          
 322          /* ============================================================
 323           *  新增函数: 字库通用读取 + 三种字号字符串显示
 324           *  自查要点:
 325           *   - fontaddr 使用 unsigned long, 防止8位变量溢出
 326           *   - 16点阵汉字写连续2个page(page, page+1), 避免只显示半个
 327           *   - LCD SPI 引脚 (LCD_SCL/LCD_SDA) 与 字库ROM SPI 引脚
 328           *     (ROM_SCK/ROM_IN/ROM_OUT) 完全独立, 不共用
 329           *   - 字库读取使用指令 0x03, 24位地址顺序: 高8 -> 中8 -> 低8
 330           *   - 点阵竖置横排, 读取后直接送LCD, 不翻转字节
 331           *   - 边界判断: page 1~8, col 1~128, 超出则跳过该字符
 332           * ============================================================ */
 333          
 334          /*
 335           * 函数: rom_read_bytes
 336           * 输入: addr  - 字库ROM 24位起始地址 (unsigned long)
 337           *       buf   - 数据存放缓冲区指针
 338           *       n     - 读取字节数 (1~255)
 339           * 输出: 无 (数据写入 buf)
 340           * 说明: 从字库ROM指定24bit地址连续读取n个字节.
 341           *       使用SPI读指令 0x03, 地址发送顺序: 高8位->中8位->低8位.
 342           *       引脚: ROM_CS(P1.5), ROM_SCK(P1.4), ROM_IN(P1.2), ROM_OUT(P1.3)
 343           */
 344          void rom_read_bytes(ulong addr, uchar *buf, uchar n)
 345          {
 346   1          uchar i;
 347   1          ROM_CS = 0;                                  /* 片选选中字库IC */
 348   1          send_command_to_ROM(0x03);                   /* 读数据指令 */
 349   1          send_command_to_ROM((uchar)((addr >> 16) & 0xFF));  /* 地址高8位 */
 350   1          send_command_to_ROM((uchar)((addr >> 8)  & 0xFF));  /* 地址中8位 */
 351   1          send_command_to_ROM((uchar)( addr        & 0xFF));  /* 地址低8位 */
 352   1          for (i = 0; i < n; i++)
 353   1          {
 354   2              buf[i] = get_data_from_ROM();
 355   2          }
 356   1          ROM_CS = 1;                                  /* 释放片选 */
 357   1      }
 358          
 359          /*
 360           * 函数: show_str_16x16
 361           * 输入: page - 起始页 (1~8, 因为汉字占2页, page最大为7)
 362           *       col  - 起始列 (1~128)
 363           *       buf  - 字符串指针 (GB2312编码, 含\0结束)
 364           * 输出: 无
C51 COMPILER V9.59.0.0   D12864                                                            09/12/2026 21:49:23 PAGE 7   

 365           * 说明: 显示15x16大号GB2312汉字 (占16列宽, 2个page).
 366           *       遇到ASCII字符(0x20~0x7E)自动切换为8x16点阵 (占8列宽).
 367           *       边界: page+1<=8 且 col+宽度<=128 才显示, 否则跳过.
 368           */
 369          void show_str_16x16(uchar page, uchar col, uchar *buf)
 370          {
 371   1          uchar i = 0;
 372   1          ulong fontaddr;
 373   1          uchar  tmp[32];    /* 最大16x16=32字节 */
 374   1          uchar  j, k;
 375   1      
 376   1          /* 起始页越界: 汉字需要2页, 所以 page 必须 <= 7 */
 377   1          if (page < 1 || page > (LCD_PAGES - 1)) return;
 378   1          if (col  < 1 || col  > LCD_WIDTH)       return;
 379   1      
 380   1          while (buf[i] != 0)
 381   1          {
 382   2              /* ---- GB2312 汉字 (16x16) ---- */
 383   2              if ((buf[i] >= 0xB0 && buf[i] <= 0xF7) && (buf[i+1] >= 0xA1))
 384   2              {
 385   3                  /* 边界: 剩余列数 >= 16 才显示 */
 386   3                  if (col > (LCD_WIDTH - 16 + 1)) break;
 387   3                  /* 地址计算: ((MSB-0xB0)*94 + (LSB-0xA1) + 846) * 32 */
 388   3                  fontaddr  = (ulong)(buf[i]   - 0xB0) * 94;
 389   3                  fontaddr += (ulong)(buf[i+1] - 0xA1) + GB16_OFFSET;
 390   3                  fontaddr *= 32;
 391   3                  rom_read_bytes(fontaddr, tmp, 32);      /* 读32字节点阵 */
 392   3                  /* 写2个连续page: page 和 page+1 */
 393   3                  for (j = 0; j < 2; j++)
 394   3                  {
 395   4                      lcd_address(page + j, col);
 396   4                      for (k = 0; k < 16; k++)
 397   4                      {
 398   5                          transfer_data_lcd(tmp[j * 16 + k]);  /* 竖置横排, 直接发送 */
 399   5                      }
 400   4                  }
 401   3                  col += 16;
 402   3                  i   += 2;
 403   3              }
 404   2              /* ---- GB2312 符号区 A1~A3 (16x16) ---- */
 405   2              else if ((buf[i] >= 0xA1 && buf[i] <= 0xA3) && (buf[i+1] >= 0xA1))
 406   2              {
 407   3                  if (col > (LCD_WIDTH - 16 + 1)) break;
 408   3                  fontaddr  = (ulong)(buf[i]   - 0xA1) * 94;
 409   3                  fontaddr += (ulong)(buf[i+1] - 0xA1);
 410   3                  fontaddr *= 32;
 411   3                  rom_read_bytes(fontaddr, tmp, 32);
 412   3                  for (j = 0; j < 2; j++)
 413   3                  {
 414   4                      lcd_address(page + j, col);
 415   4                      for (k = 0; k < 16; k++)
 416   4                          transfer_data_lcd(tmp[j * 16 + k]);
 417   4                  }
 418   3                  col += 16;
 419   3                  i   += 2;
 420   3              }
 421   2              /* ---- ASCII 自动切换 8x16 ---- */
 422   2              else if (buf[i] >= 0x20 && buf[i] <= 0x7E)
 423   2              {
 424   3                  if (col > (LCD_WIDTH - 8 + 1)) break;
 425   3                  fontaddr  = (ulong)(buf[i] - 0x20) * 16;
 426   3                  fontaddr += ASCII8_BASE;
C51 COMPILER V9.59.0.0   D12864                                                            09/12/2026 21:49:23 PAGE 8   

 427   3                  rom_read_bytes(fontaddr, tmp, 16);      /* 读16字节点阵 */
 428   3                  for (j = 0; j < 2; j++)
 429   3                  {
 430   4                      lcd_address(page + j, col);
 431   4                      for (k = 0; k < 8; k++)
 432   4                          transfer_data_lcd(tmp[j * 8 + k]);
 433   4                  }
 434   3                  col += 8;
 435   3                  i   += 1;
 436   3              }
 437   2              else
 438   2              {
 439   3                  i++;   /* 非法字符跳过 */
 440   3              }
 441   2          }
 442   1      }
 443          
 444          /*
 445           * 函数: show_str_8x16
 446           * 输入: page - 起始页 (1~7, 字符高16像素占2页)
 447           *       col  - 起始列 (1~128)
 448           *       buf  - 字符串指针 (GB2312编码)
 449           * 输出: 无
 450           * 说明: 中号字符显示. 汉字16列宽(16x16), 英文8列宽(8x16).
 451           *       高度均为16像素(2个page).
 452           *       边界保护同 show_str_16x16.
 453           */
 454          void show_str_8x16(uchar page, uchar col, uchar *buf)
 455          {
 456   1          /* 8x16 中号与 16x16 大号使用相同的字库与尺寸,
 457   1             汉字16x16占16列, ASCII 8x16占8列, 高度均为2页 */
 458   1          show_str_16x16(page, col, buf);
 459   1      }
 460          
 461          /*
 462           * 函数: show_str_5x7
 463           * 输入: page - 页号 (1~8, 5x7字符高8像素占1页)
 464           *       col  - 起始列 (1~128)
 465           *       buf  - 字符串指针 (仅ASCII 0x20~0x7E有效)
 466           * 输出: 无
 467           * 说明: 小号ASCII字符显示, 每个字符宽5列+1列间距=6列,
 468           *       高8像素占1个page. 非ASCII字符自动跳过.
 469           *       边界: col+6 <= 128 才显示.
 470           */
 471          void show_str_5x7(uchar page, uchar col, uchar *buf)
 472          {
 473   1          uchar i = 0;
 474   1          ulong fontaddr;
 475   1          uchar  tmp[8];    /* 5x7 字符占5字节, 留余量 */
 476   1          uchar  k;
 477   1      
 478   1          /* 边界检查 */
 479   1          if (page < 1 || page > LCD_PAGES) return;
 480   1          if (col  < 1 || col  > LCD_WIDTH) return;
 481   1      
 482   1          while (buf[i] != 0)
 483   1          {
 484   2              if (buf[i] >= 0x20 && buf[i] <= 0x7E)
 485   2              {
 486   3                  /* 边界: 剩余列数 >= 6 (5数据列+1间距) 才显示 */
 487   3                  if (col > (LCD_WIDTH - 6 + 1)) break;
 488   3                  /* 地址计算: (char - 0x20) * 8 + ASCII5_BASE */
C51 COMPILER V9.59.0.0   D12864                                                            09/12/2026 21:49:23 PAGE 9   

 489   3                  fontaddr  = (ulong)(buf[i] - 0x20) * 8;
 490   3                  fontaddr += ASCII5_BASE;
 491   3                  rom_read_bytes(fontaddr, tmp, 5);       /* 读5字节点阵 */
 492   3                  lcd_address(page, col);
 493   3                  for (k = 0; k < 5; k++)
 494   3                      transfer_data_lcd(tmp[k]);          /* 竖置横排直接发送 */
 495   3                  transfer_data_lcd(0x00);                /* 1列间距 */
 496   3                  col += 6;
 497   3                  i   += 1;
 498   3              }
 499   2              else
 500   2              {
 501   3                  i++;   /* 非ASCII跳过 */
 502   3              }
 503   2          }
 504   1      }


MODULE INFORMATION:   STATIC OVERLAYABLE
   CODE SIZE        =   3543    ----
   CONSTANT SIZE    =   ----    ----
   XDATA SIZE       =   ----     135
   PDATA SIZE       =   ----    ----
   DATA SIZE        =   ----    ----
   IDATA SIZE       =   ----    ----
   BIT SIZE         =   ----    ----
END OF MODULE INFORMATION.


C51 COMPILATION COMPLETE.  0 WARNING(S),  0 ERROR(S)
