C51 COMPILER V9.59.0.0   DELAY                                                             10/06/2026 16:37:35 PAGE 1   


C51 COMPILER V9.59.0.0, COMPILATION OF MODULE DELAY
OBJECT MODULE PLACED IN .\Objects\delay.obj
COMPILER INVOKED BY: D:\Keil_v5\C51\BIN\C51.EXE system\delay.c LARGE OPTIMIZE(8,SPEED) BROWSE INCDIR(.\Display;.\hardwar
                    -e;.\system) DEBUG OBJECTEXTEND PRINT(.\Listings\delay.lst) TABS(2) OBJECT(.\Objects\delay.obj)

line level    source

   1          #include "delay.h"
   2          
   3          
   4          void Delay1ms(void) //@22.1184MHz
   5          {
   6   1        unsigned char data i, j;
   7   1      
   8   1        _nop_();
   9   1        i = 4;
  10   1        j = 146;
  11   1        do
  12   1        {
  13   2          while (--j);
  14   2        } while (--i);
  15   1      }
  16          
  17          
  18          void delay_ms(uint16_t ms)
  19          {
  20   1          while(ms--)
  21   1          {
  22   2              Delay1ms();
  23   2          }
  24   1      }
  25          
  26          
  27          void delay_S(uint16_t s)
  28          {
  29   1          
  30   1        while(s--)
  31   1        {
  32   2          Delay1ms();
  33   2        }
  34   1      }


MODULE INFORMATION:   STATIC OVERLAYABLE
   CODE SIZE        =     46    ----
   CONSTANT SIZE    =   ----    ----
   XDATA SIZE       =   ----    ----
   PDATA SIZE       =   ----    ----
   DATA SIZE        =   ----       2
   IDATA SIZE       =   ----    ----
   BIT SIZE         =   ----    ----
END OF MODULE INFORMATION.


C51 COMPILATION COMPLETE.  0 WARNING(S),  0 ERROR(S)
