C51 COMPILER V9.59.0.0   ENCODE                                                            07/12/2026 23:50:26 PAGE 1   


C51 COMPILER V9.59.0.0, COMPILATION OF MODULE ENCODE
OBJECT MODULE PLACED IN .\Objects\encode.obj
COMPILER INVOKED BY: D:\Keil_v5\C51\BIN\C51.EXE Key\encode.c LARGE OPTIMIZE(9,SIZE) BROWSE INCDIR(.\Display;.\FakeLoad;.
                    -\Key;.\System;.\Utility) DEBUG OBJECTEXTEND PRINT(.\Listings\encode.lst) TABS(2) OBJECT(.\Objects\encode.obj)

line level    source

   1          #include "encode.h"
   2          
   3          #define EC11_A P32
   4          #define EC11_B P12
   5          #define EC11_KEY P33
   6          
   7          // 高电平有效
   8          bit AB_DIR; // 0: 顺时针  1: 逆时针
   9          
  10          // 编码器事件标志和数据（Timer0 1ms ISR设置，主循环读取）
  11          bit enc_event_flag = 0;
  12          bit enc_event_dir = 0;
  13          bit enc_event_key = 0;
  14          
  15          // 调试用：触发计数器
  16          uint8_t idata enc_int_count = 0;
  17          
  18          // 编码器初始化：仅配置IO口，不再使能INT0中断
  19          // 编码器采样由Timer0 1ms定时中断完成（见peripheral.c）
  20          void EC11_Init(void) {
  21   1        EC11_A = 1;
  22   1        EC11_B = 1;
  23   1        EC11_KEY = 1;
  24   1      
  25   1        // 关闭INT0中断，改用Timer0定时采样
  26   1        EX0 = 0;
  27   1        EX1 = 0;
  28   1      }
  29          
  30          // 获取编码器事件（在主循环中调用）
  31          bit EC11_GetEvent(unsigned char *dir, unsigned char *key) {
  32   1        if (enc_event_flag) {
  33   2          *dir = (unsigned char)enc_event_dir;
  34   2          *key = (unsigned char)enc_event_key;
  35   2          enc_event_flag = 0;
  36   2          return 1;
  37   2        }
  38   1        return 0;
  39   1      }
  40          
  41          // 按键非阻塞扫描（不阻塞主循环）
  42          bit EC11_ScanKey(void) {
  43   1        static bit idata key_pressed = 0;      // 按键按下标志
  44   1        static uint8_t idata key_debounce = 0; // 防抖计数器
  45   1      
  46   1        if (EC11_KEY == 0) {
  47   2          // 按键按下，启动防抖计数
  48   2          if (!key_pressed) {
  49   3            if (key_debounce < 2) {
  50   4              key_debounce++; // 约20ms防抖（10ms一次调用）
  51   4            } else {
  52   4              // 防抖完成，确认按下
  53   4              key_pressed = 1;
  54   4              key_debounce = 0;
C51 COMPILER V9.59.0.0   ENCODE                                                            07/12/2026 23:50:26 PAGE 2   

  55   4              enc_event_flag = 1;
  56   4              enc_event_dir = AB_DIR;
  57   4              enc_event_key = 1; // 1=按键按下
  58   4              return 1;
  59   4            }
  60   3          }
  61   2        } else {
  62   2          // 按键松开，清除标志
  63   2          key_pressed = 0;
  64   2          key_debounce = 0;
  65   2        }
  66   1        return 0;
  67   1      }
  68          
  69          // bit checkDirection(void) { return AB_DIR; } // 未使用


MODULE INFORMATION:   STATIC OVERLAYABLE
   CODE SIZE        =     87    ----
   CONSTANT SIZE    =   ----    ----
   XDATA SIZE       =   ----       6
   PDATA SIZE       =   ----    ----
   DATA SIZE        =   ----    ----
   IDATA SIZE       =      2    ----
   BIT SIZE         =      5    ----
END OF MODULE INFORMATION.


C51 COMPILATION COMPLETE.  0 WARNING(S),  0 ERROR(S)
