C51 COMPILER V9.59.0.0   MAIN                                                              07/01/2026 15:24:54 PAGE 1   


C51 COMPILER V9.59.0.0, COMPILATION OF MODULE MAIN
OBJECT MODULE PLACED IN .\Objects\main.obj
COMPILER INVOKED BY: D:\Keil_v5\C51\BIN\C51.EXE main.c LARGE OPTIMIZE(8,SIZE) BROWSE INCDIR(.\Display;.\FakeLoad;.\Key;.
                    -\System;.\Utility) DEBUG OBJECTEXTEND PRINT(.\Listings\main.lst) TABS(2) OBJECT(.\Objects\main.obj)

line level    source

   1          #include "Delay.h"
   2          #include "Display.h"
   3          #include "LCD1602.h"
   4          #include "TLCx543.h"
   5          #include "encode.h"
   6          #include "fakeload.h"
   7          #include "key.h"
   8          #include "peripheral.h"
   9          #include "stc89c52.h"
  10          // Keil C51 does not support stdint.h, using native types
  11          // void vector_lock(void) code_at 0x0000 {
  12          // goto main;             // 0000 复位
  13          // goto EC11_A_Triggered; // 0003 INT0
  14          // goto Timer0_ISR;       // 000B T0 关键保护区域
  15          //  ;                      // 填充剩余字节
  16          //}
  17          #define BEEP_SEC 3U
  18          void FakeLoadTest(void);
  19          // 编码器旋转只去变动一个功耗索引数值
  20          uint8_t loadIndex = 0;
  21          uint16_t idata tick = 0; // 10ms -》 1tick
  22          uint16_t idata buzzer_tick = 0;
  23          uint16_t idata duration_time_seconds = 0;
  24          float idata voltage = 0.0f;
  25          float idata power = 0.0f;
  26          
  27          // 调整值
  28          bit is_adjusting_duration_time =
  29              0; // 是否正在调整时间 0:调整功率负载 1:调整持续时间
  30          bit is_running = 0;
  31          
  32          void main(void) {
  33   1        Display_Init();
  34   1        // 初始化显示
  35   1        Display_BootMessage();
  36   1        FakeLoad_Init();
  37   1        EC11_Init();
  38   1        Key_Init();
  39   1        TLCx543_Init(TLC1543);
  40   1        FakeLoad_Reset();
  41   1        FakeLoadTest();
  42   1        // 预采集修复
  43   1        voltage = TLCx543_ReadVoltageV(6);
  44   1      
  45   1        // 启用风扇
  46   1        shellFAN(1);
  47   1        extFAN(1);
  48   1      
  49   1        // 显示空闲
  50   1        Display_IdleMessage();
  51   1      
  52   1        while (1) {
  53   2          // 10ms基础节拍必执行
  54   2          voltage = (TLCx543_ReadADC(6) * 5.0f / 1024.0f) * 34700.0f / 4700.0f;
C51 COMPILER V9.59.0.0   MAIN                                                              07/01/2026 15:24:54 PAGE 2   

  55   2      
  56   2          // 按键防抖扫描
  57   2          if (Key_Scan() == 0) {
  58   3            Delay_ms(20);
  59   3            while (Key_Scan() == 0)
  60   3              ;
  61   3            is_running = !is_running;
  62   3            buzzer_tick = 0; // 按键启停直接关闭结束蜂鸣
  63   3          }
  64   2      
  65   2          if (is_running) {
  66   3            heartFAN(1);
  67   3            FakeLoad_SetResistance(loadIndex);
  68   3            power = FakeLoad_getPower(loadIndex, voltage);
  69   3      
  70   3            if (tick >= 100) // 1秒周期刷新
  71   3            {
  72   4              Display_RunningMessage(duration_time_seconds, power, voltage);
  73   4              if (duration_time_seconds > 0) {
  74   5                duration_time_seconds--;
  75   5                // 计时归零触发蜂鸣
  76   5                if (duration_time_seconds == 0) {
  77   6                  buzzer_tick = BEEP_SEC * 100; // 3s = 300个10ms节拍
  78   6                }
  79   5              }
  80   4              tick = 0;
  81   4            }
  82   3            tick++;
  83   3          } else {
  84   3            heartFAN(0);
  85   3            FakeLoad_Reset();
  86   3            tick = 0;
  87   3            buzzer_tick = 0; // 停止负载直接关蜂鸣
  88   3          }
  89   2      
  90   2          // 蜂鸣器逻辑
  91   2          if (buzzer_tick > 0) {
  92   3            BuzzerPWM(200); // 鸣叫频率200，可自行调整音调
  93   3            buzzer_tick--;
  94   3          } else {
  95   3            BuzzerPWM(0); // 关闭蜂鸣
  96   3          }
  97   2          // 编码器扫描 扫描后走回调
  98   2          EC11_ScanKey();
  99   2      
 100   2          Delay_ms(10);
 101   2        }
 102   1      }
 103          // 编码器方向/按键状态回调函数
 104          void encode_CallBack(bit dir, bit keystate) {
 105   1        // keystate=1：编码器按键按下，切换调节模式
 106   1        if (keystate == 1) {
 107   2          is_adjusting_duration_time = !is_adjusting_duration_time;
 108   2        }
 109   1      
 110   1        if (is_adjusting_duration_time) {
 111   2          if (dir == 0) {
 112   3            if (duration_time_seconds < 7200) // 上限7200秒 2小时
 113   3              duration_time_seconds++;
 114   3          } else {
 115   3            if (duration_time_seconds > 0) // 禁止负数
 116   3              duration_time_seconds--;
C51 COMPILER V9.59.0.0   MAIN                                                              07/01/2026 15:24:54 PAGE 3   

 117   3          }
 118   2          Display_TimerSetupMessage(duration_time_seconds);
 119   2        } else {
 120   2          // 调整功率负载
 121   2          voltage = TLCx543_ReadVoltageV(0);
 122   2          if (dir == 0) {
 123   3            if (loadIndex < RESISTANCE_LIST_SIZE - 1) {
 124   4              loadIndex++;
 125   4            }
 126   3          } else {
 127   3            if (loadIndex > 0) {
 128   4              loadIndex--;
 129   4            }
 130   3          }
 131   2          power = FakeLoad_getPower(loadIndex, voltage);
 132   2          Display_FakeLoad(power, FakeLoad_getResistance(loadIndex), voltage);
 133   2        }
 134   1      }
 135          
 136          void FakeLoadTest(void) {
 137   1        uint8_t test_index = 0;
 138   1      
 139   1        for (test_index = 0; test_index < 7; test_index++) {
 140   2          FakeLoad_Set(test_index, 1);
 141   2          Delay_ms(500);
 142   2        }
 143   1        for (test_index = 0; test_index < 7; test_index++) {
 144   2          FakeLoad_Set(test_index, 0);
 145   2          Delay_ms(500);
 146   2        }
 147   1      }


MODULE INFORMATION:   STATIC OVERLAYABLE
   CODE SIZE        =    580    ----
   CONSTANT SIZE    =   ----    ----
   XDATA SIZE       =      1       1
   PDATA SIZE       =   ----    ----
   DATA SIZE        =   ----    ----
   IDATA SIZE       =     14    ----
   BIT SIZE         =      2       2
END OF MODULE INFORMATION.


C51 COMPILATION COMPLETE.  0 WARNING(S),  0 ERROR(S)
