C51 COMPILER V9.59.0.0   MAIN                                                              07/01/2026 15:29:34 PAGE 1   


C51 COMPILER V9.59.0.0, COMPILATION OF MODULE MAIN
OBJECT MODULE PLACED IN .\Objects\main.obj
COMPILER INVOKED BY: D:\Keil_v5\C51\BIN\C51.EXE main.c LARGE OPTIMIZE(8,SIZE) BROWSE INCDIR(.\Display;.\FakeLoad;.\Key;.
                    -\System;.\Utility) DEBUG OBJECTEXTEND PRINT(.\Listings\main.lst) TABS(2) OBJECT(.\Objects\main.obj)

line level    source

   1          #include "Delay.h"
   2          #include "Display.h"
   3          #include "LCD1602.h"
   4          #include "TLCx543.h"
   5          #include "encode.h"
   6          #include "fakeload.h"
   7          #include "key.h"
   8          #include "peripheral.h"
   9          #include "stc89c52.h"
  10          // Keil C51 does not support stdint.h, using native types
  11          // void vector_lock(void) code_at 0x0000 {
  12          // goto main;             // 0000 复位
  13          // goto EC11_A_Triggered; // 0003 INT0
  14          // goto Timer0_ISR;       // 000B T0 关键保护区域
  15          //  ;                      // 填充剩余字节
  16          //}
  17          #define BEEP_SEC 3U
  18          void FakeLoadTest(void);
  19          // 编码器旋转只去变动一个功耗索引数值
  20          uint8_t loadIndex = 0;
  21          uint16_t idata tick = 0; // 10ms -》 1tick
  22          uint16_t idata buzzer_tick = 0;
  23          uint16_t idata duration_time_seconds = 0;
  24          float idata voltage = 0.0f;
  25          float idata power = 0.0f;
  26          
  27          // 调整值
  28          bit is_adjusting_duration_time =
  29              0; // 是否正在调整时间 0:调整功率负载 1:调整持续时间
  30          bit is_running = 0;
  31          
  32          void main(void) {
  33   1        Display_Init();
  34   1        // 初始化显示
  35   1        Display_BootMessage();
  36   1        FakeLoad_Init();
  37   1        EC11_Init();
  38   1        Timer0_Init();
*** WARNING C206 IN LINE 38 OF main.c: 'Timer0_Init': missing function-prototype
  39   1        Key_Init();
  40   1        TLCx543_Init(TLC1543);
  41   1        FakeLoad_Reset();
  42   1        FakeLoadTest();
  43   1        // 预采集修复
  44   1        voltage = TLCx543_ReadVoltageV(6);
  45   1      
  46   1        // 启用风扇
  47   1        shellFAN(1);
  48   1        extFAN(1);
  49   1      
  50   1        // 显示空闲
  51   1        Display_IdleMessage();
  52   1      
  53   1        while (1) {
C51 COMPILER V9.59.0.0   MAIN                                                              07/01/2026 15:29:34 PAGE 2   

  54   2          // 10ms基础节拍必执行
  55   2          voltage = (TLCx543_ReadADC(6) * 5.0f / 1024.0f) * 34700.0f / 4700.0f;
  56   2      
  57   2          // 按键防抖扫描
  58   2          if (Key_Scan() == 0) {
  59   3            Delay_ms(20);
  60   3            while (Key_Scan() == 0)
  61   3              ;
  62   3            is_running = !is_running;
  63   3            buzzer_tick = 0; // 按键启停直接关闭结束蜂鸣
  64   3          }
  65   2      
  66   2          if (is_running) {
  67   3            heartFAN(1);
  68   3            FakeLoad_SetResistance(loadIndex);
  69   3            power = FakeLoad_getPower(loadIndex, voltage);
  70   3      
  71   3            if (tick >= 100) // 1秒周期刷新
  72   3            {
  73   4              Display_RunningMessage(duration_time_seconds, power, voltage);
  74   4              if (duration_time_seconds > 0) {
  75   5                duration_time_seconds--;
  76   5                // 计时归零触发蜂鸣
  77   5                if (duration_time_seconds == 0) {
  78   6                  buzzer_tick = BEEP_SEC * 100; // 3s = 300个10ms节拍
  79   6                }
  80   5              }
  81   4              tick = 0;
  82   4            }
  83   3            tick++;
  84   3          } else {
  85   3            heartFAN(0);
  86   3            FakeLoad_Reset();
  87   3            tick = 0;
  88   3            buzzer_tick = 0; // 停止负载直接关蜂鸣
  89   3          }
  90   2      
  91   2          // 蜂鸣器逻辑
  92   2          if (buzzer_tick > 0) {
  93   3            BuzzerPWM(200); // 鸣叫频率200，可自行调整音调
  94   3            buzzer_tick--;
  95   3          } else {
  96   3            BuzzerPWM(0); // 关闭蜂鸣
  97   3          }
  98   2          // 编码器扫描 扫描后走回调
  99   2          EC11_ScanKey();
 100   2      
 101   2          Delay_ms(10);
 102   2        }
 103   1      }
 104          // 编码器方向/按键状态回调函数
 105          void encode_CallBack(bit dir, bit keystate) {
 106   1        // keystate=1：编码器按键按下，切换调节模式
 107   1        if (keystate == 1) {
 108   2          is_adjusting_duration_time = !is_adjusting_duration_time;
 109   2        }
 110   1      
 111   1        if (is_adjusting_duration_time) {
 112   2          if (dir == 0) {
 113   3            if (duration_time_seconds < 7200) // 上限7200秒 2小时
 114   3              duration_time_seconds++;
 115   3          } else {
C51 COMPILER V9.59.0.0   MAIN                                                              07/01/2026 15:29:34 PAGE 3   

 116   3            if (duration_time_seconds > 0) // 禁止负数
 117   3              duration_time_seconds--;
 118   3          }
 119   2          Display_TimerSetupMessage(duration_time_seconds);
 120   2        } else {
 121   2          // 调整功率负载
 122   2          voltage = TLCx543_ReadVoltageV(0);
 123   2          if (dir == 0) {
 124   3            if (loadIndex < RESISTANCE_LIST_SIZE - 1) {
 125   4              loadIndex++;
 126   4            }
 127   3          } else {
 128   3            if (loadIndex > 0) {
 129   4              loadIndex--;
 130   4            }
 131   3          }
 132   2          power = FakeLoad_getPower(loadIndex, voltage);
 133   2          Display_FakeLoad(power, FakeLoad_getResistance(loadIndex), voltage);
 134   2        }
 135   1      }
 136          
 137          void FakeLoadTest(void) {
 138   1        uint8_t test_index = 0;
 139   1      
 140   1        for (test_index = 0; test_index < 7; test_index++) {
 141   2          FakeLoad_Set(test_index, 1);
 142   2          Delay_ms(500);
 143   2        }
 144   1        for (test_index = 0; test_index < 7; test_index++) {
 145   2          FakeLoad_Set(test_index, 0);
 146   2          Delay_ms(500);
 147   2        }
 148   1      }


MODULE INFORMATION:   STATIC OVERLAYABLE
   CODE SIZE        =    583    ----
   CONSTANT SIZE    =   ----    ----
   XDATA SIZE       =      1       1
   PDATA SIZE       =   ----    ----
   DATA SIZE        =   ----    ----
   IDATA SIZE       =     14    ----
   BIT SIZE         =      2       2
END OF MODULE INFORMATION.


C51 COMPILATION COMPLETE.  1 WARNING(S),  0 ERROR(S)
