C51 COMPILER V9.59.0.0   STM32CMDADC                                                       07/13/2026 20:46:45 PAGE 1   


C51 COMPILER V9.59.0.0, COMPILATION OF MODULE STM32CMDADC
OBJECT MODULE PLACED IN .\Objects\stm32cmdADC.obj
COMPILER INVOKED BY: D:\Keil_v5\C51\BIN\C51.EXE System\stm32cmdADC.c LARGE OPTIMIZE(9,SIZE) BROWSE INCDIR(.\Display;.\Fa
                    -keLoad;.\Key;.\System;.\Utility) DEBUG OBJECTEXTEND PRINT(.\Listings\stm32cmdADC.lst) TABS(2) OBJECT(.\Objects\stm32cmdA
                    -DC.obj)

line level    source

   1          #include "stm32cmdADC.h"
   2          #include "UART.h"
   3          
   4          // Keil C51不支持stdint.h，使用原生类型
   5          // 接收缓冲区（直接解析，无需额外拷贝）
   6          #define RX_BUF_SIZE 32
   7          static unsigned char idata rx_buf[RX_BUF_SIZE];
   8          static unsigned char rx_idx;
   9          
  10          // ============================================================
  11          // 以下主动发送指令的函数已注释，改用UART中断被动接收STM32数据
  12          // ============================================================
  13          // static unsigned char UART_ReceiveChar(unsigned int timeout) {
  14          //  while (timeout--) {
  15          //    if (RI) {
  16          //      RI = 0;
  17          //      return SBUF;
  18          //    }
  19          //  }
  20          //  return 0;
  21          //}
  22          //
  23          ///**
  24          // * @brief  发送命令到 STM32，等待回复，结果存于 rx_buf
  25          // * @param  cmd  命令字符串（不含换行符）
  26          // * @return 1=成功收到回复，0=超时
  27          // */
  28          // static unsigned char STM32_SendCommand(const char *cmd) {
  29          //  unsigned char i;
  30          //  unsigned char ch;
  31          //
  32          //  rx_idx = 0;
  33          //  for (i = 0; i < RX_BUF_SIZE; i++)
  34          //    rx_buf[i] = 0;
  35          //
  36          //  UART_SendString((unsigned char *)cmd);
  37          //  UART_SendString("\r\n");
  38          //
  39          //  for (i = 0; i < STM32_CMD_TIMEOUT; i++) {
  40          //    ch = UART_ReceiveChar(1);
  41          //    if (ch != 0) {
  42          //      if (rx_idx < RX_BUF_SIZE - 1)
  43          //        rx_buf[rx_idx++] = ch;
  44          //      if (ch == '\n') {
  45          //        rx_buf[rx_idx] = '\0';
  46          //        break;
  47          //      }
  48          //    }
  49          //  }
  50          //
  51          //  return (rx_idx > 0 && rx_buf[0] == '>') ? 1 : 0;
  52          //}
  53          //
C51 COMPILER V9.59.0.0   STM32CMDADC                                                       07/13/2026 20:46:45 PAGE 2   

  54          ///**
  55          // * @brief  从 rx_buf 解析 ">> XXXX" 格式的整数
  56          // * @return 解析到的整数值
  57          // */
  58          // static unsigned int parse_uint(void) {
  59          //  unsigned char i = 3; // 跳过 ">> "
  60          //  unsigned int val = 0;
  61          //  while (rx_buf[i] >= '0' && rx_buf[i] <= '9') {
  62          //    val = val * 10 + (rx_buf[i] - '0');
  63          //    i++;
  64          //  }
  65          //  return val;
  66          //}
  67          //
  68          ///**
  69          // * @brief  从 rx_buf 解析 ">> XX.XX" 格式的浮点数
  70          // * @return 解析到的浮点值
  71          // */
  72          // static float parse_float(void) {
  73          //  unsigned char i = 3; // 跳过 ">> "
  74          //  unsigned int int_part = 0;
  75          //  unsigned int frac_part = 0;
  76          //  unsigned int frac_div = 1;
  77          //
  78          //  while (rx_buf[i] >= '0' && rx_buf[i] <= '9') {
  79          //    int_part = int_part * 10 + (rx_buf[i] - '0');
  80          //    i++;
  81          //  }
  82          //  if (rx_buf[i] == '.') {
  83          //    i++;
  84          //    while (rx_buf[i] >= '0' && rx_buf[i] <= '9') {
  85          //      frac_part = frac_part * 10 + (rx_buf[i] - '0');
  86          //      frac_div *= 10;
  87          //      i++;
  88          //    }
  89          //  }
  90          //  return (float)int_part + (float)frac_part / (float)frac_div;
  91          //}
  92          //
  93          ///**
  94          // * @brief  查询 STM32 原始 ADC 值
  95          // * @return ADC 原始值（0-4095），超时返回 0xFFFF
  96          // */
  97          // unsigned int STM32_ReadADC(void) {
  98          //  if (!STM32_SendCommand("AT+QUERY+ADC"))
  99          //    return 0xFFFF;
 100          //  return parse_uint();
 101          //}
 102          //
 103          ///**
 104          // * @brief  查询 STM32 分压后输入电压
 105          // * @return 电压值（伏特），超时返回 -1.0f
 106          // */
 107          // float STM32_ReadVoltage(void) {
 108          //  if (!STM32_SendCommand("AT+QUERY+Voltage"))
 109          //    return -1.0f;
 110          //  return parse_float();
 111          //}
 112          // ===================== 注释结束 =====================
 113          
 114          /**
 115           * @brief  初始化 STM32 通信
C51 COMPILER V9.59.0.0   STM32CMDADC                                                       07/13/2026 20:46:45 PAGE 3   

 116           */
 117          void STM32_Init(void) {
 118   1        UART_SendString("STM32_ADC Helper: Querying STM32...\r\n");
 119   1      }
 120          
 121          /**
 122           * @brief  查询 STM32 分压后输入电压（后备函数，返回-1表示无数据）
 123           * @return 始终返回 -1.0f（改为纯中断接收，不再主动查询）
 124           */
 125          float STM32_ReadVoltage(void) { return -1.0f; }


MODULE INFORMATION:   STATIC OVERLAYABLE
   CODE SIZE        =     17    ----
   CONSTANT SIZE    =     38    ----
   XDATA SIZE       =      1    ----
   PDATA SIZE       =   ----    ----
   DATA SIZE        =   ----    ----
   IDATA SIZE       =     32    ----
   BIT SIZE         =   ----    ----
END OF MODULE INFORMATION.


C51 COMPILATION COMPLETE.  0 WARNING(S),  0 ERROR(S)
