C51 COMPILER V9.59.0.0   CHR                                                               07/03/2026 13:41:52 PAGE 1   


C51 COMPILER V9.59.0.0, COMPILATION OF MODULE CHR
OBJECT MODULE PLACED IN .\Objects\CHR.obj
COMPILER INVOKED BY: D:\Keil_v5\C51\BIN\C51.EXE DRIVER\CHR.c LARGE OPTIMIZE(8,SPEED) BROWSE INCDIR(.\DRIVER;..\51_18650b
                    -smb;.\SYS) DEBUG OBJECTEXTEND PRINT(.\Listings\CHR.lst) TABS(2) OBJECT(.\Objects\CHR.obj)

line level    source

   1          #include "CHR.h"
   2          
   3          #define CHR_CH1 P14
   4          #define CHR_CH2 P15
   5          #define CHR_CH3 P54
   6          #define CHR_CH4 P55
   7          
   8          // TP4056 CE低电平启用充电 默认不启用
   9          void CHR_Init(void) {
  10   1        CHR_CH1 = 1;
  11   1        CHR_CH2 = 1;
  12   1        CHR_CH3 = 1;
  13   1        CHR_CH4 = 1;
  14   1      }
  15          
  16          void CHR_Set_CH1(uint8_t state) { CHR_CH1 = state; }
  17          
  18          void CHR_Set_CH2(uint8_t state) { CHR_CH2 = state; }
  19          
  20          void CHR_Set_CH3(uint8_t state) { CHR_CH3 = state; }
  21          
  22          void CHR_Set_CH4(uint8_t state) { CHR_CH4 = state; }
  23          
  24          void CHR_Set_CH(uint8_t ch, uint8_t state) {
  25   1        CHR_Set_CH1(state);
  26   1        CHR_Set_CH2(state);
  27   1        CHR_Set_CH3(state);
  28   1        CHR_Set_CH4(state);
  29   1      }
*** WARNING C280 IN LINE 24 OF DRIVER\CHR.c: 'ch': unreferenced local variable


MODULE INFORMATION:   STATIC OVERLAYABLE
   CODE SIZE        =     52    ----
   CONSTANT SIZE    =   ----    ----
   XDATA SIZE       =   ----       1
   PDATA SIZE       =   ----    ----
   DATA SIZE        =   ----    ----
   IDATA SIZE       =   ----    ----
   BIT SIZE         =   ----    ----
END OF MODULE INFORMATION.


C51 COMPILATION COMPLETE.  1 WARNING(S),  0 ERROR(S)
