C51 COMPILER V9.59.0.0   KEY                                                               07/01/2026 19:09:59 PAGE 1   


C51 COMPILER V9.59.0.0, COMPILATION OF MODULE KEY
OBJECT MODULE PLACED IN .\Objects\key.obj
COMPILER INVOKED BY: D:\Keil_v5\C51\BIN\C51.EXE DRIVER\key.c OPTIMIZE(8,SPEED) BROWSE INCDIR(.\DRIVER;..\51_18650bsmb;.\
                    -SYS) DEBUG OBJECTEXTEND PRINT(.\Listings\key.lst) TABS(2) OBJECT(.\Objects\key.obj)

line level    source

   1          #include "key.h"
   2          
   3          #define THRESHOLD_ADD P33  //int1
   4          #define THRESHOLD_SUB P32  //int0
   5          
   6          /**
   7           * @brief 按键初始化函数
   8           * @note 配置外部中断0(P32)和外部中断1(P33)为下降沿触发
   9           */
  10          void KEY_Init(void)
  11          {
  12   1          // 设置P32和P33为输入模式
  13   1          P3M0 &= ~(0x0C);  // P32、P33设置为高阻输入
  14   1          P3M1 |= 0x0C;
  15   1          
  16   1          // 配置外部中断触发方式为下降沿触发
  17   1          IT0 = 1;  // INT0下降沿触发
  18   1          IT1 = 1;  // INT1下降沿触发
  19   1          
  20   1          // 使能外部中断
  21   1          EX0 = 1;  // 使能INT0
  22   1          EX1 = 1;  // 使能INT1
  23   1          
  24   1          // 开总中断
  25   1          EA = 1;
  26   1      }
  27          
  28          /**
  29           * @brief HRESHOLD_SUB按键
  30           */
  31          void EXTI0_IRQHandler(void) interrupt 0
  32          {
  33   1          delay_ms(10);
*** WARNING C206 IN LINE 33 OF DRIVER\key.c: 'delay_ms': missing function-prototype
*** ERROR C267 IN LINE 33 OF DRIVER\key.c: 'delay_ms': requires ANSI-style prototype
  34   1          if(THRESHOLD_SUB == 0)
  35   1          {
  36   2              // TO DO: 添加按键处理逻辑
  37   2              // 阈值减少按键处理
  38   2          }
  39   1      }
  40          
  41          /**
  42           * @brief THRESHOLD_ADD按键
  43           */
  44          void EXTI1_IRQHandler(void) interrupt 2
  45          {
  46   1          delay_ms(10);
  47   1          if(THRESHOLD_ADD == 0)
  48   1          {
  49   2              // TO DO: 添加按键处理逻辑
  50   2              // 阈值增加按键处理
  51   2          }
  52   1      }
C51 COMPILER V9.59.0.0   KEY                                                               07/01/2026 19:09:59 PAGE 2   


C51 COMPILATION COMPLETE.  1 WARNING(S),  1 ERROR(S)
