C51 COMPILER V9.59.0.0   KEY                                                               07/03/2026 13:41:52 PAGE 1   


C51 COMPILER V9.59.0.0, COMPILATION OF MODULE KEY
OBJECT MODULE PLACED IN .\Objects\key.obj
COMPILER INVOKED BY: D:\Keil_v5\C51\BIN\C51.EXE DRIVER\key.c LARGE OPTIMIZE(8,SPEED) BROWSE INCDIR(.\DRIVER;..\51_18650b
                    -smb;.\SYS) DEBUG OBJECTEXTEND PRINT(.\Listings\key.lst) TABS(2) OBJECT(.\Objects\key.obj)

line level    source

   1          #include "key.h"
   2          
   3          #define THRESHOLD_ADD P33 // INT1 加阈值
   4          #define THRESHOLD_SUB P32 // INT0 减阈值
   5          
   6          uint8_t threshold = 0; // 充电百分比阈值
   7          // 按键事件标志：0无事件，1减键触发，2加键触发
   8          uint8_t key_event_flag = 0;
   9          uint16_t key_long_tick = 0; // 长按计时
  10          uint8_t key_press=0;
  11          
  12          void KEY_Init(void)
  13          {
  14   1          // 设置P32和P33为输入模式
  15   1          P3M0 &= ~(0x0C);  // P32、P33设置为高阻输入
  16   1          P3M1 |= 0x0C;
  17   1          
  18   1          // 配置外部中断触发方式为下降沿触发
  19   1          IT0 = 1;  // INT0下降沿触发
  20   1          IT1 = 1;  // INT1下降沿触发
  21   1          
  22   1          // 使能外部中断
  23   1          EX0 = 1;  // 使能INT0
  24   1          EX1 = 1;  // 使能INT1
  25   1          
  26   1          // 开总中断
  27   1          EA = 1;
  28   1      }
  29          /**
  30           * @brief 减阈值按键中断 INT0(P32)
  31           */
  32          void EXTI0_IRQHandler(void) interrupt 0 { key_event_flag = 1; }
  33          
  34          /**
  35           * @brief 加阈值按键中断 INT1(P33)
  36           */
  37          void EXTI1_IRQHandler(void) interrupt 2 { key_event_flag = 2; }
  38          
  39          void KEY_Scan_Handle(void) {
  40   1        if (key_event_flag == 0) {
  41   2          key_long_tick = 0;
  42   2          return;
  43   2        }
  44   1      
  45   1        delay_ms(10);
  46   1        key_press = 0;
  47   1        if (key_event_flag == 1 && THRESHOLD_SUB == 0)
  48   1          key_press = 1;
  49   1        if (key_event_flag == 2 && THRESHOLD_ADD == 0)
  50   1          key_press = 2;
  51   1      
  52   1        if (key_press == 0) {
  53   2          key_event_flag = 0;
  54   2          key_long_tick = 0;
C51 COMPILER V9.59.0.0   KEY                                                               07/03/2026 13:41:52 PAGE 2   

  55   2          return;
  56   2        }
  57   1      
  58   1        // 短按单次增减
  59   1        if (key_long_tick == 0) {
  60   2          if (key_press == 1 && threshold > 0)
  61   2            threshold--;
  62   2          if (key_press == 2 && threshold < 100)
  63   2            threshold++;
  64   2        }
  65   1        key_long_tick++;
  66   1      
  67   1        // 长按500ms后快速连续增减
  68   1        if (key_long_tick >= 50) {
  69   2          if (key_press == 1 && threshold > 0)
  70   2            threshold--;
  71   2          if (key_press == 2 && threshold < 100)
  72   2            threshold++;
  73   2          delay_ms(50); // 长按步进间隔
  74   2        }
  75   1      }
  76          
  77          uint8_t KEY_GetThreshold(void) { return threshold; }


MODULE INFORMATION:   STATIC OVERLAYABLE
   CODE SIZE        =    277    ----
   CONSTANT SIZE    =   ----    ----
   XDATA SIZE       =      5    ----
   PDATA SIZE       =   ----    ----
   DATA SIZE        =   ----    ----
   IDATA SIZE       =   ----    ----
   BIT SIZE         =   ----    ----
END OF MODULE INFORMATION.


C51 COMPILATION COMPLETE.  0 WARNING(S),  0 ERROR(S)
