C51 COMPILER V9.59.0.0   SSD13XX                                                           07/03/2026 13:41:52 PAGE 1   


C51 COMPILER V9.59.0.0, COMPILATION OF MODULE SSD13XX
OBJECT MODULE PLACED IN .\Objects\ssd13xx.obj
COMPILER INVOKED BY: D:\Keil_v5\C51\BIN\C51.EXE DRIVER\ssd13xx.c LARGE OPTIMIZE(8,SPEED) BROWSE INCDIR(.\DRIVER;..\51_18
                    -650bsmb;.\SYS) DEBUG OBJECTEXTEND PRINT(.\Listings\ssd13xx.lst) TABS(2) OBJECT(.\Objects\ssd13xx.obj)

line level    source

   1          #include "ssd13xx.h"
   2          #include <intrins.h>
   3          
   4          // 单页缓冲区（仅128字节）
   5          unsigned char xdata SSD13XX_PageBuffer[SSD13XX_PAGE_WIDTH];
   6          
   7          const unsigned char code SSD13xx_Font8x8[95][8] = {
   8              {0x00, 0x00, 0x00, 0x00, 0x00, 0x00, 0x00, 0x00}, // 空格
   9              {0x00, 0x00, 0x5F, 0x00, 0x00, 0x00, 0x00, 0x00}, // !
  10              {0x00, 0x00, 0x07, 0x00, 0x07, 0x00, 0x00, 0x00}, // "
  11              {0x00, 0x14, 0x7F, 0x14, 0x7F, 0x14, 0x00, 0x00}, // #
  12              {0x00, 0x24, 0x2A, 0x7F, 0x2A, 0x12, 0x00, 0x00}, // $
  13              {0x00, 0x62, 0x64, 0x08, 0x13, 0x23, 0x00, 0x00}, // %
  14              {0x00, 0x36, 0x49, 0x55, 0x22, 0x50, 0x00, 0x00}, // &
  15              {0x00, 0x00, 0x05, 0x03, 0x00, 0x00, 0x00, 0x00}, // '
  16              {0x00, 0x00, 0x1C, 0x22, 0x41, 0x00, 0x00, 0x00}, // (
  17              {0x00, 0x00, 0x41, 0x22, 0x1C, 0x00, 0x00, 0x00}, // )
  18              {0x00, 0x14, 0x08, 0x3E, 0x08, 0x14, 0x00, 0x00}, // *
  19              {0x00, 0x08, 0x08, 0x3E, 0x08, 0x08, 0x00, 0x00}, // +
  20              {0x00, 0x00, 0x00, 0xA0, 0x60, 0x00, 0x00, 0x00}, // ,
  21              {0x00, 0x08, 0x08, 0x08, 0x08, 0x08, 0x00, 0x00}, // -
  22              {0x00, 0x00, 0x60, 0x60, 0x00, 0x00, 0x00, 0x00}, // .
  23              {0x00, 0x20, 0x10, 0x08, 0x04, 0x02, 0x00, 0x00}, // /
  24              {0x00, 0x3E, 0x51, 0x49, 0x45, 0x3E, 0x00, 0x00}, // 0
  25              {0x00, 0x00, 0x42, 0x7F, 0x40, 0x00, 0x00, 0x00}, // 1
  26              {0x00, 0x42, 0x61, 0x51, 0x49, 0x46, 0x00, 0x00}, // 2
  27              {0x00, 0x21, 0x41, 0x45, 0x4B, 0x31, 0x00, 0x00}, // 3
  28              {0x00, 0x18, 0x14, 0x12, 0x7F, 0x10, 0x00, 0x00}, // 4
  29              {0x00, 0x27, 0x45, 0x45, 0x45, 0x39, 0x00, 0x00}, // 5
  30              {0x00, 0x3C, 0x4A, 0x49, 0x49, 0x30, 0x00, 0x00}, // 6
  31              {0x00, 0x01, 0x71, 0x09, 0x05, 0x03, 0x00, 0x00}, // 7
  32              {0x00, 0x36, 0x49, 0x49, 0x49, 0x36, 0x00, 0x00}, // 8
  33              {0x00, 0x06, 0x49, 0x49, 0x29, 0x1E, 0x00, 0x00}, // 9
  34              {0x00, 0x00, 0x36, 0x36, 0x00, 0x00, 0x00, 0x00}, // :
  35              {0x00, 0x00, 0x56, 0x36, 0x00, 0x00, 0x00, 0x00}, // ;
  36              {0x00, 0x08, 0x14, 0x22, 0x41, 0x00, 0x00, 0x00}, // <
  37              {0x00, 0x14, 0x14, 0x14, 0x14, 0x14, 0x00, 0x00}, // =
  38              {0x00, 0x00, 0x41, 0x22, 0x14, 0x08, 0x00, 0x00}, // >
  39              {0x00, 0x02, 0x01, 0x51, 0x09, 0x06, 0x00, 0x00}, // ?
  40              {0x00, 0x32, 0x49, 0x79, 0x41, 0x3E, 0x00, 0x00}, // @
  41              {0x00, 0x7E, 0x11, 0x11, 0x11, 0x7E, 0x00, 0x00}, // A
  42              {0x00, 0x7F, 0x49, 0x49, 0x49, 0x36, 0x00, 0x00}, // B
  43              {0x00, 0x3E, 0x41, 0x41, 0x41, 0x22, 0x00, 0x00}, // C
  44              {0x00, 0x7F, 0x41, 0x41, 0x22, 0x1C, 0x00, 0x00}, // D
  45              {0x00, 0x7F, 0x49, 0x49, 0x49, 0x41, 0x00, 0x00}, // E
  46              {0x00, 0x7F, 0x09, 0x09, 0x09, 0x01, 0x00, 0x00}, // F
  47              {0x00, 0x3E, 0x41, 0x49, 0x49, 0x7A, 0x00, 0x00}, // G
  48              {0x00, 0x7F, 0x08, 0x08, 0x08, 0x7F, 0x00, 0x00}, // H
  49              {0x00, 0x00, 0x41, 0x7F, 0x41, 0x00, 0x00, 0x00}, // I
  50              {0x00, 0x20, 0x40, 0x41, 0x3F, 0x01, 0x00, 0x00}, // J
  51              {0x00, 0x7F, 0x08, 0x14, 0x22, 0x41, 0x00, 0x00}, // K
  52              {0x00, 0x7F, 0x40, 0x40, 0x40, 0x40, 0x00, 0x00}, // L
  53              {0x00, 0x7F, 0x02, 0x0C, 0x02, 0x7F, 0x00, 0x00}, // M
  54              {0x00, 0x7F, 0x04, 0x08, 0x10, 0x7F, 0x00, 0x00}, // N
C51 COMPILER V9.59.0.0   SSD13XX                                                           07/03/2026 13:41:52 PAGE 2   

  55              {0x00, 0x3E, 0x41, 0x41, 0x41, 0x3E, 0x00, 0x00}, // O
  56              {0x00, 0x7F, 0x09, 0x09, 0x09, 0x06, 0x00, 0x00}, // P
  57              {0x00, 0x3E, 0x41, 0x51, 0x21, 0x5E, 0x00, 0x00}, // Q
  58              {0x00, 0x7F, 0x09, 0x19, 0x29, 0x46, 0x00, 0x00}, // R
  59              {0x00, 0x26, 0x49, 0x49, 0x49, 0x32, 0x00, 0x00}, // S
  60              {0x00, 0x01, 0x01, 0x7F, 0x01, 0x01, 0x00, 0x00}, // T
  61              {0x00, 0x3F, 0x40, 0x40, 0x40, 0x3F, 0x00, 0x00}, // U
  62              {0x00, 0x1F, 0x20, 0x40, 0x20, 0x1F, 0x00, 0x00}, // V
  63              {0x00, 0x3F, 0x40, 0x38, 0x40, 0x3F, 0x00, 0x00}, // W
  64              {0x00, 0x63, 0x14, 0x08, 0x14, 0x63, 0x00, 0x00}, // X
  65              {0x00, 0x07, 0x08, 0x70, 0x08, 0x07, 0x00, 0x00}, // Y
  66              {0x00, 0x61, 0x51, 0x49, 0x45, 0x43, 0x00, 0x00}, // Z
  67              {0x00, 0x00, 0x7F, 0x41, 0x41, 0x00, 0x00, 0x00}, // [
  68              {0x00, 0x02, 0x04, 0x08, 0x10, 0x20, 0x00, 0x00}, // '\'
  69              {0x00, 0x00, 0x41, 0x41, 0x7F, 0x00, 0x00, 0x00}, // ]
  70              {0x00, 0x04, 0x02, 0x01, 0x02, 0x04, 0x00, 0x00}, // ^
  71              {0x00, 0x40, 0x40, 0x40, 0x40, 0x40, 0x00, 0x00}, // _
  72              {0x00, 0x00, 0x01, 0x02, 0x04, 0x00, 0x00, 0x00}, // `
  73              {0x00, 0x20, 0x54, 0x54, 0x54, 0x78, 0x00, 0x00}, // a
  74              {0x00, 0x7F, 0x48, 0x44, 0x44, 0x38, 0x00, 0x00}, // b
  75              {0x00, 0x38, 0x44, 0x44, 0x44, 0x20, 0x00, 0x00}, // c
  76              {0x00, 0x38, 0x44, 0x44, 0x48, 0x7F, 0x00, 0x00}, // d
  77              {0x00, 0x38, 0x54, 0x54, 0x54, 0x18, 0x00, 0x00}, // e
  78              {0x00, 0x08, 0x7E, 0x09, 0x01, 0x02, 0x00, 0x00}, // f
  79              {0x00, 0x18, 0xA4, 0xA4, 0xA4, 0x7C, 0x00, 0x00}, // g
  80              {0x00, 0x7F, 0x08, 0x04, 0x04, 0x78, 0x00, 0x00}, // h
  81              {0x00, 0x00, 0x44, 0x7D, 0x40, 0x00, 0x00, 0x00}, // i
  82              {0x00, 0x40, 0x80, 0x84, 0x7D, 0x00, 0x00, 0x00}, // j
  83              {0x00, 0x7F, 0x10, 0x28, 0x44, 0x00, 0x00, 0x00}, // k
  84              {0x00, 0x00, 0x41, 0x7F, 0x40, 0x00, 0x00, 0x00}, // l
  85              {0x00, 0x7C, 0x04, 0x18, 0x04, 0x78, 0x00, 0x00}, // m
  86              {0x00, 0x7C, 0x08, 0x04, 0x04, 0x78, 0x00, 0x00}, // n
  87              {0x00, 0x38, 0x44, 0x44, 0x44, 0x38, 0x00, 0x00}, // o
  88              {0x00, 0xFC, 0x24, 0x24, 0x24, 0x18, 0x00, 0x00}, // p
  89              {0x00, 0x18, 0x24, 0x24, 0x18, 0xFC, 0x00, 0x00}, // q
  90              {0x00, 0x7C, 0x08, 0x04, 0x04, 0x08, 0x00, 0x00}, // r
  91              {0x00, 0x48, 0x54, 0x54, 0x54, 0x20, 0x00, 0x00}, // s
  92              {0x00, 0x04, 0x3F, 0x44, 0x40, 0x20, 0x00, 0x00}, // t
  93              {0x00, 0x3C, 0x40, 0x40, 0x20, 0x7C, 0x00, 0x00}, // u
  94              {0x00, 0x1C, 0x20, 0x40, 0x20, 0x1C, 0x00, 0x00}, // v
  95              {0x00, 0x3C, 0x40, 0x30, 0x40, 0x3C, 0x00, 0x00}, // w
  96              {0x00, 0x44, 0x28, 0x10, 0x28, 0x44, 0x00, 0x00}, // x
  97              {0x00, 0x1C, 0xA0, 0xA0, 0xA0, 0x7C, 0x00, 0x00}, // y
  98              {0x00, 0x44, 0x64, 0x54, 0x4C, 0x44, 0x00, 0x00}, // z
  99              {0x00, 0x00, 0x08, 0x36, 0x41, 0x00, 0x00, 0x00}, // {
 100              {0x00, 0x00, 0x00, 0x7F, 0x00, 0x00, 0x00, 0x00}, // |
 101              {0x00, 0x00, 0x41, 0x36, 0x08, 0x00, 0x00, 0x00}, // }
 102              {0x00, 0x02, 0x01, 0x02, 0x04, 0x02, 0x00, 0x00}  // ~
 103          };
 104          
 105          // 16x16 ASCII字体库 (仅包含常用字符) - 放在CODE段
 106          // const unsigned char xdata SSD13xx_Font16x16[96][16] = {
 107          //     {0x00, 0x00, 0x00, 0x00, 0x00, 0x00, 0x00, 0x00, 0x00, 0x00, 0x00, 0x00,
 108          //      0x00, 0x00, 0x00, 0x00}, // 空格
 109          //     {0x00, 0x00, 0x00, 0x00, 0x00, 0x00, 0x00, 0x00, 0x00, 0x00, 0x00, 0x00,
 110          //      0x00, 0x00, 0x00, 0x00}, // !
 111          //     {0x00, 0x00, 0x00, 0x00, 0x00, 0x00, 0x00, 0x00, 0x00, 0x00, 0x00, 0x00,
 112          //      0x00, 0x00, 0x00, 0x00}, // "
 113          //     {0x00, 0x00, 0x00, 0x00, 0x00, 0x00, 0x00, 0x00, 0x00, 0x00, 0x00, 0x00,
 114          //      0x00, 0x00, 0x00, 0x00}, // #
 115          //     {0x00, 0x00, 0x00, 0x00, 0x00, 0x00, 0x00, 0x00, 0x00, 0x00, 0x00, 0x00,
 116          //      0x00, 0x00, 0x00, 0x00}, // $
C51 COMPILER V9.59.0.0   SSD13XX                                                           07/03/2026 13:41:52 PAGE 3   

 117          //     {0x00, 0x00, 0x00, 0x00, 0x00, 0x00, 0x00, 0x00, 0x00, 0x00, 0x00, 0x00,
 118          //      0x00, 0x00, 0x00, 0x00}, // %
 119          //     {0x00, 0x00, 0x00, 0x00, 0x00, 0x00, 0x00, 0x00, 0x00, 0x00, 0x00, 0x00,
 120          //      0x00, 0x00, 0x00, 0x00}, // &
 121          //     {0x00, 0x00, 0x00, 0x00, 0x00, 0x00, 0x00, 0x00, 0x00, 0x00, 0x00, 0x00,
 122          //      0x00, 0x00, 0x00, 0x00}, // '
 123          //     {0x00, 0x00, 0x00, 0x00, 0x00, 0x00, 0x00, 0x00, 0x00, 0x00, 0x00, 0x00,
 124          //      0x00, 0x00, 0x00, 0x00}, // (
 125          //     {0x00, 0x00, 0x00, 0x00, 0x00, 0x00, 0x00, 0x00, 0x00, 0x00, 0x00, 0x00,
 126          //      0x00, 0x00, 0x00, 0x00}, // )
 127          //     {0x00, 0x00, 0x00, 0x00, 0x00, 0x00, 0x00, 0x00, 0x00, 0x00, 0x00, 0x00,
 128          //      0x00, 0x00, 0x00, 0x00}, // *
 129          //     {0x00, 0x00, 0x00, 0x00, 0x00, 0x00, 0x00, 0x00, 0x00, 0x00, 0x00, 0x00,
 130          //      0x00, 0x00, 0x00, 0x00}, // +
 131          //     {0x00, 0x00, 0x00, 0x00, 0x00, 0x00, 0x00, 0x00, 0x00, 0x00, 0x00, 0x00,
 132          //      0x00, 0x00, 0x00, 0x00}, // ,
 133          //     {0x00, 0x00, 0x00, 0x00, 0x00, 0x00, 0x00, 0x00, 0x00, 0x00, 0x00, 0x00,
 134          //      0x00, 0x00, 0x00, 0x00}, // -
 135          //     {0x00, 0x00, 0x00, 0x00, 0x00, 0x00, 0x00, 0x00, 0x00, 0x00, 0x00, 0x00,
 136          //      0x00, 0x00, 0x00, 0x00}, // .
 137          //     {0x00, 0x00, 0x00, 0x00, 0x00, 0x00, 0x00, 0x00, 0x00, 0x00, 0x00, 0x00,
 138          //      0x00, 0x00, 0x00, 0x00}, // /
 139          //     {0x00, 0x00, 0x7E, 0xFF, 0xFF, 0xFF, 0xFF, 0xFF, 0xFF, 0xFF, 0xFF, 0xFF,
 140          //      0xFF, 0x7E, 0x00, 0x00}, // 0
 141          //     {0x00, 0x00, 0x40, 0x42, 0x44, 0x48, 0x50, 0x40, 0x40, 0x40, 0x40, 0x40,
 142          //      0x7F, 0x40, 0x00, 0x00}, // 1
 143          //     {0x00, 0x00, 0x7F, 0xFF, 0xFF, 0x01, 0x02, 0x04, 0x08, 0x10, 0x20, 0x40,
 144          //      0xFF, 0xFF, 0x00, 0x00}, // 2
 145          //     {0x00, 0x00, 0x7F, 0xFF, 0xFF, 0x01, 0x02, 0x04, 0x08, 0x01, 0x02, 0xFF,
 146          //      0xFF, 0x7E, 0x00, 0x00}, // 3
 147          //     {0x00, 0x00, 0x08, 0x18, 0x28, 0x48, 0x88, 0x08, 0x08, 0xFF, 0xFF, 0xFF,
 148          //      0xFF, 0x08, 0x00, 0x00}, // 4
 149          //     {0x00, 0x00, 0xFF, 0xFF, 0xFF, 0x80, 0x40, 0x20, 0x10, 0x01, 0x02, 0xFF,
 150          //      0xFF, 0x7E, 0x00, 0x00}, // 5
 151          //     {0x00, 0x00, 0x3E, 0x7C, 0xFC, 0x80, 0x40, 0x20, 0x10, 0x01, 0x02, 0xFF,
 152          //      0xFF, 0x7E, 0x00, 0x00}, // 6
 153          //     {0x00, 0x00, 0xFF, 0xFF, 0xFF, 0x01, 0x02, 0x04, 0x08, 0x10, 0x20, 0x40,
 154          //      0x40, 0x40, 0x00, 0x00}, // 7
 155          //     {0x00, 0x00, 0x7E, 0xFF, 0xFF, 0x41, 0x22, 0x14, 0x08, 0x14, 0x22, 0xFF,
 156          //      0xFF, 0x7E, 0x00, 0x00}, // 8
 157          //     {0x00, 0x00, 0x7E, 0xFF, 0xFF, 0x41, 0x22, 0x14, 0x08, 0x04, 0x02, 0xFE,
 158          //      0xFE, 0x7C, 0x00, 0x00}, // 9
 159          //     {0x00, 0x00, 0x00, 0x00, 0x00, 0x00, 0x00, 0x00, 0x00, 0x00, 0x00, 0x00,
 160          //      0x00, 0x00, 0x00, 0x00}, // :
 161          //     {0x00, 0x00, 0x00, 0x00, 0x00, 0x00, 0x00, 0x00, 0x00, 0x00, 0x00, 0x00,
 162          //      0x00, 0x00, 0x00, 0x00}, // ;
 163          //     {0x00, 0x00, 0x00, 0x00, 0x00, 0x00, 0x00, 0x00, 0x00, 0x00, 0x00, 0x00,
 164          //      0x00, 0x00, 0x00, 0x00}, // <
 165          //     {0x00, 0x00, 0x00, 0x00, 0x00, 0x00, 0x00, 0x00, 0x00, 0x00, 0x00, 0x00,
 166          //      0x00, 0x00, 0x00, 0x00}, // =
 167          //     {0x00, 0x00, 0x00, 0x00, 0x00, 0x00, 0x00, 0x00, 0x00, 0x00, 0x00, 0x00,
 168          //      0x00, 0x00, 0x00, 0x00}, // >
 169          //     {0x00, 0x00, 0x00, 0x00, 0x00, 0x00, 0x00, 0x00, 0x00, 0x00, 0x00, 0x00,
 170          //      0x00, 0x00, 0x00, 0x00}, // ?
 171          //     {0x00, 0x00, 0x00, 0x00, 0x00, 0x00, 0x00, 0x00, 0x00, 0x00, 0x00, 0x00,
 172          //      0x00, 0x00, 0x00, 0x00}, // @
 173          //     {0x00, 0x00, 0x00, 0x7E, 0xFF, 0xFF, 0xC3, 0xC3, 0xFF, 0xFF, 0xFF, 0xFF,
 174          //      0xFF, 0x7E, 0x00, 0x00}, // A
 175          //     {0x00, 0x00, 0x80, 0xFF, 0xFF, 0xFF, 0xFF, 0x80, 0x80, 0x80, 0x80, 0x80,
 176          //      0xFF, 0xFF, 0x00, 0x00}, // B
 177          //     {0x00, 0x00, 0x3E, 0xFF, 0xFF, 0x81, 0x81, 0x81, 0x81, 0x81, 0x81, 0xFF,
 178          //      0xFF, 0x3E, 0x00, 0x00}, // C
C51 COMPILER V9.59.0.0   SSD13XX                                                           07/03/2026 13:41:52 PAGE 4   

 179          //     {0x00, 0x00, 0x01, 0xFF, 0xFF, 0xFF, 0xFF, 0x81, 0x81, 0x81, 0x81, 0xFF,
 180          //      0xFF, 0x01, 0x00, 0x00}, // D
 181          //     {0x00, 0x00, 0xFF, 0xFF, 0xFF, 0x81, 0x81, 0xFF, 0x81, 0x81, 0x81, 0xFF,
 182          //      0xFF, 0xFF, 0x00, 0x00}, // E
 183          //     {0x00, 0x00, 0xFF, 0xFF, 0xFF, 0x81, 0x81, 0xFF, 0x81, 0x81, 0x81, 0x81,
 184          //      0x81, 0x81, 0x00, 0x00}, // F
 185          //     {0x00, 0x00, 0x3E, 0xFF, 0xFF, 0x81, 0x81, 0x81, 0x81, 0x81, 0x91, 0xFF,
 186          //      0xFF, 0xBE, 0x00, 0x00}, // G
 187          //     {0x00, 0x00, 0xFF, 0xFF, 0xFF, 0x08, 0x08, 0xFF, 0xFF, 0xFF, 0xFF, 0xFF,
 188          //      0xFF, 0xFF, 0x00, 0x00}, // H
 189          //     {0x00, 0x00, 0x00, 0x00, 0x81, 0x81, 0xFF, 0xFF, 0xFF, 0xFF, 0x81, 0x81,
 190          //      0x00, 0x00, 0x00, 0x00}, // I
 191          //     {0x00, 0x00, 0x00, 0x00, 0x81, 0x81, 0x81, 0x81, 0x81, 0x81, 0xFF, 0xFF,
 192          //      0x01, 0x00, 0x00, 0x00}, // J
 193          //     {0x00, 0x00, 0xFF, 0xFF, 0xFF, 0x08, 0x14, 0x22, 0x41, 0x80, 0x00, 0xFF,
 194          //      0xFF, 0xFF, 0x00, 0x00}, // K
 195          //     {0x00, 0x00, 0xFF, 0xFF, 0xFF, 0x80, 0x80, 0x80, 0x80, 0x80, 0x80, 0x80,
 196          //      0x80, 0x80, 0x00, 0x00}, // L
 197          //     {0x00, 0x00, 0xFF, 0xFF, 0xFF, 0x03, 0x0C, 0x30, 0x0C, 0x03, 0xFF, 0xFF,
 198          //      0xFF, 0xFF, 0x00, 0x00}, // M
 199          //     {0x00, 0x00, 0xFF, 0xFF, 0xFF, 0x03, 0x0C, 0x30, 0xC0, 0x00, 0xFF, 0xFF,
 200          //      0xFF, 0xFF, 0x00, 0x00}, // N
 201          //     {0x00, 0x00, 0x3E, 0xFF, 0xFF, 0x81, 0x81, 0x81, 0x81, 0x81, 0x81, 0xFF,
 202          //      0xFF, 0x3E, 0x00, 0x00}, // O
 203          //     {0x00, 0x00, 0xFF, 0xFF, 0xFF, 0x81, 0x81, 0xFF, 0x81, 0x81, 0x81, 0x81,
 204          //      0x81, 0x81, 0x00, 0x00}, // P
 205          //     {0x00, 0x00, 0x3E, 0xFF, 0xFF, 0x81, 0x81, 0x81, 0x81, 0x81, 0x81, 0xFF,
 206          //      0xFF, 0xFE, 0x00, 0x00}, // Q
 207          //     {0x00, 0x00, 0xFF, 0xFF, 0xFF, 0x81, 0x81, 0xFF, 0x81, 0x91, 0xA1, 0xC1,
 208          //      0xE1, 0x01, 0x00, 0x00}, // R
 209          //     {0x00, 0x00, 0x00, 0xBE, 0xFF, 0xFF, 0x41, 0x22, 0x14, 0x08, 0x08, 0xFF,
 210          //      0xFF, 0x7E, 0x00, 0x00}, // S
 211          //     {0x00, 0x00, 0x01, 0x01, 0x01, 0x01, 0x01, 0xFF, 0xFF, 0xFF, 0x01, 0x01,
 212          //      0x01, 0x01, 0x00, 0x00}, // T
 213          //     {0x00, 0x00, 0xFF, 0xFF, 0xFF, 0x80, 0x80, 0x80, 0x80, 0x80, 0x80, 0xFF,
 214          //      0xFF, 0xFF, 0x00, 0x00}, // U
 215          //     {0x00, 0x00, 0x1F, 0x3F, 0x7F, 0xC0, 0xC0, 0xC0, 0xC0, 0xC0, 0xC0, 0x7F,
 216          //      0x3F, 0x1F, 0x00, 0x00}, // V
 217          //     {0x00, 0x00, 0xFF, 0xFF, 0xFF, 0x00, 0x00, 0xFC, 0x00, 0x00, 0xFF, 0xFF,
 218          //      0xFF, 0xFF, 0x00, 0x00}, // W
 219          //     {0x00, 0x00, 0xE1, 0xF3, 0xDB, 0x6E, 0x3C, 0x18, 0x3C, 0x6E, 0xDB, 0xF3,
 220          //      0xE1, 0x00, 0x00, 0x00}, // X
 221          //     {0x00, 0x00, 0x07, 0x0F, 0x1F, 0xE0, 0xE0, 0xE0, 0xE0, 0xE0, 0xE0, 0x1F,
 222          //      0x0F, 0x07, 0x00, 0x00}, // Y
 223          //     {0x00, 0x00, 0xC1, 0xE3, 0xF7, 0xFF, 0x1F, 0x0E, 0x0C, 0x08, 0x00, 0xFF,
 224          //      0xFF, 0xFF, 0x00, 0x00}, // Z
 225          //     {0x00, 0x00, 0x00, 0x00, 0xFF, 0xFF, 0x81, 0x81, 0x81, 0x81, 0xFF, 0xFF,
 226          //      0x00, 0x00, 0x00, 0x00}, // [
 227          //     {0x00, 0x00, 0x00, 0x00, 0x00, 0x00, 0x00, 0x00, 0x00, 0x00, 0x00, 0x00,
 228          //      0x00, 0x00, 0x00, 0x00}, // \
*** WARNING C329 IN LINE 228 OF DRIVER\ssd13xx.c: single-line comment contains line-continuation
 229          //     {0x00,0x00,0x00,0x00,0xFF,0xFF,0x81,0x81,0x81,0x81,0xFF,0xFF,0x00,0x00,0x00,0x00},
 230          //     // ] {0x00, 0x00, 0x00, 0x00, 0x00, 0x00, 0x00, 0x00, 0x00, 0x00, 0x00,
 231          //     0x00,
 232          //      0x00, 0x00, 0x00, 0x00}, // ^
 233          //     {0x00, 0x00, 0x00, 0x00, 0x00, 0x00, 0x00, 0x00, 0x00, 0x00, 0x00, 0x00,
 234          //      0x00, 0x00, 0x00, 0x00}, // _
 235          //     {0x00, 0x00, 0x00, 0x00, 0x00, 0x00, 0x00, 0x00, 0x00, 0x00, 0x00, 0x00,
 236          //      0x00, 0x00, 0x00, 0x00}, // `
 237          //     {0x00, 0x00, 0x00, 0x00, 0x00, 0x7C, 0xFE, 0xFE, 0x7C, 0x00, 0x00, 0xFF,
 238          //      0xFF, 0xFF, 0x00, 0x00}, // a
 239          //     {0x00, 0x00, 0x80, 0x80, 0x80, 0xFC, 0xFE, 0xFE, 0xFE, 0x80, 0x80, 0xFF,
C51 COMPILER V9.59.0.0   SSD13XX                                                           07/03/2026 13:41:52 PAGE 5   

 240          //      0xFF, 0xFF, 0x00, 0x00}, // b
 241          //     {0x00, 0x00, 0x00, 0x00, 0x00, 0x7C, 0xFE, 0xFE, 0xFE, 0x82, 0x82, 0x82,
 242          //      0x82, 0x00, 0x00, 0x00}, // c
 243          //     {0x00, 0x00, 0x02, 0x02, 0x02, 0x82, 0xFE, 0xFE, 0xFE, 0xFC, 0x00, 0xFF,
 244          //      0xFF, 0xFF, 0x00, 0x00}, // d
 245          //     {0x00, 0x00, 0x00, 0x00, 0x00, 0x7C, 0xFE, 0xFE, 0xFE, 0x82, 0x82, 0xBE,
 246          //      0xFE, 0x7C, 0x00, 0x00}, // e
 247          //     {0x00, 0x00, 0x00, 0x00, 0x00, 0x3E, 0x7F, 0x7F, 0x03, 0x00, 0x00, 0xFF,
 248          //      0xFF, 0xFF, 0x00, 0x00}, // f
 249          //     {0x00, 0x00, 0x00, 0x00, 0x00, 0x7C, 0xFE, 0xFE, 0xFE, 0x82, 0x82, 0xFC,
 250          //      0xFE, 0x7C, 0x00, 0x00}, // g
 251          //     {0x00, 0x00, 0x80, 0x80, 0x80, 0xFC, 0xFE, 0xFE, 0xFE, 0x0C, 0x04, 0xFF,
 252          //      0xFF, 0xFF, 0x00, 0x00}, // h
 253          //     {0x00, 0x00, 0x00, 0x00, 0x00, 0x00, 0x82, 0xFF, 0xFF, 0x82, 0x00, 0x00,
 254          //      0xFF, 0xFF, 0x00, 0x00}, // i
 255          //     {0x00, 0x00, 0x00, 0x00, 0x00, 0x00, 0x82, 0xFF, 0xFF, 0x82, 0x82, 0x82,
 256          //      0xFF, 0xFF, 0x02, 0x00}, // j
 257          //     {0x00, 0x00, 0x80, 0x80, 0x80, 0xFC, 0xFE, 0xFE, 0xFE, 0x18, 0x24, 0xFF,
 258          //      0xFF, 0xFF, 0x00, 0x00}, // k
 259          //     {0x00, 0x00, 0x00, 0x00, 0x00, 0x00, 0x82, 0xFF, 0xFF, 0x82, 0x82, 0x82,
 260          //      0x82, 0x82, 0x00, 0x00}, // l
 261          //     {0x00, 0x00, 0x00, 0x00, 0x00, 0xFF, 0xFF, 0xFF, 0x00, 0x00, 0xFF, 0xFF,
 262          //      0xFF, 0xFF, 0x00, 0x00}, // m
 263          //     {0x00, 0x00, 0x00, 0x00, 0x00, 0xFF, 0xFF, 0xFF, 0x00, 0x00, 0xFF, 0xFF,
 264          //      0xFF, 0xFF, 0x00, 0x00}, // n
 265          //     {0x00, 0x00, 0x00, 0x00, 0x00, 0x7C, 0xFE, 0xFE, 0xFE, 0x82, 0x82, 0x82,
 266          //      0x82, 0x00, 0x00, 0x00}, // o
 267          //     {0x00, 0x00, 0x00, 0x00, 0x00, 0xFF, 0xFF, 0xFF, 0x00, 0x00, 0x82, 0x82,
 268          //      0x82, 0x82, 0x00, 0x00}, // p
 269          //     {0x00, 0x00, 0x00, 0x00, 0x00, 0xFF, 0xFF, 0xFF, 0x00, 0x00, 0x82, 0x82,
 270          //      0xFC, 0xFE, 0x7C, 0x00}, // q
 271          //     {0x00, 0x00, 0x00, 0x00, 0x00, 0xFF, 0xFF, 0xFF, 0x00, 0x00, 0x0C, 0x04,
 272          //      0xFF, 0xFF, 0xFF, 0x00}, // r
 273          //     {0x00, 0x00, 0x00, 0x00, 0x00, 0x7C, 0xFE, 0xFE, 0xFE, 0x82, 0x82, 0xBE,
 274          //      0xFE, 0x7C, 0x00, 0x00}, // s
 275          //     {0x00, 0x00, 0x00, 0x00, 0x00, 0x00, 0x82, 0xFF, 0xFF, 0x82, 0x82, 0x82,
 276          //      0x82, 0x82, 0x00, 0x00}, // t
 277          //     {0x00, 0x00, 0x00, 0x00, 0x00, 0xFF, 0xFF, 0xFF, 0x80, 0x80, 0xFF, 0xFF,
 278          //      0xFF, 0xFF, 0x00, 0x00}, // u
 279          //     {0x00, 0x00, 0x00, 0x00, 0x00, 0x1F, 0x3F, 0x7F, 0xE0, 0xE0, 0xE0, 0x7F,
 280          //      0x3F, 0x1F, 0x00, 0x00}, // v
 281          //     {0x00, 0x00, 0x00, 0x00, 0x00, 0xFF, 0xFF, 0xFF, 0x00, 0x00, 0xFF, 0xFF,
 282          //      0xFF, 0xFF, 0x00, 0x00}, // w
 283          //     {0x00, 0x00, 0x00, 0x00, 0x00, 0xE1, 0xF3, 0xDB, 0x6E, 0x3C, 0x18, 0x3C,
 284          //      0x6E, 0xDB, 0x00, 0x00}, // x
 285          //     {0x00, 0x00, 0x00, 0x00, 0x00, 0x07, 0x0F, 0x1F, 0xE0, 0xE0, 0xE0, 0xFE,
 286          //      0xFE, 0x7C, 0x00, 0x00}, // y
 287          //     {0x00, 0x00, 0x00, 0x00, 0x00, 0xC1, 0xE3, 0xF7, 0xFF, 0x1F, 0x0E, 0x0C,
 288          //      0x08, 0x00, 0x00, 0x00}, // z
 289          //     {0x00, 0x00, 0x00, 0x00, 0x00, 0x00, 0x00, 0x00, 0x00, 0x00, 0x00, 0x00,
 290          //      0x00, 0x00, 0x00, 0x00}, // {
 291          //     {0x00, 0x00, 0x00, 0x00, 0x00, 0x00, 0x00, 0x00, 0x00, 0x00, 0x00, 0x00,
 292          //      0x00, 0x00, 0x00, 0x00}, // |
 293          //     {0x00, 0x00, 0x00, 0x00, 0x00, 0x00, 0x00, 0x00, 0x00, 0x00, 0x00, 0x00,
 294          //      0x00, 0x00, 0x00, 0x00}, // }
 295          //     {0x00, 0x00, 0x00, 0x00, 0x00, 0x00, 0x00, 0x00, 0x00, 0x00, 0x00, 0x00,
 296          //      0x00, 0x00, 0x00, 0x00} // ~
 297          // };
 298          
 299          // ==================== I2C 底层函数 ====================
 300          void I2C_Init(void) {
 301   1        SDA = 1;
C51 COMPILER V9.59.0.0   SSD13XX                                                           07/03/2026 13:41:52 PAGE 6   

 302   1        SCL = 1;
 303   1      }
 304          
 305          void I2C_Delay(void) {
 306   1        unsigned char i = 1;
 307   1        while (i--)
 308   1          ;
 309   1      }
 310          
 311          void I2C_Start(void) {
 312   1        SDA = 1;
 313   1        SCL = 1;
 314   1        I2C_Delay();
 315   1        SDA = 0;
 316   1        I2C_Delay();
 317   1        SCL = 0;
 318   1      }
 319          
 320          void I2C_Stop(void) {
 321   1        SDA = 0;
 322   1        SCL = 1;
 323   1        I2C_Delay();
 324   1        SDA = 1;
 325   1        I2C_Delay();
 326   1      }
 327          
 328          void I2C_SendByte(unsigned char byte) {
 329   1        unsigned char xdata i;
 330   1        for (i = 0; i < 8; i++) {
 331   2          SDA = (byte & 0x80) >> 7;
 332   2          byte <<= 1;
 333   2          SCL = 1;
 334   2          I2C_Delay();
 335   2          SCL = 0;
 336   2          I2C_Delay();
 337   2        }
 338   1        SDA = 1;
 339   1        I2C_Delay();
 340   1      }
 341          
 342          bit I2C_WaitAck(void) {
 343   1        bit ack;
 344   1        SDA = 1;
 345   1        I2C_Delay();
 346   1        SCL = 1;
 347   1        I2C_Delay();
 348   1        ack = SDA;
 349   1        SCL = 0;
 350   1        I2C_Delay();
 351   1        return ack;
 352   1      }
 353          
 354          //================ SSD13XX 基本命令/数据 ====================
 355          /***************************************************************************************************
 356           * 函数名: SSD13XX_WriteCommand
 357           * 描述: 向SSD13XX发送命令
 358           * 输入: command - 要发送的命令字节
 359           * 输出: 无
 360           * 返回: 无
 361           * 注意: 使用I2C接口发送命令，控制字节标识为命令类型
 362           **************************************************************************************************/
 363          void SSD13XX_WriteCommand(unsigned char command) {
C51 COMPILER V9.59.0.0   SSD13XX                                                           07/03/2026 13:41:52 PAGE 7   

 364   1        I2C_Start();
 365   1        I2C_SendByte(SSD13XX_I2C_ADDRESS << 1); // 发送器件地址+W
 366   1        I2C_WaitAck();
 367   1        I2C_SendByte(SSD13XX_CONTROL_BYTE_CMD_SINGLE); // 控制字节，表示后面是命令
 368   1        I2C_WaitAck();
 369   1        I2C_SendByte(command); // 发送命令
 370   1        I2C_WaitAck();
 371   1        I2C_Stop();
 372   1      }
 373          
 374          /***************************************************************************************************
 375           * 函数名: SSD13XX_WriteData
 376           * 描述: 向SSD13XX发送数据
 377           * 输入: dat - 要发送的数据字节
 378           * 输出: 无
 379           * 返回: 无
 380           * 注意: 使用I2C接口发送数据，控制字节标识为数据类型
 381           **************************************************************************************************/
 382          void SSD13XX_WriteData(unsigned char dat) {
 383   1        I2C_Start();
 384   1        I2C_SendByte(SSD13XX_I2C_ADDRESS << 1); // 发送器件地址+W
 385   1        I2C_WaitAck();
 386   1        I2C_SendByte(SSD13XX_CONTROL_BYTE_DATA_STREAM); // 控制字节，表示后面是数据
 387   1        I2C_WaitAck();
 388   1        I2C_SendByte(dat); // 发送数据
 389   1        I2C_WaitAck();
 390   1        I2C_Stop();
 391   1      }
 392          
 393          // ==================== 页管理 ====================
 394          /***************************************************************************************************
 395           * 函数名: SSD13XX_FlushPage
 396           * 描述: 将单页缓冲区内容刷新到指定页面
 397           * 输入: page - 要刷新的页号(0-7)
 398           * 输出: 无
 399           * 返回: 无
 400           * 注意: 将xdata区域的缓冲区内容发送到OLED显示屏的指定页
 401           **************************************************************************************************/
 402          void SSD13XX_FlushPage(unsigned char page) {
 403   1        unsigned char xdata col;
 404   1        SSD13XX_WriteCommand(0xB0 | page);
 405   1        SSD13XX_WriteCommand(0x00);
 406   1        SSD13XX_WriteCommand(0x10);
 407   1        for (col = 0; col < SSD13XX_PAGE_WIDTH; col++) {
 408   2          SSD13XX_WriteData(SSD13XX_PageBuffer[col]);
 409   2        }
 410   1      }
 411          
 412          /***************************************************************************************************
 413           * 函数名: SSD13XX_ClearPage
 414           * 描述: 清空指定页面
 415           * 输入: page - 要清空的页号(0-7)
 416           * 输出: 无
 417           * 返回: 无
 418           * 注意: 将缓冲区清零后刷新到指定页面
 419           **************************************************************************************************/
 420          void SSD13XX_ClearPage(unsigned char page) {
 421   1        unsigned char xdata i;
 422   1        for (i = 0; i < SSD13XX_PAGE_WIDTH; i++)
 423   1          SSD13XX_PageBuffer[i] = 0x00;
 424   1        SSD13XX_FlushPage(page);
 425   1      }
C51 COMPILER V9.59.0.0   SSD13XX                                                           07/03/2026 13:41:52 PAGE 8   

 426          
 427          /***************************************************************************************************
 428           * 函数名: SSD13XX_Clear
 429           * 描述: 清空整个显示屏
 430           * 输入: 无
 431           * 输出: 无
 432           * 返回: 无
 433           * 注意: 依次清空所有8个页面
 434           **************************************************************************************************/
 435          void SSD13XX_Clear(void) {
 436   1        unsigned char xdata page;
 437   1        for (page = 0; page < SSD13XX_PAGE_NUM; page++) {
 438   2          SSD13XX_ClearPage(page);
 439   2        }
 440   1      }
 441          
 442          // ==================== 内部辅助函数 ====================
 443          /***************************************************************************************************
 444           * 函数名: _DrawPixelOnPage
 445           * 描述: 在当前页缓冲区中绘制单个像素点（内部函数）
 446           * 输入: x - 像素点X坐标(0-127)
 447           *       y_in_page - 像素点在页内的Y坐标(0-7)
 448           *       color - 像素颜色(0=黑色/关闭, 1=白色/点亮)
 449           * 输出: 无
 450           * 返回: 无
 451           * 注意: 这是一个内部辅助函数，直接操作缓冲区
 452           **************************************************************************************************/
 453          static void _DrawPixelOnPage(unsigned char x, unsigned char y_in_page,
 454                                       unsigned char color) {
 455   1        unsigned char mask;
 456   1        if (x >= SSD13XX_WIDTH || y_in_page >= 8)
 457   1          return;
 458   1        mask = 1 << y_in_page;
 459   1        if (color)
 460   1          SSD13XX_PageBuffer[x] |= mask;
 461   1        else
 462   1          SSD13XX_PageBuffer[x] &= ~mask;
 463   1      }
 464          
 465          // ==================== 图形绘制 ====================
 466          /***************************************************************************************************
 467           * 函数名: SSD13XX_DrawPixel
 468           * 描述: 在指定坐标绘制单个像素点
 469           * 输入: x - 像素点X坐标(0-127)
 470           *       y - 像素点Y坐标(0-63)
 471           *       color - 像素颜色(0=黑色/关闭, 1=白色/点亮)
 472           * 输出: 无
 473           * 返回: 无
 474           * 注意: 自动计算像素所属页面并刷新该页面
 475           **************************************************************************************************/
 476          void SSD13XX_DrawPixel(unsigned char x, unsigned char y, unsigned char color) {
 477   1        unsigned char xdata page, row, i;
 478   1        page = y / 8;
 479   1        row = y % 8;
 480   1        for (i = 0; i < SSD13XX_PAGE_WIDTH; i++)
 481   1          SSD13XX_PageBuffer[i] = 0x00;
 482   1        _DrawPixelOnPage(x, row, color);
 483   1        SSD13XX_FlushPage(page);
 484   1      }
 485          
 486          /***************************************************************************************************
 487           * 函数名: SSD13XX_DrawLine
C51 COMPILER V9.59.0.0   SSD13XX                                                           07/03/2026 13:41:52 PAGE 9   

 488           * 描述: 绘制一条直线
 489           * 输入: x1, y1 - 起始点坐标
 490           *       x2, y2 - 结束点坐标
 491           *       color - 线条颜色(0=黑色/关闭, 1=白色/点亮)
 492           * 输出: 无
 493           * 返回: 无
 494           * 注意: 使用Bresenham算法绘制直线，自动处理跨页情况
 495           **************************************************************************************************/
 496          void SSD13XX_DrawLine(unsigned char x1, unsigned char y1, unsigned char x2,
 497                                unsigned char y2, unsigned char color) {
 498   1        int idata dx, dy, stepX, stepY, err, x, y;
 499   1        unsigned char idata currentPage, row, page, i;
 500   1        dx = (x2 > x1) ? (x2 - x1) : (x1 - x2);
 501   1        dy = (y2 > y1) ? (y2 - y1) : (y1 - y2);
 502   1        stepX = (x2 >= x1) ? 1 : -1;
 503   1        stepY = (y2 >= y1) ? 1 : -1;
 504   1        err = dx - dy;
 505   1        x = x1;
 506   1        y = y1;
 507   1        currentPage = y / 8;
 508   1        for (i = 0; i < SSD13XX_PAGE_WIDTH; i++)
 509   1          SSD13XX_PageBuffer[i] = 0x00;
 510   1      
 511   1        while (1) {
 512   2          page = y / 8;
 513   2          row = y % 8;
 514   2          if (page != currentPage) {
 515   3            SSD13XX_FlushPage(currentPage);
 516   3            for (i = 0; i < SSD13XX_PAGE_WIDTH; i++)
 517   3              SSD13XX_PageBuffer[i] = 0x00;
 518   3            currentPage = page;
 519   3          }
 520   2          _DrawPixelOnPage(x, row, color);
 521   2          if (x == x2 && y == y2)
 522   2            break;
 523   2          if (err * 2 > -dy) {
 524   3            err -= dy;
 525   3            x += stepX;
 526   3          }
 527   2          if (err * 2 < dx) {
 528   3            err += dx;
 529   3            y += stepY;
 530   3          }
 531   2        }
 532   1        SSD13XX_FlushPage(currentPage);
 533   1      }
 534          
 535          /***************************************************************************************************
 536           * 函数名: SSD13XX_DrawRectangle
 537           * 描述: 绘制一个矩形框
 538           * 输入: x1, y1 - 矩形左上角坐标
 539           *       x2, y2 - 矩形右下角坐标
 540           *       color - 矩形线条颜色(0=黑色/关闭, 1=白色/点亮)
 541           * 输出: 无
 542           * 返回: 无
 543           * 注意: 绘制矩形的四条边，不填充内部
 544           **************************************************************************************************/
 545          void SSD13XX_DrawRectangle(unsigned char x1, unsigned char y1, unsigned char x2,
 546                                     unsigned char y2, unsigned char color) {
 547   1        SSD13XX_DrawLine(x1, y1, x2, y1, color);
 548   1        SSD13XX_DrawLine(x2, y1, x2, y2, color);
 549   1        SSD13XX_DrawLine(x1, y2, x2, y2, color);
C51 COMPILER V9.59.0.0   SSD13XX                                                           07/03/2026 13:41:52 PAGE 10  

 550   1        SSD13XX_DrawLine(x1, y1, x1, y2, color);
 551   1      }
 552          
 553          /***************************************************************************************************
 554           * 函数名: SSD13XX_DrawCircle
 555           * 描述: 绘制一个圆形
 556           * 输入: x0, y0 - 圆心坐标
 557           *       r - 圆的半径
 558           *       color - 圆形线条颜色(0=黑色/关闭, 1=白色/点亮)
 559           * 输出: 无
 560           * 返回: 无
 561           * 注意: 使用中点圆算法绘制圆形，不填充内部
 562           **************************************************************************************************/
 563          void SSD13XX_DrawCircle(unsigned char x0, unsigned char y0, unsigned char r,
 564                                  unsigned char color) {
 565   1        int idata x = 0, y = r, d = 3 - 2 * r;
 566   1        while (x <= y) {
 567   2          SSD13XX_DrawPixel(x0 + x, y0 + y, color);
 568   2          SSD13XX_DrawPixel(x0 + x, y0 - y, color);
 569   2          SSD13XX_DrawPixel(x0 - x, y0 + y, color);
 570   2          SSD13XX_DrawPixel(x0 - x, y0 - y, color);
 571   2          SSD13XX_DrawPixel(x0 + y, y0 + x, color);
 572   2          SSD13XX_DrawPixel(x0 + y, y0 - x, color);
 573   2          SSD13XX_DrawPixel(x0 - y, y0 + x, color);
 574   2          SSD13XX_DrawPixel(x0 - y, y0 - x, color);
 575   2          if (d < 0)
 576   2            d += 4 * x + 6;
 577   2          else {
 578   3            d += 4 * (x - y) + 10;
 579   3            y--;
 580   3          }
 581   2          x++;
 582   2        }
 583   1      }
 584          
 585          /***************************************************************************************************
 586           * 函数名: SSD13XX_DrawBitmap
 587           * 描述: 在指定位置绘制位图
 588           * 输入: x, y - 位图绘制起始坐标
 589           *       bitmap - 位图数据指针
 590           *       width - 位图宽度(像素)
 591           *       height - 位图高度(像素)
 592           * 输出: 无
 593           * 返回: 无
 594           * 注意: 支持跨页绘制，按页为单位处理位图数据
 595           **************************************************************************************************/
 596          void SSD13XX_DrawBitmap(unsigned char x, unsigned char y,
 597                                  const unsigned char *bitmap, unsigned char width,
 598                                  unsigned char height) {
 599   1        unsigned char page, col, row, dat;
 600   1        unsigned int offset = 0;
 601   1        for (page = 0; page < (height + 7) / 8; page++) {
 602   2          for (col = 0; col < width; col++) {
 603   3            if (x + col >= SSD13XX_WIDTH || y + page * 8 >= SSD13XX_HEIGHT) {
 604   4              offset++;
 605   4              continue;
 606   4            }
 607   3            dat = bitmap[offset++];
 608   3            for (row = 0; row < 8; row++) {
 609   4              if (y + page * 8 + row >= SSD13XX_HEIGHT)
 610   4                break;
 611   4              if (dat & (1 << row)) {
C51 COMPILER V9.59.0.0   SSD13XX                                                           07/03/2026 13:41:52 PAGE 11  

 612   5                SSD13XX_DrawPixel(x + col, y + page * 8 + row, 1);
 613   5              }
 614   4            }
 615   3          }
 616   2        }
 617   1      }
 618          
 619          // ==================== 文本显示 ====================
 620          // void SSD1315_WriteChar(unsigned char x, unsigned char y, char c,
 621          //                        FontSize size) {
 622          //   unsigned char page, col, i;
 623          //   const unsigned char *font;
 624          //   if (size != FONT_8X8)
 625          //     return;
 626          //   if (y % 8 != 0)
 627          //     return;
 628          //   if (c < ' ' || c > '~')
 629          //     c = ' ';
 630          //   page = y / 8;
 631          //   col = x;
 632          //   font = SSD1315_Font8x8[c - ' '];
 633          
 634          //   SSD1315_WriteCommand(0xB0 | page);
 635          //   SSD1315_WriteCommand(col & 0x0F);
 636          //   SSD1315_WriteCommand(0x10 | (col >> 4));
 637          //   for (i = 0; i < 8; i++) {
 638          //     SSD1315_WriteData(font[i]);
 639          //   }
 640          // }
 641          /***************************************************************************************************
 642           * 函数名: SSD13XX_WriteChar
 643           * 描述: 在指定位置显示单个字符
 644           * 输入: x, y - 字符显示起始坐标
 645           *       c - 要显示的字符
 646           *       size - 字符大小(FONT_8X8或FONT_16X16)
 647           * 输出: 无
 648           * 返回: 无
 649           * 注意: 支持8x8和16x16两种字体大小，自动处理跨页显示
 650           **************************************************************************************************/
 651          void SSD13XX_WriteChar(unsigned char x, unsigned char y, char c,
 652                                 FontSize size) {
 653   1        unsigned char page, col, i;
 654   1        const unsigned char *font;
 655   1        if (c < ' ' || c > '~')
 656   1          c = ' ';
 657   1      
 658   1        if (size == FONT_8X8) {
 659   2          if (y % 8 != 0)
 660   2            return; // 必须页对齐
 661   2          page = y / 8;
 662   2          col = x;
 663   2          font = SSD13xx_Font8x8[c - ' '];
 664   2          SSD13XX_WriteCommand(0xB0 | page);
 665   2          SSD13XX_WriteCommand(col & 0x0F);
 666   2          SSD13XX_WriteCommand(0x10 | (col >> 4));
 667   2          for (i = 0; i < 8; i++) {
 668   3            SSD13XX_WriteData(font[i]);
 669   3          }
 670   2        } else if (size == FONT_16X16) {
 671   2          if (y % 8 != 0)
 672   2            return; // 16x16 也要求页对齐，避免跨更多页
 673   2          page = y / 8;
C51 COMPILER V9.59.0.0   SSD13XX                                                           07/03/2026 13:41:52 PAGE 12  

 674   2          col = x;
 675   2          // font = SSD13xx_Font16x16[c - ' '];
 676   2          font = SSD13xx_Font8x8[c - ' '];
 677   2          // 失能16x16字体，使用8x8字体显示 优化空间
 678   2          //  发送上半部分（第 0 ~ 7 行）
 679   2          SSD13XX_WriteCommand(0xB0 | page);
 680   2          SSD13XX_WriteCommand(col & 0x0F);
 681   2          SSD13XX_WriteCommand(0x10 | (col >> 4));
 682   2          for (i = 0; i < 8; i++) {
 683   3            SSD13XX_WriteData(font[i]);
 684   3          }
 685   2          // 发送下半部分（第 8 ~ 15 行）
 686   2          SSD13XX_WriteCommand(0xB0 | (page + 1));
 687   2          SSD13XX_WriteCommand(col & 0x0F);
 688   2          SSD13XX_WriteCommand(0x10 | (col >> 4));
 689   2          for (i = 8; i < 16; i++) {
 690   3            SSD13XX_WriteData(font[i]);
 691   3          }
 692   2        }
 693   1      }
 694          // void SSD1315_WriteString(unsigned char x, unsigned char y, char *str,
 695          // FontSize size) {
 696          
 697          //     unsigned char cx = x, cy = y;
 698          //  if (size != FONT_8X8) return;
 699          //     while (*str) {
 700          //         if (cx + 8 > SSD1315_WIDTH) {
 701          //             cx = 0;
 702          //             cy += 8;
 703          //             if (cy + 8 > SSD1315_HEIGHT) break;
 704          //         }
 705          //         SSD1315_WriteChar(cx, cy, *str, FONT_8X8);
 706          //         cx += 8;
 707          //         str++;
 708          //     }
 709          // }
 710          
 711          /***************************************************************************************************
 712           * 函数名: SSD13XX_WriteString
 713           * 描述: 在指定位置显示字符串
 714           * 输入: x, y - 字符串显示起始坐标
 715           *       str - 要显示的字符串指针
 716           *       size - 字符大小(FONT_8X8或FONT_16X16)
 717           * 输出: 无
 718           * 返回: 无
 719           * 注意: 自动处理换行，支持8x8和16x16字体
 720           **************************************************************************************************/
 721          void SSD13XX_WriteString(unsigned char x, unsigned char y, char *str,
 722                                   FontSize size) {
 723   1        unsigned char cx = x, cy = y;
 724   1        unsigned char char_width = (size == FONT_8X8) ? 8 : 16;
 725   1        unsigned char char_height = (size == FONT_8X8) ? 8 : 16;
 726   1      
 727   1        if (y % 8 != 0)
 728   1          return; // 简化：要求起始坐标页对齐
 729   1      
 730   1        while (*str) {
 731   2          if (cx + char_width > SSD13XX_WIDTH) {
 732   3            cx = 0;
 733   3            cy += char_height;
 734   3            if (cy + char_height > SSD13XX_HEIGHT)
 735   3              break;
C51 COMPILER V9.59.0.0   SSD13XX                                                           07/03/2026 13:41:52 PAGE 13  

 736   3          }
 737   2          SSD13XX_WriteChar(cx, cy, *str, size);
 738   2          cx += char_width;
 739   2          str++;
 740   2        }
 741   1      }
 742          
 743          /***************************************************************************************************
 744           * 函数名: SSD13XX_Init
 745           * 描述: 初始化SSD13XX OLED显示屏
 746           * 输入: 无
 747           * 输出: 无
 748           * 返回: 无
 749           * 注意: 配置显示参数，设置默认显示模式
 750           **************************************************************************************************/
 751          void SSD13XX_Init(void) {
 752   1        unsigned int i;
 753   1        I2C_Init();
 754   1        for (i = 0; i < 100; i++)
 755   1          I2C_Delay();
 756   1      
 757   1        SSD13XX_WriteCommand(SSD13XX_CMD_DISPLAY_OFF);
 758   1        SSD13XX_WriteCommand(SSD13XX_CMD_SET_DISPLAY_CLOCK_DIV);
 759   1        SSD13XX_WriteCommand(0x80);
 760   1        SSD13XX_WriteCommand(SSD13XX_CMD_SET_MULTIPLEX);
 761   1        SSD13XX_WriteCommand(SSD13XX_HEIGHT - 1);
 762   1        SSD13XX_WriteCommand(SSD13XX_CMD_SET_DISPLAY_OFFSET);
 763   1        SSD13XX_WriteCommand(0x00);
 764   1        SSD13XX_WriteCommand(SSD13XX_CMD_SET_START_LINE | 0x00);
 765   1        SSD13XX_WriteCommand(SSD13XX_CMD_CHARGE_PUMP);
 766   1        SSD13XX_WriteCommand(0x14);
 767   1        SSD13XX_WriteCommand(SSD13XX_CMD_MEMORY_MODE);
 768   1        SSD13XX_WriteCommand(0x00);
 769   1        SSD13XX_WriteCommand(SSD13XX_CMD_SEGREMAP);
 770   1        SSD13XX_WriteCommand(SSD13XX_CMD_COMSCAN_DEC);
 771   1        SSD13XX_WriteCommand(SSD13XX_CMD_SET_COMPINS);
 772   1        SSD13XX_WriteCommand(0x12);
 773   1        SSD13XX_WriteCommand(SSD13XX_CMD_SET_CONTRAST);
 774   1        SSD13XX_WriteCommand(0xCF);
 775   1        SSD13XX_WriteCommand(SSD13XX_CMD_SET_PRECHARGE);
 776   1        SSD13XX_WriteCommand(0xF1);
 777   1        SSD13XX_WriteCommand(SSD13XX_CMD_SET_VCOMDETECT);
 778   1        SSD13XX_WriteCommand(0x40);
 779   1        SSD13XX_WriteCommand(SSD13XX_CMD_DISPLAYALLON_RESUME);
 780   1        SSD13XX_WriteCommand(SSD13XX_CMD_NORMAL_DISPLAY);
 781   1        SSD13XX_WriteCommand(SSD13XX_CMD_DEACTIVATE_SCROLL);
 782   1        SSD13XX_WriteCommand(SSD13XX_CMD_DISPLAY_ON);
 783   1      
 784   1        I2C_Delay();
 785   1        SSD13XX_Clear();
 786   1      }
 787          
 788          /*固有组件*/
 789          /**
 790           * @brief 绘制一个进度条组件（占用一个Page，高度8像素）
 791           * @param x        组件左上角X坐标（通常为0）
 792           * @param y        组件左上角Y坐标（必须是8的倍数）
 793           * @param width    组件总宽度（像素）
 794           * @param left_str 左侧显示的字符串（如 "CPU"）
 795           * @param right_str 右侧显示的字符串（如 "67%"），可为NULL
 796           * @param percent  进度百分比（0~100）
 797           */
C51 COMPILER V9.59.0.0   SSD13XX                                                           07/03/2026 13:41:52 PAGE 14  

 798          void Draw_ProgressBar_Component(unsigned char x, unsigned char y,
 799                                          unsigned char width, char *left_str,
 800                                          char *right_str, unsigned char percent) {
 801   1        unsigned char left_width, right_width, remaining_width, fill_width;
 802   1        unsigned char bar_start_x, bar_end_x;
 803   1        unsigned char i;
 804   1      
 805   1        // 参数检查：y必须为8的倍数，否则文本无法显示
 806   1        if (y % 8 != 0)
 807   1          return;
 808   1        if (percent > 100)
 809   1          percent = 100;
 810   1        if (width < 20)
 811   1          return; // 太窄无法绘制
 812   1      
 813   1        // 计算左右文本占据的像素宽度（每个字符8像素）
 814   1        left_width = (left_str != NULL) ? (strlen(left_str) * 8) : 0;
 815   1        right_width = (right_str != NULL) ? (strlen(right_str) * 8) : 0;
 816   1      
 817   1        // 剩余宽度用于进度条（左右各留1像素边距）
 818   1        remaining_width = width - left_width - right_width - 2; // 减2是两侧留白
 819   1        if (remaining_width < 10)
 820   1          remaining_width = 10; // 最小宽度
 821   1      
 822   1        // 进度条填充宽度
 823   1        fill_width = (remaining_width * percent) / 100;
 824   1        if (fill_width < 0)
 825   1          fill_width = 0;
 826   1        if (fill_width > remaining_width)
 827   1          fill_width = remaining_width;
 828   1      
 829   1        // 计算进度条的起始和结束坐标
 830   1        bar_start_x = x + left_width + 1;        // 左侧文本后空1像素
 831   1        bar_end_x = x + width - right_width - 1; // 右侧文本前空1像素
 832   1      
 833   1        // 绘制进度条外框（高度4px，从 y+2 到 y+5）
 834   1        SSD13XX_DrawRectangle(bar_start_x, y + 2, bar_end_x, y + 5, 1);
 835   1      
 836   1        // 绘制填充部分（内部用横线填充，填充区域为 bar_start_x+1 到
 837   1        // bar_start_x+fill_width，行范围为 y+2+1 到 y+5-1）
 838   1        if (fill_width > 0) {
 839   2          for (i = y + 3; i <= y + 4;
 840   2               i++) { // 绘制两行横线，使4px高度有较好的填充效果
 841   3            SSD13XX_DrawLine(bar_start_x + 1, i, bar_start_x + fill_width, i, 1);
 842   3          }
 843   2        }
 844   1      
 845   1        if (left_str != NULL) {
 846   2          SSD13XX_WriteString(x, y, left_str, FONT_8X8);
 847   2        }
 848   1      
 849   1        if (right_str != NULL) {
 850   2          unsigned char right_text_x = x + width - right_width;
 851   2          SSD13XX_WriteString(right_text_x, y, right_str, FONT_8X8);
 852   2        }
 853   1      }
 854          // 测试
 855          
 856          void SSD13XX_ShowAllChars(void) {
 857   1        unsigned char x, y;
 858   1        unsigned char ch;
 859   1      
C51 COMPILER V9.59.0.0   SSD13XX                                                           07/03/2026 13:41:52 PAGE 15  

 860   1        SSD13XX_Clear();
 861   1      
 862   1        for (ch = 32; ch <= 127; ch++) {
 863   2      
 864   2          x = (ch - 32) % 16 * 8;
 865   2          y = (ch - 32) / 16 * 8;
 866   2          SSD13XX_WriteChar(x, y, ch, FONT_8X8);
 867   2        }
 868   1      }
 869          
 870          /**
 871           * @brief 双行进度条组件（占用2个Page，高度16像素）
 872           * @param x         左上角X坐标（通常为0）
 873           * @param y         左上角Y坐标（必须是8的倍数）
 874           * @param width     组件总宽度（像素）
 875           * @param title     第一行左侧标题字符串
 876           * @param title_right 第一行右侧字符串（可为NULL）
 877           * @param label     第二行左侧标签（可为NULL）
 878           * @param percent   第二行右侧显示的百分比数值（0-100）
 879           */
 880          void Draw_ProgressBar_Double(unsigned char x, unsigned char y,
 881                                       unsigned char width, char *title,
 882                                       char *title_right, char *label,
 883                                       unsigned char percent) {
 884   1        unsigned char title_right_width, percent_str_width;
 885   1        unsigned char left_label_width;
 886   1        unsigned char bar_start_x, bar_end_x, bar_width, fill_width;
 887   1        unsigned char i;
 888   1        char percent_str[5];
 889   1        unsigned char second_y;
 890   1      
 891   1        // 必须页对齐
 892   1        if (y % 8 != 0)
 893   1          return;
 894   1        if (percent > 100)
 895   1          percent = 100;
 896   1        if (width < 30)
 897   1          return;
 898   1      
 899   1        // ========== 第一行（Page y/8）==========
 900   1        if (title != NULL) {
 901   2          SSD13XX_WriteString(x, y, title, FONT_8X8);
 902   2        }
 903   1        if (title_right != NULL) {
 904   2          title_right_width = strlen(title_right) * 8;
 905   2          SSD13XX_WriteString(x + width - title_right_width, y, title_right,
 906   2                              FONT_8X8);
 907   2        }
 908   1      
 909   1        // ========== 第二行（Page y/8 + 1）==========
 910   1        second_y = y + 8;
 911   1      
 912   1        // 左侧标签宽度
 913   1        left_label_width = (label != NULL) ? (strlen(label) * 8) : 0;
 914   1        if (label != NULL) {
 915   2          SSD13XX_WriteString(x, second_y, label, FONT_8X8);
 916   2        }
 917   1      
 918   1        // 生成百分比字符串
 919   1        if (percent >= 100) {
 920   2          percent_str[0] = '1';
 921   2          percent_str[1] = '0';
C51 COMPILER V9.59.0.0   SSD13XX                                                           07/03/2026 13:41:52 PAGE 16  

 922   2          percent_str[2] = '0';
 923   2          percent_str[3] = '%';
 924   2          percent_str[4] = '\0';
 925   2        } else if (percent >= 10) {
 926   2          percent_str[0] = (percent / 10) + '0';
 927   2          percent_str[1] = (percent % 10) + '0';
 928   2          percent_str[2] = '%';
 929   2          percent_str[3] = '\0';
 930   2        } else {
 931   2          percent_str[0] = (percent % 10) + '0';
 932   2          percent_str[1] = '%';
 933   2          percent_str[2] = '\0';
 934   2        }
 935   1        percent_str_width = strlen(percent_str) * 8;
 936   1      
 937   1        // 进度条左右边界（左右各留3像素边距，左对齐）
 938   1        bar_start_x = x + left_label_width + 3;
 939   1        bar_start_x = x + 3; // 紧贴左侧标签，空3像素
 940   1        bar_end_x =
 941   1            x + width - percent_str_width - 3; // 右侧紧贴百分比文本前，空3像素
 942   1        if (bar_end_x <= bar_start_x) {
 943   2          // 空间不足，不绘制进度条
 944   2          return;
 945   2        }
 946   1        bar_width = bar_end_x - bar_start_x; // 实际可用宽度
 947   1      
 948   1        fill_width = (bar_width * percent) / 100;
 949   1        if (fill_width > bar_width)
 950   1          fill_width = bar_width;
 951   1        if (fill_width < 0)
 952   1          fill_width = 0;
 953   1      
 954   1        // 绘制进度条外框（高度4px，位于第二行垂直居中：y+2 到 y+5）
 955   1        SSD13XX_DrawRectangle(bar_start_x, second_y + 2, bar_end_x, second_y + 5, 1);
 956   1      
 957   1        // 绘制填充部分（两行横线，使4px高度饱满）
 958   1        if (fill_width > 0) {
 959   2          for (i = second_y + 3; i <= second_y + 4; i++) {
 960   3            SSD13XX_DrawLine(bar_start_x + 1, i, bar_start_x + fill_width, i, 1);
 961   3          }
 962   2        }
 963   1      
 964   1        // 显示右侧百分比（右对齐，紧贴右边距3像素）
 965   1        if (percent_str[0] != '\0') {
 966   2          SSD13XX_WriteString(x + width - percent_str_width, second_y, percent_str,
 967   2                              FONT_8X8);
 968   2        }
 969   1      }


MODULE INFORMATION:   STATIC OVERLAYABLE
   CODE SIZE        =   3368    ----
   CONSTANT SIZE    =    760    ----
   XDATA SIZE       =    128      90
   PDATA SIZE       =   ----    ----
   DATA SIZE        =   ----    ----
   IDATA SIZE       =   ----      24
   BIT SIZE         =   ----       1
END OF MODULE INFORMATION.


C51 COMPILATION COMPLETE.  1 WARNING(S),  0 ERROR(S)
