C51 COMPILER V9.59.0.0   MAIN                                                              07/13/2025 00:36:25 PAGE 1   


C51 COMPILER V9.59.0.0, COMPILATION OF MODULE MAIN
OBJECT MODULE PLACED IN .\Objects\main.obj
COMPILER INVOKED BY: D:\Keil_v5\C51\BIN\C51.EXE main.c OPTIMIZE(8,SPEED) BROWSE DEBUG OBJECTEXTEND PRINT(.\Listings\main
                    -.lst) TABS(2) OBJECT(.\Objects\main.obj)

line level    source

   1          #include <Ser.h>
   2          #include <Timer.h>
   3          #include <stdio.h>
   4          #include <Util.h>
   5          #include <Max7219.h>
   6          #include <TM1637.h>
   7          
   8          /* ----串口消息格式----
   9           *时间戳: 2023-10-24-16:00:00^
  10           *继电器状态 000^
  11           *温湿度 00.00^00.00^
  12           *完全格式 2023-10-24-16:00:00^000^00.00^00.00^
  13           */
  14          
  15          sbit Relay1 = P0 ^ 3;
  16          sbit Relay2 = P0 ^ 2;
  17          sbit Relay3 = P0 ^ 4;
  18          
  19          sbit RelayLED1 = P1 ^ 1;
  20          sbit RelayLED2 = P1 ^ 2;
  21          sbit RelayLED3 = P1 ^ 4;
  22          sbit WarnLed = P1 ^ 7;
  23          
  24          sbit infrared = P1 ^ 3;
  25          
  26          sbit RelayButton = P0 ^ 0;
  27          sbit SettingButton = P0 ^ 1;
  28          
  29          sbit BuzzerS1 = P0 ^ 0;
  30          
  31          void main()
  32          {
  33   1          char xdata *msg, *timestr;
  34   1          struct UtilOBJ xdata dat;
  35   1          unsigned int time;
  36   1          unsigned char i;
  37   1          unsigned char *IRdata;
  38   1          unsigned char xdata relaySetPos = 1, Timercount = 0;
  39   1          int xdata timecount = 0;
  40   1          bit dateOrTempFlag = 0;
  41   1          bit bitlogrelay = 0;
  42   1          bit settingflag = 0;
  43   1          bit flip = 0;
  44   1      
  45   1          ///////////////////////////////////////////
  46   1          UART_Init();
  47   1          // 初始化串口
  48   1          TM1637_Init();
  49   1          Max7219_Init();
  50   1      
  51   1          InitExternalInterrupt0();
  52   1      
  53   1          Relay1 = 0;
  54   1          Relay2 = 0;
C51 COMPILER V9.59.0.0   MAIN                                                              07/13/2025 00:36:25 PAGE 2   

  55   1          Relay3 = 0;
  56   1          RelayLED1 = 0;
  57   1          RelayLED2 = 0;
  58   1          RelayLED3 = 0;
  59   1          WarnLed = 0;
  60   1          BuzzerS1 = 0;
  61   1      
  62   1          //////////////////////////////////////////
  63   1      
  64   1          UART_SendString("51 Ready!\r\n");
  65   1      
  66   1          //////////////////////////////////////////
  67   1          while (1)
  68   1          {
  69   2              // timecount++;
  70   2              // if (timecount % 100 == 0)
  71   2              // {
  72   2              // }
  73   2      
  74   2              // UART_SendString("Hello, World!\r\n");
  75   2              if (getRec())
  76   2              {
  77   3      
  78   3                  // 串口获取内部是标准的1s计时器
  79   3                  timecount++;
  80   3                  Timercount++;
  81   3                  msg = getData();
  82   3                  dat = getUtil(msg);
  83   3      
  84   3                  // sprintf(timestr, "%d", ((dat.Time[0] - '0') * 10 + (dat.Time[1] - '0')) * 100 + ((dat.Time[
             -2] - '0') * 10 + (dat.Time[3] - '0')));
  85   3                  sprintf(timestr, "%d%d%d%d", dat.Time[0], dat.Time[1], dat.Time[2], dat.Time[3]);
  86   3      
  87   3                  time = ((dat.Time[0] - '0') * 10 + (dat.Time[1] - '0')) * 100 + ((dat.Time[2] - '0') * 10 + (d
             -at.Time[3] - '0'));
  88   3      
  89   3                  //////////////////////////////////////
  90   3                  UART_SendString(msg);
  91   3                  UART_SendString(timestr);
  92   3                  UART_SendChar('\n');
  93   3                  // UART_SendString(dat.Relay1);
  94   3                  UART_SendChar(dat.Relay1 ? '1' : '0');
  95   3                  UART_SendChar('\n');
  96   3                  // UART_SendString(dat.Relay2);
  97   3                  UART_SendChar(dat.Relay2 ? '1' : '0');
  98   3                  UART_SendChar('\n');
  99   3                  // UART_SendString(dat.Relay3);
 100   3                  UART_SendChar(dat.Relay3 ? '1' : '0');
 101   3                  UART_SendChar('\n');
 102   3      
 103   3                  // Max7921StringDisplay(dat.Date);
 104   3                  // Max7219StringDisplay(dat.Date);
 105   3                  /*时间与温湿度*/
 106   3                  // Max7219TemperatureAndHumitidyDisplay(dat.Temperature, dat.Humidity);
 107   3                  if (dateOrTempFlag)
 108   3                  {
 109   4                      Max7219DateDisplay(dat.Date);
 110   4                  }
 111   3                  else
 112   3                  {
 113   4                      Max7219TemperatureAndHumitidyDisplay(dat.Temperature, dat.Humidity);
 114   4                  }
C51 COMPILER V9.59.0.0   MAIN                                                              07/13/2025 00:36:25 PAGE 3   

 115   3      
 116   3                  if (timecount % 10 == 0)
 117   3                  {
 118   4                      dateOrTempFlag = !dateOrTempFlag;
 119   4                  }
 120   3      
 121   3                  TM1637_Display4Num(time, flip);
 122   3                  // TM1637_StringDisplay(dat.Time, flip);
 123   3                  flip = !flip; // 翻转显示时间冒号
 124   3                  ClearBuffer();
 125   3      
 126   3                  // Max7219_Clear();
 127   3                  /*继电器*/
 128   3                  Relay1 = dat.Relay1;
 129   3                  Relay2 = dat.Relay2;
 130   3                  Relay3 = dat.Relay3;
 131   3                  /*继电器灯光继承*/
 132   3                  RelayLED1 = Relay1;
 133   3                  RelayLED2 = Relay2;
 134   3                  RelayLED3 = Relay3;
 135   3              }
 136   2      
 137   2              if (getIRFlag())
 138   2              {
 139   3                  IRdata = getIRData();
 140   3      
 141   3                  // 发送标题
 142   3                  UART_SendString("IR Code: ");
 143   3      
 144   3                  // 逐个字节转换为16进制字符串发送
 145   3                  for (i = 0; i < 4; i++)
 146   3                  {
 147   4                      // 发送高4位
 148   4                      UART_SendChar((IRdata[i] >> 4) < 10 ? (IRdata[i] >> 4) + '0' : (IRdata[i] >> 4) + 'A' - 10
             -);
 149   4                      // 发送低4位
 150   4                      UART_SendChar((IRdata[i] & 0x0F) < 10 ? (IRdata[i] & 0x0F) + '0' : (IRdata[i] & 0x0F) + 'A
             -' - 10);
 151   4                      UART_SendChar(' ');
 152   4                  }
 153   3      
 154   3                  UART_SendString("\r\n"); // 换行
 155   3              }
 156   2      
 157   2              /*处理按钮调节*/
 158   2              if (SettingButton)
 159   2              {
 160   3                  settingflag = 1;
 161   3                  Timercount = 0;                   // 重置计时器
 162   3                  dateOrTempFlag = !dateOrTempFlag; // 直接翻转
 163   3                  dat.WarnFlag = 0;
 164   3              }
 165   2              // 警告状态
 166   2              if (dat.WarnFlag)
 167   2              {
 168   3                  WarnLed = 1;
 169   3                  BuzzerS1 = 1;
 170   3              }
 171   2              else
 172   2              {
 173   3                  WarnLed = 0;
 174   3                  BuzzerS1 = 0;
C51 COMPILER V9.59.0.0   MAIN                                                              07/13/2025 00:36:25 PAGE 4   

 175   3              }
 176   2      
 177   2              if (settingflag)
 178   2              {
 179   3                  // Delay_ms(1000); // 处于设置模式时延时
 180   3                  WarnLed = 1;
 181   3      
 182   3                  relaySetPos++;
 183   3                  if (relaySetPos >= 3)
 184   3                  {
 185   4                      relaySetPos = 1;
 186   4                  }
 187   3      
 188   3                  switch (relaySetPos)
 189   3                  {
 190   4                  case 1:
 191   4                      RelayLED1 = 1;
 192   4                      RelayLED2 = 0, RelayLED3 = 0;
 193   4                      break;
 194   4                  case 2:
 195   4                      RelayLED1 = 0;
 196   4                      RelayLED2 = 1, RelayLED3 = 0;
 197   4                      break;
 198   4                  case 3:
 199   4                      RelayLED1 = 0;
 200   4                      RelayLED2 = 0, RelayLED3 = 1;
 201   4                      break;
 202   4      
 203   4                  default:
 204   4                      break;
 205   4                  }
 206   3      
 207   3                  if (RelayButton == 1)
 208   3                  {
 209   4                      RelayBuzzer();
 210   4                      switch (relaySetPos)
 211   4                      {
 212   5                      case 1:
 213   5                          Relay1 = (Relay1 == 1 ? 0 : 1);
 214   5                          break;
 215   5                      case 2:
 216   5                          Relay2 = (Relay2 == 1 ? 0 : 1);
 217   5                          break;
 218   5                      case 3:
 219   5                          Relay3 = (Relay3 == 1 ? 0 : 1);
 220   5                          break;
 221   5      
 222   5                      default:
 223   5                          break;
 224   5                      }
 225   4                  }
 226   3      
 227   3                  // 十秒取消
 228   3                  if (Timercount >= 10)
 229   3                  {
 230   4                      settingflag = 0;
 231   4                      WarnLed = 0;
 232   4                  }
 233   3              }
 234   2      
 235   2              /*继电器灯光继承*/
 236   2              RelayLED1 = Relay1;
C51 COMPILER V9.59.0.0   MAIN                                                              07/13/2025 00:36:25 PAGE 5   

 237   2              RelayLED2 = Relay2;
 238   2              RelayLED3 = Relay3;
 239   2      
 240   2              // Delay_ms(10);
 241   2              // Delay_ms(150);
 242   2              Delay1000ms1();
 243   2          }
 244   1          //////////////////////////////////////////
 245   1      }


MODULE INFORMATION:   STATIC OVERLAYABLE
   CODE SIZE        =    808    ----
   CONSTANT SIZE    =     34    ----
   XDATA SIZE       =   ----      35
   PDATA SIZE       =   ----    ----
   DATA SIZE        =   ----      11
   IDATA SIZE       =   ----    ----
   BIT SIZE         =   ----       4
END OF MODULE INFORMATION.


C51 COMPILATION COMPLETE.  0 WARNING(S),  0 ERROR(S)
