Component: ARM Compiler 5.06 update 6 (build 750) Tool: armlink [4d35ed]

==============================================================================

Section Cross References

    startup_stm32f10x_md.o(STACK) refers (Special) to heapauxi.o(.text) for __use_two_region_memory
    startup_stm32f10x_md.o(HEAP) refers (Special) to heapauxi.o(.text) for __use_two_region_memory
    startup_stm32f10x_md.o(RESET) refers (Special) to heapauxi.o(.text) for __use_two_region_memory
    startup_stm32f10x_md.o(RESET) refers to startup_stm32f10x_md.o(STACK) for __initial_sp
    startup_stm32f10x_md.o(RESET) refers to startup_stm32f10x_md.o(.text) for Reset_Handler
    startup_stm32f10x_md.o(RESET) refers to stm32f10x_it.o(i.NMI_Handler) for NMI_Handler
    startup_stm32f10x_md.o(RESET) refers to stm32f10x_it.o(i.HardFault_Handler) for HardFault_Handler
    startup_stm32f10x_md.o(RESET) refers to stm32f10x_it.o(i.MemManage_Handler) for MemManage_Handler
    startup_stm32f10x_md.o(RESET) refers to stm32f10x_it.o(i.BusFault_Handler) for BusFault_Handler
    startup_stm32f10x_md.o(RESET) refers to stm32f10x_it.o(i.UsageFault_Handler) for UsageFault_Handler
    startup_stm32f10x_md.o(RESET) refers to stm32f10x_it.o(i.SVC_Handler) for SVC_Handler
    startup_stm32f10x_md.o(RESET) refers to stm32f10x_it.o(i.DebugMon_Handler) for DebugMon_Handler
    startup_stm32f10x_md.o(RESET) refers to stm32f10x_it.o(i.PendSV_Handler) for PendSV_Handler
    startup_stm32f10x_md.o(RESET) refers to stm32f10x_it.o(i.SysTick_Handler) for SysTick_Handler
    startup_stm32f10x_md.o(RESET) refers to main.o(i.TIM2_IRQHandler) for TIM2_IRQHandler
    startup_stm32f10x_md.o(.text) refers (Special) to heapauxi.o(.text) for __use_two_region_memory
    startup_stm32f10x_md.o(.text) refers to system_stm32f10x.o(i.SystemInit) for SystemInit
    startup_stm32f10x_md.o(.text) refers to __main.o(!!!main) for __main
    startup_stm32f10x_md.o(.text) refers to startup_stm32f10x_md.o(HEAP) for Heap_Mem
    startup_stm32f10x_md.o(.text) refers to startup_stm32f10x_md.o(STACK) for Stack_Mem
    system_stm32f10x.o(i.SetSysClock) refers to system_stm32f10x.o(i.SetSysClockTo72) for SetSysClockTo72
    system_stm32f10x.o(i.SystemCoreClockUpdate) refers to system_stm32f10x.o(.data) for SystemCoreClock
    system_stm32f10x.o(i.SystemInit) refers to system_stm32f10x.o(i.SetSysClock) for SetSysClock
    main.o(i.Bmp280_Read) refers to bmp280_s.o(i.BMP280_Sensor_Read) for BMP280_Sensor_Read
    main.o(i.Bmp280_Read) refers to bmp280_s.o(i.BMP280_Sensor_ReadTemperature) for BMP280_Sensor_ReadTemperature
    main.o(i.Bmp280_Read) refers to bmp280_s.o(i.BMP280_Sensor_ReadPressure) for BMP280_Sensor_ReadPressure
    main.o(i.Bmp280_Read) refers to main.o(.data) for bmpTemp
    main.o(i.Data_Acquire) refers to main.o(i.Fast_Sensors_Read) for Fast_Sensors_Read
    main.o(i.Data_Acquire) refers to main.o(i.Dht11_Read) for Dht11_Read
    main.o(i.Data_Acquire) refers to main.o(i.Bmp280_Read) for Bmp280_Read
    main.o(i.Data_Acquire) refers to main.o(.data) for lastDht11
    main.o(i.Dht11_Read) refers to dht11_s.o(i.DHT11_S_Read) for DHT11_S_Read
    main.o(i.Dht11_Read) refers to uart.o(i.UART_Printf) for UART_Printf
    main.o(i.Dht11_Read) refers to main.o(.data) for dht11Temp
    main.o(i.Fast_Sensors_Read) refers to adc.o(i.Adc_ReadVoltage) for Adc_ReadVoltage
    main.o(i.Fast_Sensors_Read) refers to rain_s.o(i.Rain_Sensor_IsRain) for Rain_Sensor_IsRain
    main.o(i.Fast_Sensors_Read) refers to light_s.o(i.Light_Sensor_Read) for Light_Sensor_Read
    main.o(i.Fast_Sensors_Read) refers to light_s.o(i.Light_Sensor_IsNight) for Light_Sensor_IsNight
    main.o(i.Fast_Sensors_Read) refers to main.o(.data) for ptVoltage
    main.o(i.Key_Process) refers to key.o(i.Key_Read) for Key_Read
    main.o(i.Key_Process) refers to uart.o(i.UART_Printf) for UART_Printf
    main.o(i.Key_Process) refers to fleqf.o(x$fpl$fleqf) for __aeabi_cfcmple
    main.o(i.Key_Process) refers to main.o(i.Set_Light) for Set_Light
    main.o(i.Key_Process) refers to jumper.o(i.Jumper_IsOLEDPowerOn) for Jumper_IsOLEDPowerOn
    main.o(i.Key_Process) refers to main.o(.data) for batteryVoltage
    main.o(i.Light_Auto_Control) refers to jumper.o(i.Jumper_IsNightAutoTurnOnLight) for Jumper_IsNightAutoTurnOnLight
    main.o(i.Light_Auto_Control) refers to main.o(i.Set_Light) for Set_Light
    main.o(i.Light_Auto_Control) refers to uart.o(i.UART_Printf) for UART_Printf
    main.o(i.Light_Auto_Control) refers to main.o(.data) for isNight
    main.o(i.Oled_Manage) refers to jumper.o(i.Jumper_IsOLEDPowerOn) for Jumper_IsOLEDPowerOn
    main.o(i.Oled_Manage) refers to oled_lightpower.o(i.Oled_LightPower_On) for Oled_LightPower_On
    main.o(i.Oled_Manage) refers to uart.o(i.UART_SendString) for UART_SendString
    main.o(i.Oled_Manage) refers to oled_lightpower.o(i.Oled_LightPower_Off) for Oled_LightPower_Off
    main.o(i.Oled_Manage) refers to main.o(.data) for oledOffTick
[...]
    i.PendSV_Handler                         0x08003044   Section        0  stm32f10x_it.o(i.PendSV_Handler)
    i.RCC_ADCCLKConfig                       0x08003048   Section        0  stm32f10x_rcc.o(i.RCC_ADCCLKConfig)
    i.RCC_APB1PeriphClockCmd                 0x08003060   Section        0  stm32f10x_rcc.o(i.RCC_APB1PeriphClockCmd)
    i.RCC_APB2PeriphClockCmd                 0x08003080   Section        0  stm32f10x_rcc.o(i.RCC_APB2PeriphClockCmd)
    i.RCC_GetClocksFreq                      0x080030a0   Section        0  stm32f10x_rcc.o(i.RCC_GetClocksFreq)
    i.Rain_Sensor_Init                       0x08003174   Section        0  rain_s.o(i.Rain_Sensor_Init)
    i.Rain_Sensor_IsRain                     0x080031fc   Section        0  rain_s.o(i.Rain_Sensor_IsRain)
    i.Rain_Sensor_Read                       0x08003214   Section        0  rain_s.o(i.Rain_Sensor_Read)
    i.SVC_Handler                            0x08003250   Section        0  stm32f10x_it.o(i.SVC_Handler)
    i.SetSysClock                            0x08003252   Section        0  system_stm32f10x.o(i.SetSysClock)
    SetSysClock                              0x08003253   Thumb Code     8  system_stm32f10x.o(i.SetSysClock)
    i.SetSysClockTo72                        0x0800325c   Section        0  system_stm32f10x.o(i.SetSysClockTo72)
    SetSysClockTo72                          0x0800325d   Thumb Code   214  system_stm32f10x.o(i.SetSysClockTo72)
    i.Set_Light                              0x0800333c   Section        0  main.o(i.Set_Light)
    Set_Light                                0x0800333d   Thumb Code    22  main.o(i.Set_Light)
    i.SysTick_Handler                        0x08003358   Section        0  stm32f10x_it.o(i.SysTick_Handler)
    i.SystemInit                             0x0800335c   Section        0  system_stm32f10x.o(i.SystemInit)
    i.TIM2_IRQHandler                        0x080033bc   Section        0  main.o(i.TIM2_IRQHandler)
    i.TIM_ARRPreloadConfig                   0x080033e0   Section        0  stm32f10x_tim.o(i.TIM_ARRPreloadConfig)
    i.TIM_ClearITPendingBit                  0x080033f8   Section        0  stm32f10x_tim.o(i.TIM_ClearITPendingBit)
    i.TIM_Cmd                                0x080033fe   Section        0  stm32f10x_tim.o(i.TIM_Cmd)
    i.TIM_CtrlPWMOutputs                     0x08003416   Section        0  stm32f10x_tim.o(i.TIM_CtrlPWMOutputs)
    i.TIM_GetITStatus                        0x08003434   Section        0  stm32f10x_tim.o(i.TIM_GetITStatus)
    i.TIM_ITConfig                           0x08003456   Section        0  stm32f10x_tim.o(i.TIM_ITConfig)
    i.TIM_OC1Init                            0x08003468   Section        0  stm32f10x_tim.o(i.TIM_OC1Init)
    i.TIM_OC1PreloadConfig                   0x08003500   Section        0  stm32f10x_tim.o(i.TIM_OC1PreloadConfig)
    i.TIM_TimeBaseInit                       0x08003514   Section        0  stm32f10x_tim.o(i.TIM_TimeBaseInit)
    i.Tick_Init                              0x080035b8   Section        0  main.o(i.Tick_Init)
    Tick_Init                                0x080035b9   Thumb Code    94  main.o(i.Tick_Init)
    i.Tick_Process                           0x08003618   Section        0  main.o(i.Tick_Process)
    Tick_Process                             0x08003619   Thumb Code    46  main.o(i.Tick_Process)
    i.UART_Heartbeat                         0x0800364c   Section        0  main.o(i.UART_Heartbeat)
    UART_Heartbeat                           0x0800364d   Thumb Code   360  main.o(i.UART_Heartbeat)
    i.UART_Init                              0x08003980   Section        0  uart.o(i.UART_Init)
    i.UART_Printf                            0x080039fc   Section        0  uart.o(i.UART_Printf)
    i.UART_SendChar                          0x08003a24   Section        0  uart.o(i.UART_SendChar)
    i.UART_SendString                        0x08003a44   Section        0  uart.o(i.UART_SendString)
    i.USART_Cmd                              0x08003a66   Section        0  stm32f10x_usart.o(i.USART_Cmd)
    i.USART_GetFlagStatus                    0x08003a7e   Section        0  stm32f10x_usart.o(i.USART_GetFlagStatus)
    i.USART_Init                             0x08003a98   Section        0  stm32f10x_usart.o(i.USART_Init)
    i.USART_SendData                         0x08003b70   Section        0  stm32f10x_usart.o(i.USART_SendData)
    i.UsageFault_Handler                     0x08003b78   Section        0  stm32f10x_it.o(i.UsageFault_Handler)
    i.__ARM_fpclassify                       0x08003b7c   Section        0  fpclassify.o(i.__ARM_fpclassify)
    i._is_digit                              0x08003ba4   Section        0  __printf_wp.o(i._is_digit)
    i.checkDHT11_S                           0x08003bb4   Section        0  dht11_s.o(i.checkDHT11_S)
    i.init_DHT11_S                           0x08003c20   Section        0  dht11_s.o(i.init_DHT11_S)
    i.main                                   0x08003c60   Section        0  main.o(i.main)
    i.readDHT11_S                            0x08003df8   Section        0  dht11_s.o(i.readDHT11_S)
    i.readDHT11_S_Byte                       0x08003e50   Section        0  dht11_s.o(i.readDHT11_S_Byte)
    i.rstDHT11_S                             0x08003e70   Section        0  dht11_s.o(i.rstDHT11_S)
    locale$$code                             0x08003eb4   Section       44  lc_numeric_c.o(locale$$code)
    locale$$code                             0x08003ee0   Section       44  lc_ctype_c.o(locale$$code)
    x$fpl$d2f                                0x08003f0c   Section       98  d2f.o(x$fpl$d2f)
    x$fpl$dadd                               0x08003f70   Section      336  daddsub_clz.o(x$fpl$dadd)
    _dadd1                                   0x08003f81   Thumb Code     0  daddsub_clz.o(x$fpl$dadd)
    x$fpl$dnaninf                            0x080040c0   Section      156  dnaninf.o(x$fpl$dnaninf)
    x$fpl$dretinf                            0x0800415c   Section       12  dretinf.o(x$fpl$dretinf)
    x$fpl$dsub                               0x08004168   Section      468  daddsub_clz.o(x$fpl$dsub)
    _dsub1                                   0x08004179   Thumb Code     0  daddsub_clz.o(x$fpl$dsub)
    x$fpl$f2d                                0x0800433c   Section       86  f2d.o(x$fpl$f2d)
    x$fpl$fadd                               0x08004394   Section      196  faddsub_clz.o(x$fpl$fadd)
    _fadd1                                   0x080043a3   Thumb Code     0  faddsub_clz.o(x$fpl$fadd)
    x$fpl$fcmpinf                            0x08004458   Section       24  fcmpi.o(x$fpl$fcmpinf)
    x$fpl$fdiv                               0x08004470   Section      388  fdiv.o(x$fpl$fdiv)
    _fdiv1                                   0x08004471   Thumb Code     0  fdiv.o(x$fpl$fdiv)
    x$fpl$ffix                               0x080045f4   Section       54  ffix.o(x$fpl$ffix)
    x$fpl$fflt                               0x0800462c   Section       48  fflt_clz.o(x$fpl$fflt)
    x$fpl$ffltll                             0x0800465c   Section       96  ffltll_clz.o(x$fpl$ffltll)
    x$fpl$ffltu                              0x080046bc   Section       38  fflt_clz.o(x$fpl$ffltu)
    x$fpl$fleqf                              0x080046e4   Section      104  fleqf.o(x$fpl$fleqf)
    x$fpl$fmul                               0x0800474c   Section      258  fmul.o(x$fpl$fmul)
    x$fpl$fnaninf                            0x0800484e   Section      140  fnaninf.o(x$fpl$fnaninf)
    x$fpl$fretinf                            0x080048da   Section       10  fretinf.o(x$fpl$fretinf)
    x$fpl$fsub                               0x080048e4   Section      234  faddsub_clz.o(x$fpl$fsub)
    _fsub1                                   0x080048f3   Thumb Code     0  faddsub_clz.o(x$fpl$fsub)
    x$fpl$printf1                            0x080049ce   Section        4  printf1.o(x$fpl$printf1)
    x$fpl$printf2                            0x080049d2   Section        4  printf2.o(x$fpl$printf2)
    x$fpl$usenofp                            0x080049d6   Section        0  usenofp.o(x$fpl$usenofp)
    .constdata                               0x080049d8   Section        8  _printf_wctomb.o(.constdata)
    initial_mbstate                          0x080049d8   Data           8  _printf_wctomb.o(.constdata)
    .constdata                               0x080049e0   Section       40  _printf_hex_int_ll_ptr.o(.constdata)
    uc_hextab                                0x080049e0   Data          20  _printf_hex_int_ll_ptr.o(.constdata)
    lc_hextab                                0x080049f4   Data          20  _printf_hex_int_ll_ptr.o(.constdata)
    .constdata                               0x08004a08   Section       17  __printf_flags_ss_wp.o(.constdata)
    maptable                                 0x08004a08   Data          17  __printf_flags_ss_wp.o(.constdata)
    .constdata                               0x08004a19   Section       38  _printf_fp_hex.o(.constdata)
    lc_hextab                                0x08004a19   Data          19  _printf_fp_hex.o(.constdata)
    uc_hextab                                0x08004a2c   Data          19  _printf_fp_hex.o(.constdata)
    .constdata                               0x08004a40   Section      148  bigflt0.o(.constdata)
    tenpwrs_x                                0x08004a40   Data          60  bigflt0.o(.constdata)
    tenpwrs_i                                0x08004a7c   Data          64  bigflt0.o(.constdata)
    locale$$data                             0x08004af4   Section       28  lc_numeric_c.o(locale$$data)
    __lcnum_c_name                           0x08004af8   Data           2  lc_numeric_c.o(locale$$data)
    __lcnum_c_start                          0x08004b00   Data           0  lc_numeric_c.o(locale$$data)
    __lcnum_c_point                          0x08004b0c   Data           0  lc_numeric_c.o(locale$$data)
    __lcnum_c_thousands                      0x08004b0e   Data           0  lc_numeric_c.o(locale$$data)
    __lcnum_c_grouping                       0x08004b0f   Data           0  lc_numeric_c.o(locale$$data)
    locale$$data                             0x08004b10   Section      272  lc_ctype_c.o(locale$$data)
    __lcnum_c_end                            0x08004b10   Data           0  lc_numeric_c.o(locale$$data)
    __lcctype_c_name                         0x08004b14   Data           2  lc_ctype_c.o(locale$$data)
    __lcctype_c_start                        0x08004b1c   Data           0  lc_ctype_c.o(locale$$data)
    __lcctype_c_end                          0x08004c20   Data           0  lc_ctype_c.o(locale$$data)
    .data                                    0x20000000   Section       52  main.o(.data)
    tickCounter                              0x20000000   Data           4  main.o(.data)
    dht11Temp                                0x20000004   Data           1  main.o(.data)
    dht11Humi                                0x20000005   Data           1  main.o(.data)
    bmpTemp                                  0x20000008   Data           4  main.o(.data)
    bmpPress                                 0x2000000c   Data           4  main.o(.data)
    isRain                                   0x20000010   Data           1  main.o(.data)
    isNight                                  0x20000011   Data           1  main.o(.data)
    lightMv                                  0x20000012   Data           2  main.o(.data)
    ptVoltage                                0x20000014   Data           4  main.o(.data)
    batteryVoltage                           0x20000018   Data           4  main.o(.data)
    lightOn                                  0x2000001c   Data           1  main.o(.data)
    lastNight                                0x2000001d   Data           1  main.o(.data)
    oledPowered                              0x2000001e   Data           1  main.o(.data)
    oledOffTick                              0x20000020   Data           4  main.o(.data)
    dht11Ok                                  0x20000024   Data           1  main.o(.data)
    lastOk                                   0x20000025   Data           1  main.o(.data)
    lastDht11                                0x20000028   Data           4  main.o(.data)
    lastBmp280                               0x2000002c   Data           4  main.o(.data)
    lastHeartbeat                            0x20000030   Data           4  main.o(.data)
    .data                                    0x20000034   Section       20  stm32f10x_rcc.o(.data)
    APBAHBPrescTable                         0x20000034   Data          16  stm32f10x_rcc.o(.data)
    ADCPrescTable                            0x20000044   Data           4  stm32f10x_rcc.o(.data)
    .data                                    0x20000048   Section       36  bmp280_s.o(.data)
    dig_T1                                   0x20000048   Data           2  bmp280_s.o(.data)
    dig_T2                                   0x2000004a   Data           2  bmp280_s.o(.data)
    dig_T3                                   0x2000004c   Data           2  bmp280_s.o(.data)
    dig_P1                                   0x2000004e   Data           2  bmp280_s.o(.data)
    dig_P2                                   0x20000050   Data           2  bmp280_s.o(.data)
    dig_P3                                   0x20000052   Data           2  bmp280_s.o(.data)
    dig_P4                                   0x20000054   Data           2  bmp280_s.o(.data)
    dig_P5                                   0x20000056   Data           2  bmp280_s.o(.data)
    dig_P6                                   0x20000058   Data           2  bmp280_s.o(.data)
    dig_P7                                   0x2000005a   Data           2  bmp280_s.o(.data)
    dig_P8                                   0x2000005c   Data           2  bmp280_s.o(.data)
    dig_P9                                   0x2000005e   Data           2  bmp280_s.o(.data)
    t_fine                                   0x20000060   Data           4  bmp280_s.o(.data)
    adc_T                                    0x20000064   Data           4  bmp280_s.o(.data)
    adc_P                                    0x20000068   Data           4  bmp280_s.o(.data)
    .data                                    0x2000006c   Section        4  buzzer.o(.data)
    buzzer_arr                               0x2000006c   Data           2  buzzer.o(.data)
    buzzer_psc                               0x2000006e   Data           2  buzzer.o(.data)
    .bss                                     0x20000070   Section       96  libspace.o(.bss)
    HEAP                                     0x200000d0   Section      512  startup_stm32f10x_md.o(HEAP)
    Heap_Mem                                 0x200000d0   Data         512  startup_stm32f10x_md.o(HEAP)
    STACK                                    0x200002d0   Section     1024  startup_stm32f10x_md.o(STACK)
    Stack_Mem                                0x200002d0   Data        1024  startup_stm32f10x_md.o(STACK)
    __initial_sp                             0x200006d0   Data           0  startup_stm32f10x_md.o(STACK)

    Global Symbols

    Symbol Name                              Value     Ov Type        Size  Object(Section)

    BuildAttributes$$THM_ISAv4$P$D$K$B$S$PE$A:L22UL41UL21$X:L11$S22US41US21$IEEE1$IW$USESV6$~STKCKD$USESV7$~SHL$OTIME$ROPI$IEEEJ$EBA8$UX$STANDARDLIB$REQ8$PRES8$EABIv2 0x00000000   Number         0  anon$$obj.o ABSOLUTE
    __ARM_use_no_argv                        0x00000000   Number         0  main.o ABSOLUTE
    _printf_flags                            0x00000000   Number         0  printf_stubs.o ABSOLUTE
    _printf_return_value                     0x00000000   Number         0  printf_stubs.o ABSOLUTE
    _printf_sizespec                         0x00000000   Number         0  printf_stubs.o ABSOLUTE
    _printf_widthprec                        0x00000000   Number         0  printf_stubs.o ABSOLUTE
    __ARM_exceptions_init                     - Undefined Weak Reference
    __alloca_initialize                       - Undefined Weak Reference
    __arm_preinit_                            - Undefined Weak Reference
    __cpp_initialize__aeabi_                  - Undefined Weak Reference
    __cxa_finalize                            - Undefined Weak Reference
    __sigvec_lookup                           - Undefined Weak Reference
    _atexit_init                              - Undefined Weak Reference
    _call_atexit_fns                          - Undefined Weak Reference
    _clock_init                               - Undefined Weak Reference
    _fp_trap_init                             - Undefined Weak Reference
    _fp_trap_shutdown                         - Undefined Weak Reference
    _get_lc_collate                           - Undefined Weak Reference
    _get_lc_monetary                          - Undefined Weak Reference
    _get_lc_time                              - Undefined Weak Reference
    _getenv_init                              - Undefined Weak Reference
    _handle_redirection                       - Undefined Weak Reference
    _init_alloc                               - Undefined Weak Reference
    _init_user_alloc                          - Undefined Weak Reference
    _initio                                   - Undefined Weak Reference
    _printf_mbtowc                            - Undefined Weak Reference
    _printf_wc                                - Undefined Weak Reference
    _rand_init                                - Undefined Weak Reference
    _signal_finish                            - Undefined Weak Reference
    _signal_init                              - Undefined Weak Reference
    _terminate_alloc                          - Undefined Weak Reference
    _terminate_user_alloc                     - Undefined Weak Reference
    _terminateio                              - Undefined Weak Reference
    __Vectors_Size                           0x000000ec   Number         0  startup_stm32f10x_md.o ABSOLUTE
    __Vectors                                0x08000000   Data           4  startup_stm32f10x_md.o(RESET)
    __Vectors_End                            0x080000ec   Data           0  startup_stm32f10x_md.o(RESET)
    __main                                   0x080000ed   Thumb Code     8  __main.o(!!!main)
    __scatterload                            0x080000f5   Thumb Code     0  __scatter.o(!!!scatter)
    __scatterload_rt2                        0x080000f5   Thumb Code    44  __scatter.o(!!!scatter)
    __scatterload_rt2_thumb_only             0x080000f5   Thumb Code     0  __scatter.o(!!!scatter)
    __scatterload_null                       0x08000103   Thumb Code     0  __scatter.o(!!!scatter)
    __scatterload_copy                       0x08000129   Thumb Code    26  __scatter_copy.o(!!handler_copy)
    __scatterload_zeroinit                   0x08000145   Thumb Code    28  __scatter_zi.o(!!handler_zi)
    _printf_n                                0x08000161   Thumb Code     0  _printf_n.o(.ARM.Collect$$_printf_percent$$00000001)
    _printf_percent                          0x08000161   Thumb Code     0  _printf_percent.o(.ARM.Collect$$_printf_percent$$00000000)
    _printf_p                                0x08000167   Thumb Code     0  _printf_p.o(.ARM.Collect$$_printf_percent$$00000002)
    _printf_f                                0x0800016d   Thumb Code     0  _printf_f.o(.ARM.Collect$$_printf_percent$$00000003)
    _printf_e                                0x08000173   Thumb Code     0  _printf_e.o(.ARM.Collect$$_printf_percent$$00000004)
    _printf_g                                0x08000179   Thumb Code     0  _printf_g.o(.ARM.Collect$$_printf_percent$$00000005)
    _printf_a                                0x0800017f   Thumb Code     0  _printf_a.o(.ARM.Collect$$_printf_percent$$00000006)
    _printf_ll                               0x08000185   Thumb Code     0  _printf_ll.o(.ARM.Collect$$_printf_percent$$00000007)
    _printf_i                                0x0800018f   Thumb Code     0  _printf_i.o(.ARM.Collect$$_printf_percent$$00000008)
    _printf_d                                0x08000195   Thumb Code     0  _printf_d.o(.ARM.Collect$$_printf_percent$$00000009)
    _printf_u                                0x0800019b   Thumb Code     0  _printf_u.o(.ARM.Collect$$_printf_percent$$0000000A)
    _printf_o                                0x080001a1   Thumb Code     0  _printf_o.o(.ARM.Collect$$_printf_percent$$0000000B)
    _printf_x                                0x080001a7   Thumb Code     0  _printf_x.o(.ARM.Collect$$_printf_percent$$0000000C)
    _printf_lli                              0x080001ad   Thumb Code     0  _printf_lli.o(.ARM.Collect$$_printf_percent$$0000000D)
    _printf_lld                              0x080001b3   Thumb Code     0  _printf_lld.o(.ARM.Collect$$_printf_percent$$0000000E)
    _printf_llu                              0x080001b9   Thumb Code     0  _printf_llu.o(.ARM.Collect$$_printf_percent$$0000000F)
    _printf_llo                              0x080001bf   Thumb Code     0  _printf_llo.o(.ARM.Collect$$_printf_percent$$00000010)
    _printf_llx                              0x080001c5   Thumb Code     0  _printf_llx.o(.ARM.Collect$$_printf_percent$$00000011)
    _printf_l                                0x080001cb   Thumb Code     0  _printf_l.o(.ARM.Collect$$_printf_percent$$00000012)
    _printf_c                                0x080001d5   Thumb Code     0  _printf_c.o(.ARM.Collect$$_printf_percent$$00000013)
    _printf_s                                0x080001db   Thumb Code     0  _printf_s.o(.ARM.Collect$$_printf_percent$$00000014)
    _printf_lc                               0x080001e1   Thumb Code     0  _printf_lc.o(.ARM.Collect$$_printf_percent$$00000015)
    _printf_ls                               0x080001e7   Thumb Code     0  _printf_ls.o(.ARM.Collect$$_printf_percent$$00000016)
    _printf_percent_end                      0x080001ed   Thumb Code     0  _printf_percent_end.o(.ARM.Collect$$_printf_percent$$00000017)
    __rt_lib_init                            0x080001f1   Thumb Code     0  libinit.o(.ARM.Collect$$libinit$$00000000)
    __rt_lib_init_fp_1                       0x080001f3   Thumb Code     0  libinit2.o(.ARM.Collect$$libinit$$00000002)
    __rt_lib_init_heap_1                     0x080001f3   Thumb Code     0  libinit2.o(.ARM.Collect$$libinit$$0000000A)
    __rt_lib_init_lc_common                  0x080001f3   Thumb Code     0  libinit2.o(.ARM.Collect$$libinit$$0000000F)
    __rt_lib_init_preinit_1                  0x080001f3   Thumb Code     0  libinit2.o(.ARM.Collect$$libinit$$00000004)
    __rt_lib_init_rand_1                     0x080001f3   Thumb Code     0  libinit2.o(.ARM.Collect$$libinit$$0000000E)
    __rt_lib_init_user_alloc_1               0x080001f3   Thumb Code     0  libinit2.o(.ARM.Collect$$libinit$$0000000C)
    __rt_lib_init_lc_collate_1               0x080001f9   Thumb Code     0  libinit2.o(.ARM.Collect$$libinit$$00000011)
    __rt_lib_init_lc_ctype_2                 0x080001f9   Thumb Code     0  libinit2.o(.ARM.Collect$$libinit$$00000012)
    __rt_lib_init_lc_ctype_1                 0x08000205   Thumb Code     0  libinit2.o(.ARM.Collect$$libinit$$00000013)
    __rt_lib_init_lc_monetary_1              0x08000205   Thumb Code     0  libinit2.o(.ARM.Collect$$libinit$$00000015)
    __rt_lib_init_lc_numeric_2               0x08000205   Thumb Code     0  libinit2.o(.ARM.Collect$$libinit$$00000016)
    __rt_lib_init_alloca_1                   0x0800020f   Thumb Code     0  libinit2.o(.ARM.Collect$$libinit$$0000002E)
    __rt_lib_init_argv_1                     0x0800020f   Thumb Code     0  libinit2.o(.ARM.Collect$$libinit$$0000002C)
    __rt_lib_init_atexit_1                   0x0800020f   Thumb Code     0  libinit2.o(.ARM.Collect$$libinit$$0000001B)
    __rt_lib_init_clock_1                    0x0800020f   Thumb Code     0  libinit2.o(.ARM.Collect$$libinit$$00000021)
    __rt_lib_init_cpp_1                      0x0800020f   Thumb Code     0  libinit2.o(.ARM.Collect$$libinit$$00000032)
    __rt_lib_init_exceptions_1               0x0800020f   Thumb Code     0  libinit2.o(.ARM.Collect$$libinit$$00000030)
    __rt_lib_init_fp_trap_1                  0x0800020f   Thumb Code     0  libinit2.o(.ARM.Collect$$libinit$$0000001F)
    __rt_lib_init_getenv_1                   0x0800020f   Thumb Code     0  libinit2.o(.ARM.Collect$$libinit$$00000023)
    __rt_lib_init_lc_numeric_1               0x0800020f   Thumb Code     0  libinit2.o(.ARM.Collect$$libinit$$00000017)
    __rt_lib_init_lc_time_1                  0x0800020f   Thumb Code     0  libinit2.o(.ARM.Collect$$libinit$$00000019)
    __rt_lib_init_return                     0x0800020f   Thumb Code     0  libinit2.o(.ARM.Collect$$libinit$$00000033)
    __rt_lib_init_signal_1                   0x0800020f   Thumb Code     0  libinit2.o(.ARM.Collect$$libinit$$0000001D)
    __rt_lib_init_stdio_1                    0x0800020f   Thumb Code     0  libinit2.o(.ARM.Collect$$libinit$$00000025)
    __rt_lib_shutdown                        0x08000211   Thumb Code     0  libshutdown.o(.ARM.Collect$$libshutdown$$00000000)
    __rt_lib_shutdown_cpp_1                  0x08000213   Thumb Code     0  libshutdown2.o(.ARM.Collect$$libshutdown$$00000002)
    __rt_lib_shutdown_fp_trap_1              0x08000213   Thumb Code     0  libshutdown2.o(.ARM.Collect$$libshutdown$$00000007)
    __rt_lib_shutdown_heap_1                 0x08000213   Thumb Code     0  libshutdown2.o(.ARM.Collect$$libshutdown$$0000000F)
    __rt_lib_shutdown_return                 0x08000213   Thumb Code     0  libshutdown2.o(.ARM.Collect$$libshutdown$$00000010)
    __rt_lib_shutdown_signal_1               0x08000213   Thumb Code     0  libshutdown2.o(.ARM.Collect$$libshutdown$$0000000A)
    __rt_lib_shutdown_stdio_1                0x08000213   Thumb Code     0  libshutdown2.o(.ARM.Collect$$libshutdown$$00000004)
    __rt_lib_shutdown_user_alloc_1           0x08000213   Thumb Code     0  libshutdown2.o(.ARM.Collect$$libshutdown$$0000000C)
    __rt_entry                               0x08000215   Thumb Code     0  __rtentry.o(.ARM.Collect$$rtentry$$00000000)
    __rt_entry_presh_1                       0x08000215   Thumb Code     0  __rtentry2.o(.ARM.Collect$$rtentry$$00000002)
    __rt_entry_sh                            0x08000215   Thumb Code     0  __rtentry4.o(.ARM.Collect$$rtentry$$00000004)
    __rt_entry_li                            0x0800021b   Thumb Code     0  __rtentry2.o(.ARM.Collect$$rtentry$$0000000A)
    __rt_entry_postsh_1                      0x0800021b   Thumb Code     0  __rtentry2.o(.ARM.Collect$$rtentry$$00000009)
    __rt_entry_main                          0x0800021f   Thumb Code     0  __rtentry2.o(.ARM.Collect$$rtentry$$0000000D)
    __rt_entry_postli_1                      0x0800021f   Thumb Code     0  __rtentry2.o(.ARM.Collect$$rtentry$$0000000C)
    __rt_exit                                0x08000227   Thumb Code     0  rtexit.o(.ARM.Collect$$rtexit$$00000000)
    __rt_exit_ls                             0x08000229   Thumb Code     0  rtexit2.o(.ARM.Collect$$rtexit$$00000003)
    __rt_exit_prels_1                        0x08000229   Thumb Code     0  rtexit2.o(.ARM.Collect$$rtexit$$00000002)
    __rt_exit_exit                           0x0800022d   Thumb Code     0  rtexit2.o(.ARM.Collect$$rtexit$$00000004)
    Reset_Handler                            0x08000235   Thumb Code     8  startup_stm32f10x_md.o(.text)
    ADC1_2_IRQHandler                        0x0800024f   Thumb Code     0  startup_stm32f10x_md.o(.text)
    CAN1_RX1_IRQHandler                      0x0800024f   Thumb Code     0  startup_stm32f10x_md.o(.text)
    CAN1_SCE_IRQHandler                      0x0800024f   Thumb Code     0  startup_stm32f10x_md.o(.text)
    DMA1_Channel1_IRQHandler                 0x0800024f   Thumb Code     0  startup_stm32f10x_md.o(.text)
    DMA1_Channel2_IRQHandler                 0x0800024f   Thumb Code     0  startup_stm32f10x_md.o(.text)
    DMA1_Channel3_IRQHandler                 0x0800024f   Thumb Code     0  startup_stm32f10x_md.o(.text)
    DMA1_Channel4_IRQHandler                 0x0800024f   Thumb Code     0  startup_stm32f10x_md.o(.text)
    DMA1_Channel5_IRQHandler                 0x0800024f   Thumb Code     0  startup_stm32f10x_md.o(.text)
    DMA1_Channel6_IRQHandler                 0x0800024f   Thumb Code     0  startup_stm32f10x_md.o(.text)
    DMA1_Channel7_IRQHandler                 0x0800024f   Thumb Code     0  startup_stm32f10x_md.o(.text)
    EXTI0_IRQHandler                         0x0800024f   Thumb Code     0  startup_stm32f10x_md.o(.text)
    EXTI15_10_IRQHandler                     0x0800024f   Thumb Code     0  startup_stm32f10x_md.o(.text)
    EXTI1_IRQHandler                         0x0800024f   Thumb Code     0  startup_stm32f10x_md.o(.text)
    EXTI2_IRQHandler                         0x0800024f   Thumb Code     0  startup_stm32f10x_md.o(.text)
    EXTI3_IRQHandler                         0x0800024f   Thumb Code     0  startup_stm32f10x_md.o(.text)
    EXTI4_IRQHandler                         0x0800024f   Thumb Code     0  startup_stm32f10x_md.o(.text)
    EXTI9_5_IRQHandler                       0x0800024f   Thumb Code     0  startup_stm32f10x_md.o(.text)
    FLASH_IRQHandler                         0x0800024f   Thumb Code     0  startup_stm32f10x_md.o(.text)
    I2C1_ER_IRQHandler                       0x0800024f   Thumb Code     0  startup_stm32f10x_md.o(.text)
    I2C1_EV_IRQHandler                       0x0800024f   Thumb Code     0  startup_stm32f10x_md.o(.text)
    I2C2_ER_IRQHandler                       0x0800024f   Thumb Code     0  startup_stm32f10x_md.o(.text)
    I2C2_EV_IRQHandler                       0x0800024f   Thumb Code     0  startup_stm32f10x_md.o(.text)
    PVD_IRQHandler                           0x0800024f   Thumb Code     0  startup_stm32f10x_md.o(.text)
    RCC_IRQHandler                           0x0800024f   Thumb Code     0  startup_stm32f10x_md.o(.text)
    RTCAlarm_IRQHandler                      0x0800024f   Thumb Code     0  startup_stm32f10x_md.o(.text)
    RTC_IRQHandler                           0x0800024f   Thumb Code     0  startup_stm32f10x_md.o(.text)
    SPI1_IRQHandler                          0x0800024f   Thumb Code     0  startup_stm32f10x_md.o(.text)
    SPI2_IRQHandler                          0x0800024f   Thumb Code     0  startup_stm32f10x_md.o(.text)
    TAMPER_IRQHandler                        0x0800024f   Thumb Code     0  startup_stm32f10x_md.o(.text)
    TIM1_BRK_IRQHandler                      0x0800024f   Thumb Code     0  startup_stm32f10x_md.o(.text)
    TIM1_CC_IRQHandler                       0x0800024f   Thumb Code     0  startup_stm32f10x_md.o(.text)
    TIM1_TRG_COM_IRQHandler                  0x0800024f   Thumb Code     0  startup_stm32f10x_md.o(.text)
    TIM1_UP_IRQHandler                       0x0800024f   Thumb Code     0  startup_stm32f10x_md.o(.text)
    TIM3_IRQHandler                          0x0800024f   Thumb Code     0  startup_stm32f10x_md.o(.text)
    TIM4_IRQHandler                          0x0800024f   Thumb Code     0  startup_stm32f10x_md.o(.text)
    USART1_IRQHandler                        0x0800024f   Thumb Code     0  startup_stm32f10x_md.o(.text)
    USART2_IRQHandler                        0x0800024f   Thumb Code     0  startup_stm32f10x_md.o(.text)
    USART3_IRQHandler                        0x0800024f   Thumb Code     0  startup_stm32f10x_md.o(.text)
    USBWakeUp_IRQHandler                     0x0800024f   Thumb Code     0  startup_stm32f10x_md.o(.text)
    USB_HP_CAN1_TX_IRQHandler                0x0800024f   Thumb Code     0  startup_stm32f10x_md.o(.text)
    USB_LP_CAN1_RX0_IRQHandler               0x0800024f   Thumb Code     0  startup_stm32f10x_md.o(.text)
    WWDG_IRQHandler                          0x0800024f   Thumb Code     0  startup_stm32f10x_md.o(.text)
    __user_initial_stackheap                 0x08000251   Thumb Code     0  startup_stm32f10x_md.o(.text)
    __aeabi_ldivmod                          0x08000275   Thumb Code     0  llsdiv.o(.text)
    _ll_sdiv                                 0x08000275   Thumb Code    72  llsdiv.o(.text)
    vsnprintf                                0x080002bd   Thumb Code    48  vsnprintf.o(.text)
    __use_two_region_memory                  0x080002f1   Thumb Code     2  heapauxi.o(.text)
    __rt_heap_escrow$2region                 0x080002f3   Thumb Code     2  heapauxi.o(.text)
    __rt_heap_expand$2region                 0x080002f5   Thumb Code     2  heapauxi.o(.text)
    __aeabi_uldivmod                         0x080002f7   Thumb Code     0  lludivv7m.o(.text)
    _ll_udiv                                 0x080002f7   Thumb Code   238  lludivv7m.o(.text)
    _printf_pre_padding                      0x080003e5   Thumb Code    44  _printf_pad.o(.text)
    _printf_post_padding                     0x08000411   Thumb Code    34  _printf_pad.o(.text)
    _printf_truncate_signed                  0x08000433   Thumb Code    18  _printf_truncate.o(.text)
    _printf_truncate_unsigned                0x08000445   Thumb Code    18  _printf_truncate.o(.text)
    _printf_str                              0x08000457   Thumb Code    82  _printf_str.o(.text)
    _printf_int_dec                          0x080004a9   Thumb Code   104  _printf_dec.o(.text)
    _printf_charcount                        0x08000521   Thumb Code    40  _printf_charcount.o(.text)
    _printf_char_common                      0x08000553   Thumb Code    32  _printf_char_common.o(.text)
    _sputc                                   0x08000579   Thumb Code    10  _sputc.o(.text)
    _snputc                                  0x08000583   Thumb Code    16  _snputc.o(.text)
    _printf_wctomb                           0x08000595   Thumb Code   182  _printf_wctomb.o(.text)
    _printf_longlong_dec                     0x08000651   Thumb Code   108  _printf_longlong_dec.o(.text)
    _printf_longlong_oct                     0x080006cd   Thumb Code    66  _printf_oct_int_ll.o(.text)
    _printf_int_oct                          0x0800070f   Thumb Code    24  _printf_oct_int_ll.o(.text)
    _printf_ll_oct                           0x08000727   Thumb Code    12  _printf_oct_int_ll.o(.text)
    _printf_longlong_hex                     0x0800073d   Thumb Code    86  _printf_hex_int_ll_ptr.o(.text)
    _printf_int_hex                          0x08000793   Thumb Code    28  _printf_hex_int_ll_ptr.o(.text)
    _printf_ll_hex                           0x080007af   Thumb Code    12  _printf_hex_int_ll_ptr.o(.text)
    _printf_hex_ptr                          0x080007bb   Thumb Code    18  _printf_hex_int_ll_ptr.o(.text)
    __printf                                 0x080007d1   Thumb Code   388  __printf_flags_ss_wp.o(.text)
    _ll_udiv10                               0x08000959   Thumb Code   138  lludiv10.o(.text)
    _printf_int_common                       0x080009e3   Thumb Code   178  _printf_intcommon.o(.text)
    __lib_sel_fp_printf                      0x08000a95   Thumb Code     2  _printf_fp_dec.o(.text)
    _printf_fp_dec_real                      0x08000c47   Thumb Code   620  _printf_fp_dec.o(.text)
    _printf_fp_hex_real                      0x08000eb5   Thumb Code   756  _printf_fp_hex.o(.text)
    _printf_cs_common                        0x080011b1   Thumb Code    20  _printf_char.o(.text)
    _printf_char                             0x080011c5   Thumb Code    16  _printf_char.o(.text)
    _printf_string                           0x080011d5   Thumb Code     8  _printf_char.o(.text)
    _printf_lcs_common                       0x080011dd   Thumb Code    20  _printf_wchar.o(.text)
    _printf_wchar                            0x080011f1   Thumb Code    16  _printf_wchar.o(.text)
    _printf_wstring                          0x08001201   Thumb Code     8  _printf_wchar.o(.text)
    _wcrtomb                                 0x08001209   Thumb Code    64  _wcrtomb.o(.text)
    __user_setup_stackheap                   0x08001249   Thumb Code    74  sys_stackheap_outer.o(.text)
    __rt_ctype_table                         0x08001295   Thumb Code    16  rt_ctype_table.o(.text)
    __rt_locale                              0x080012a5   Thumb Code     8  rt_locale_intlibspace.o(.text)
    _printf_fp_infnan                        0x080012ad   Thumb Code   112  _printf_fp_infnan.o(.text)
    _btod_etento                             0x0800132d   Thumb Code   224  bigflt0.o(.text)
    exit                                     0x08001411   Thumb Code    18  exit.o(.text)
    __user_libspace                          0x08001425   Thumb Code     8  libspace.o(.text)
    __user_perproc_libspace                  0x08001425   Thumb Code     0  libspace.o(.text)
    __user_perthread_libspace                0x08001425   Thumb Code     0  libspace.o(.text)
    strcmp                                   0x0800142d   Thumb Code   128  strcmpv7m.o(.text)
    _sys_exit                                0x080014ad   Thumb Code     8  sys_exit.o(.text)
    __I$use$semihosting                      0x080014b9   Thumb Code     0  use_no_semi.o(.text)
    __use_no_semihosting_swi                 0x080014b9   Thumb Code     2  use_no_semi.o(.text)
    __semihosting_library_function           0x080014bb   Thumb Code     0  indicate_semi.o(.text)
    _btod_d2e                                0x080014bb   Thumb Code    62  btod.o(CL$$btod_d2e)
    _d2e_denorm_low                          0x080014f9   Thumb Code    70  btod.o(CL$$btod_d2e_denorm_low)
    _d2e_norm_op1                            0x0800153f   Thumb Code    96  btod.o(CL$$btod_d2e_norm_op1)
    __btod_div_common                        0x0800159f   Thumb Code   696  btod.o(CL$$btod_div_common)
    _e2e                                     0x080018d7   Thumb Code   220  btod.o(CL$$btod_e2e)
    _btod_ediv                               0x080019b3   Thumb Code    42  btod.o(CL$$btod_ediv)
    _btod_emul                               0x080019dd   Thumb Code    42  btod.o(CL$$btod_emul)
    __btod_mult_common                       0x08001a07   Thumb Code   580  btod.o(CL$$btod_mult_common)
    ADC_Cmd                                  0x08001c4b   Thumb Code    22  stm32f10x_adc.o(i.ADC_Cmd)
    ADC_GetCalibrationStatus                 0x08001c61   Thumb Code    20  stm32f10x_adc.o(i.ADC_GetCalibrationStatus)
    ADC_GetConversionValue                   0x08001c75   Thumb Code     8  stm32f10x_adc.o(i.ADC_GetConversionValue)
    ADC_GetFlagStatus                        0x08001c7d   Thumb Code    18  stm32f10x_adc.o(i.ADC_GetFlagStatus)
    ADC_GetResetCalibrationStatus            0x08001c8f   Thumb Code    20  stm32f10x_adc.o(i.ADC_GetResetCalibrationStatus)
    ADC_Init                                 0x08001ca5   Thumb Code    70  stm32f10x_adc.o(i.ADC_Init)
    ADC_RegularChannelConfig                 0x08001cf5   Thumb Code   184  stm32f10x_adc.o(i.ADC_RegularChannelConfig)
    ADC_ResetCalibration                     0x08001dad   Thumb Code    10  stm32f10x_adc.o(i.ADC_ResetCalibration)
    ADC_SoftwareStartConvCmd                 0x08001db7   Thumb Code    22  stm32f10x_adc.o(i.ADC_SoftwareStartConvCmd)
    ADC_StartCalibration                     0x08001dcd   Thumb Code    10  stm32f10x_adc.o(i.ADC_StartCalibration)
    Adc_Init                                 0x08001dd9   Thumb Code   126  adc.o(i.Adc_Init)
    Adc_Read                                 0x08001e61   Thumb Code    54  adc.o(i.Adc_Read)
    Adc_ReadVoltage                          0x08001e9d   Thumb Code   148  adc.o(i.Adc_ReadVoltage)
    BMP280_Sensor_Init                       0x080020c1   Thumb Code    86  bmp280_s.o(i.BMP280_Sensor_Init)
    BMP280_Sensor_Read                       0x0800211d   Thumb Code    66  bmp280_s.o(i.BMP280_Sensor_Read)
    BMP280_Sensor_ReadPressure               0x08002169   Thumb Code   460  bmp280_s.o(i.BMP280_Sensor_ReadPressure)
    BMP280_Sensor_ReadTemperature            0x08002365   Thumb Code    90  bmp280_s.o(i.BMP280_Sensor_ReadTemperature)
    BusFault_Handler                         0x0800242d   Thumb Code     4  stm32f10x_it.o(i.BusFault_Handler)
    Buzzer_Config                            0x08002431   Thumb Code    74  buzzer.o(i.Buzzer_Config)
    Buzzer_Init                              0x0800247d   Thumb Code   144  buzzer.o(i.Buzzer_Init)
    Buzzer_Off                               0x08002515   Thumb Code    12  buzzer.o(i.Buzzer_Off)
    DHT11_S_Read                             0x08002571   Thumb Code    98  dht11_s.o(i.DHT11_S_Read)
    DebugMon_Handler                         0x0800261d   Thumb Code     2  stm32f10x_it.o(i.DebugMon_Handler)
    Delay_ms                                 0x0800261f   Thumb Code    24  delay.o(i.Delay_ms)
    Delay_us                                 0x08002637   Thumb Code    46  delay.o(i.Delay_us)
    GPIO_Init                                0x08002725   Thumb Code   278  stm32f10x_gpio.o(i.GPIO_Init)
    GPIO_PinRemapConfig                      0x0800283d   Thumb Code   138  stm32f10x_gpio.o(i.GPIO_PinRemapConfig)
    GPIO_ReadInputDataBit                    0x080028cd   Thumb Code    18  stm32f10x_gpio.o(i.GPIO_ReadInputDataBit)
    GPIO_ResetBits                           0x080028df   Thumb Code     4  stm32f10x_gpio.o(i.GPIO_ResetBits)
    GPIO_SetBits                             0x080028e3   Thumb Code     4  stm32f10x_gpio.o(i.GPIO_SetBits)
    HardFault_Handler                        0x080028e7   Thumb Code     4  stm32f10x_it.o(i.HardFault_Handler)
    Jumper_Init                              0x08002aa5   Thumb Code    40  jumper.o(i.Jumper_Init)
    Jumper_IsNightAutoTurnOnLight            0x08002ad1   Thumb Code    22  jumper.o(i.Jumper_IsNightAutoTurnOnLight)
    Jumper_IsOLEDPowerOn                     0x08002aed   Thumb Code    22  jumper.o(i.Jumper_IsOLEDPowerOn)
    Key_Init                                 0x08002b09   Thumb Code    62  key.o(i.Key_Init)
    Key_Read                                 0x08002cad   Thumb Code   134  key.o(i.Key_Read)
    Light_Init                               0x08002db5   Thumb Code    52  light_ctl.o(i.Light_Init)
    Light_Off                                0x08002df1   Thumb Code    12  light_ctl.o(i.Light_Off)
    Light_On                                 0x08002e01   Thumb Code    12  light_ctl.o(i.Light_On)
    Light_Sensor_Init                        0x08002e11   Thumb Code   152  light_s.o(i.Light_Sensor_Init)
    Light_Sensor_IsNight                     0x08002eb5   Thumb Code    34  light_s.o(i.Light_Sensor_IsNight)
    Light_Sensor_Read                        0x08002edd   Thumb Code    56  light_s.o(i.Light_Sensor_Read)
    MemManage_Handler                        0x08002f19   Thumb Code     4  stm32f10x_it.o(i.MemManage_Handler)
    NMI_Handler                              0x08002f1d   Thumb Code     2  stm32f10x_it.o(i.NMI_Handler)
    NVIC_Init                                0x08002f21   Thumb Code   100  misc.o(i.NVIC_Init)
    Oled_LightPower_Init                     0x08002f91   Thumb Code    54  oled_lightpower.o(i.Oled_LightPower_Init)
    Oled_LightPower_Off                      0x08002fd1   Thumb Code    12  oled_lightpower.o(i.Oled_LightPower_Off)
    Oled_LightPower_On                       0x08002fe1   Thumb Code    12  oled_lightpower.o(i.Oled_LightPower_On)
    PendSV_Handler                           0x08003045   Thumb Code     2  stm32f10x_it.o(i.PendSV_Handler)
    RCC_ADCCLKConfig                         0x08003049   Thumb Code    18  stm32f10x_rcc.o(i.RCC_ADCCLKConfig)
    RCC_APB1PeriphClockCmd                   0x08003061   Thumb Code    26  stm32f10x_rcc.o(i.RCC_APB1PeriphClockCmd)
    RCC_APB2PeriphClockCmd                   0x08003081   Thumb Code    26  stm32f10x_rcc.o(i.RCC_APB2PeriphClockCmd)
    RCC_GetClocksFreq                        0x080030a1   Thumb Code   192  stm32f10x_rcc.o(i.RCC_GetClocksFreq)
    Rain_Sensor_Init                         0x08003175   Thumb Code   126  rain_s.o(i.Rain_Sensor_Init)
    Rain_Sensor_IsRain                       0x080031fd   Thumb Code    22  rain_s.o(i.Rain_Sensor_IsRain)
    Rain_Sensor_Read                         0x08003215   Thumb Code    56  rain_s.o(i.Rain_Sensor_Read)
    SVC_Handler                              0x08003251   Thumb Code     2  stm32f10x_it.o(i.SVC_Handler)
    SysTick_Handler                          0x08003359   Thumb Code     2  stm32f10x_it.o(i.SysTick_Handler)
    SystemInit                               0x0800335d   Thumb Code    78  system_stm32f10x.o(i.SystemInit)
    TIM2_IRQHandler                          0x080033bd   Thumb Code    32  main.o(i.TIM2_IRQHandler)
    TIM_ARRPreloadConfig                     0x080033e1   Thumb Code    24  stm32f10x_tim.o(i.TIM_ARRPreloadConfig)
    TIM_ClearITPendingBit                    0x080033f9   Thumb Code     6  stm32f10x_tim.o(i.TIM_ClearITPendingBit)
    TIM_Cmd                                  0x080033ff   Thumb Code    24  stm32f10x_tim.o(i.TIM_Cmd)
    TIM_CtrlPWMOutputs                       0x08003417   Thumb Code    30  stm32f10x_tim.o(i.TIM_CtrlPWMOutputs)
    TIM_GetITStatus                          0x08003435   Thumb Code    34  stm32f10x_tim.o(i.TIM_GetITStatus)
    TIM_ITConfig                             0x08003457   Thumb Code    18  stm32f10x_tim.o(i.TIM_ITConfig)
    TIM_OC1Init                              0x08003469   Thumb Code   132  stm32f10x_tim.o(i.TIM_OC1Init)
    TIM_OC1PreloadConfig                     0x08003501   Thumb Code    18  stm32f10x_tim.o(i.TIM_OC1PreloadConfig)
    TIM_TimeBaseInit                         0x08003515   Thumb Code   122  stm32f10x_tim.o(i.TIM_TimeBaseInit)
    UART_Init                                0x08003981   Thumb Code   114  uart.o(i.UART_Init)
    UART_Printf                              0x080039fd   Thumb Code    40  uart.o(i.UART_Printf)
    UART_SendChar                            0x08003a25   Thumb Code    28  uart.o(i.UART_SendChar)
    UART_SendString                          0x08003a45   Thumb Code    34  uart.o(i.UART_SendString)
    USART_Cmd                                0x08003a67   Thumb Code    24  stm32f10x_usart.o(i.USART_Cmd)
    USART_GetFlagStatus                      0x08003a7f   Thumb Code    26  stm32f10x_usart.o(i.USART_GetFlagStatus)
    USART_Init                               0x08003a99   Thumb Code   210  stm32f10x_usart.o(i.USART_Init)
    USART_SendData                           0x08003b71   Thumb Code     8  stm32f10x_usart.o(i.USART_SendData)
    UsageFault_Handler                       0x08003b79   Thumb Code     4  stm32f10x_it.o(i.UsageFault_Handler)
    __ARM_fpclassify                         0x08003b7d   Thumb Code    40  fpclassify.o(i.__ARM_fpclassify)
    _is_digit                                0x08003ba5   Thumb Code    14  __printf_wp.o(i._is_digit)
    checkDHT11_S                             0x08003bb5   Thumb Code   102  dht11_s.o(i.checkDHT11_S)
    init_DHT11_S                             0x08003c21   Thumb Code    58  dht11_s.o(i.init_DHT11_S)
    main                                     0x08003c61   Thumb Code   180  main.o(i.main)
    readDHT11_S                              0x08003df9   Thumb Code    82  dht11_s.o(i.readDHT11_S)
    readDHT11_S_Byte                         0x08003e51   Thumb Code    30  dht11_s.o(i.readDHT11_S_Byte)
    rstDHT11_S                               0x08003e71   Thumb Code    62  dht11_s.o(i.rstDHT11_S)
    _get_lc_numeric                          0x08003eb5   Thumb Code    44  lc_numeric_c.o(locale$$code)
    _get_lc_ctype                            0x08003ee1   Thumb Code    44  lc_ctype_c.o(locale$$code)
    __aeabi_d2f                              0x08003f0d   Thumb Code     0  d2f.o(x$fpl$d2f)
    _d2f                                     0x08003f0d   Thumb Code    98  d2f.o(x$fpl$d2f)
    __aeabi_dadd                             0x08003f71   Thumb Code     0  daddsub_clz.o(x$fpl$dadd)
    _dadd                                    0x08003f71   Thumb Code   332  daddsub_clz.o(x$fpl$dadd)
    __fpl_dnaninf                            0x080040c1   Thumb Code   156  dnaninf.o(x$fpl$dnaninf)
    __fpl_dretinf                            0x0800415d   Thumb Code    12  dretinf.o(x$fpl$dretinf)
    __aeabi_dsub                             0x08004169   Thumb Code     0  daddsub_clz.o(x$fpl$dsub)
    _dsub                                    0x08004169   Thumb Code   464  daddsub_clz.o(x$fpl$dsub)
    __aeabi_f2d                              0x0800433d   Thumb Code     0  f2d.o(x$fpl$f2d)
    _f2d                                     0x0800433d   Thumb Code    86  f2d.o(x$fpl$f2d)
    __aeabi_fadd                             0x08004395   Thumb Code     0  faddsub_clz.o(x$fpl$fadd)
    _fadd                                    0x08004395   Thumb Code   196  faddsub_clz.o(x$fpl$fadd)
    __fpl_fcmp_Inf                           0x08004459   Thumb Code    24  fcmpi.o(x$fpl$fcmpinf)
    __aeabi_fdiv                             0x08004471   Thumb Code     0  fdiv.o(x$fpl$fdiv)
    _fdiv                                    0x08004471   Thumb Code   384  fdiv.o(x$fpl$fdiv)
    __aeabi_f2iz                             0x080045f5   Thumb Code     0  ffix.o(x$fpl$ffix)
    _ffix                                    0x080045f5   Thumb Code    54  ffix.o(x$fpl$ffix)
    __aeabi_i2f                              0x0800462d   Thumb Code     0  fflt_clz.o(x$fpl$fflt)
    _fflt                                    0x0800462d   Thumb Code    48  fflt_clz.o(x$fpl$fflt)
    __aeabi_ul2f                             0x0800465d   Thumb Code     0  ffltll_clz.o(x$fpl$ffltll)
    _ll_uto_f                                0x0800465d   Thumb Code     6  ffltll_clz.o(x$fpl$ffltll)
    __aeabi_l2f                              0x08004663   Thumb Code     0  ffltll_clz.o(x$fpl$ffltll)
    _ll_sto_f                                0x08004663   Thumb Code    90  ffltll_clz.o(x$fpl$ffltll)
    __aeabi_ui2f                             0x080046bd   Thumb Code     0  fflt_clz.o(x$fpl$ffltu)
    _ffltu                                   0x080046bd   Thumb Code    38  fflt_clz.o(x$fpl$ffltu)
    __aeabi_cfcmple                          0x080046e5   Thumb Code     0  fleqf.o(x$fpl$fleqf)
    _fcmple                                  0x080046e5   Thumb Code   104  fleqf.o(x$fpl$fleqf)
    __fpl_fcmple_InfNaN                      0x08004737   Thumb Code     0  fleqf.o(x$fpl$fleqf)
    __aeabi_fmul                             0x0800474d   Thumb Code     0  fmul.o(x$fpl$fmul)
    _fmul                                    0x0800474d   Thumb Code   258  fmul.o(x$fpl$fmul)
    __fpl_fnaninf                            0x0800484f   Thumb Code   140  fnaninf.o(x$fpl$fnaninf)
    __fpl_fretinf                            0x080048db   Thumb Code    10  fretinf.o(x$fpl$fretinf)
    __aeabi_fsub                             0x080048e5   Thumb Code     0  faddsub_clz.o(x$fpl$fsub)
    _fsub                                    0x080048e5   Thumb Code   234  faddsub_clz.o(x$fpl$fsub)
    _printf_fp_dec                           0x080049cf   Thumb Code     4  printf1.o(x$fpl$printf1)
    _printf_fp_hex                           0x080049d3   Thumb Code     4  printf2.o(x$fpl$printf2)
    __I$use$fp                               0x080049d6   Number         0  usenofp.o(x$fpl$usenofp)
    Region$$Table$$Base                      0x08004ad4   Number         0  anon$$obj.o(Region$$Table)
    Region$$Table$$Limit                     0x08004af4   Number         0  anon$$obj.o(Region$$Table)
    __ctype                                  0x08004b1d   Data           0  lc_ctype_c.o(locale$$data)
    __libspace_start                         0x20000070   Data          96  libspace.o(.bss)
    __temporary_stack_top$libspace           0x200000d0   Data           0  libspace.o(.bss)



==============================================================================

Memory Map of the image

  Image Entry point : 0x080000ed

  Load Region LR_IROM1 (Base: 0x08000000, Size: 0x00004c90, Max: 0x00008000, ABSOLUTE)

    Execution Region ER_IROM1 (Exec base: 0x08000000, Load base: 0x08000000, Size: 0x00004c20, Max: 0x00008000, ABSOLUTE)

    Exec Addr    Load Addr    Size         Type   Attr      Idx    E Section Name        Object

    0x08000000   0x08000000   0x000000ec   Data   RO           19    RESET               startup_stm32f10x_md.o
    0x080000ec   0x080000ec   0x00000008   Code   RO         3799  * !!!main             c_w.l(__main.o)
    0x080000f4   0x080000f4   0x00000034   Code   RO         4180    !!!scatter          c_w.l(__scatter.o)
    0x08000128   0x08000128   0x0000001a   Code   RO         4182    !!handler_copy      c_w.l(__scatter_copy.o)
    0x08000142   0x08000142   0x00000002   PAD
    0x08000144   0x08000144   0x0000001c   Code   RO         4184    !!handler_zi        c_w.l(__scatter_zi.o)
    0x08000160   0x08000160   0x00000000   Code   RO         3923    .ARM.Collect$$_printf_percent$$00000000  c_w.l(_printf_percent.o)
    0x08000160   0x08000160   0x00000006   Code   RO         3912    .ARM.Collect$$_printf_percent$$00000001  c_w.l(_printf_n.o)
    0x08000166   0x08000166   0x00000006   Code   RO         3914    .ARM.Collect$$_printf_percent$$00000002  c_w.l(_printf_p.o)
    0x0800016c   0x0800016c   0x00000006   Code   RO         3919    .ARM.Collect$$_printf_percent$$00000003  c_w.l(_printf_f.o)
    0x08000172   0x08000172   0x00000006   Code   RO         3920    .ARM.Collect$$_printf_percent$$00000004  c_w.l(_printf_e.o)
    0x08000178   0x08000178   0x00000006   Code   RO         3921    .ARM.Collect$$_printf_percent$$00000005  c_w.l(_printf_g.o)
    0x0800017e   0x0800017e   0x00000006   Code   RO         3922    .ARM.Collect$$_printf_percent$$00000006  c_w.l(_printf_a.o)
    0x08000184   0x08000184   0x0000000a   Code   RO         3927    .ARM.Collect$$_printf_percent$$00000007  c_w.l(_printf_ll.o)
    0x0800018e   0x0800018e   0x00000006   Code   RO         3916    .ARM.Collect$$_printf_percent$$00000008  c_w.l(_printf_i.o)
    0x08000194   0x08000194   0x00000006   Code   RO         3917    .ARM.Collect$$_printf_percent$$00000009  c_w.l(_printf_d.o)
    0x0800019a   0x0800019a   0x00000006   Code   RO         3918    .ARM.Collect$$_printf_percent$$0000000A  c_w.l(_printf_u.o)
    0x080001a0   0x080001a0   0x00000006   Code   RO         3915    .ARM.Collect$$_printf_percent$$0000000B  c_w.l(_printf_o.o)
    0x080001a6   0x080001a6   0x00000006   Code   RO         3913    .ARM.Collect$$_printf_percent$$0000000C  c_w.l(_printf_x.o)
    0x080001ac   0x080001ac   0x00000006   Code   RO         3924    .ARM.Collect$$_printf_percent$$0000000D  c_w.l(_printf_lli.o)
    0x080001b2   0x080001b2   0x00000006   Code   RO         3925    .ARM.Collect$$_printf_percent$$0000000E  c_w.l(_printf_lld.o)
    0x080001b8   0x080001b8   0x00000006   Code   RO         3926    .ARM.Collect$$_printf_percent$$0000000F  c_w.l(_printf_llu.o)
    0x080001be   0x080001be   0x00000006   Code   RO         3931    .ARM.Collect$$_printf_percent$$00000010  c_w.l(_printf_llo.o)
    0x080001c4   0x080001c4   0x00000006   Code   RO         3932    .ARM.Collect$$_printf_percent$$00000011  c_w.l(_printf_llx.o)
    0x080001ca   0x080001ca   0x0000000a   Code   RO         3928    .ARM.Collect$$_printf_percent$$00000012  c_w.l(_printf_l.o)
    0x080001d4   0x080001d4   0x00000006   Code   RO         3910    .ARM.Collect$$_printf_percent$$00000013  c_w.l(_printf_c.o)
    0x080001da   0x080001da   0x00000006   Code   RO         3911    .ARM.Collect$$_printf_percent$$00000014  c_w.l(_printf_s.o)
    0x080001e0   0x080001e0   0x00000006   Code   RO         3929    .ARM.Collect$$_printf_percent$$00000015  c_w.l(_printf_lc.o)
    0x080001e6   0x080001e6   0x00000006   Code   RO         3930    .ARM.Collect$$_printf_percent$$00000016  c_w.l(_printf_ls.o)
    0x080001ec   0x080001ec   0x00000004   Code   RO         3986    .ARM.Collect$$_printf_percent$$00000017  c_w.l(_printf_percent_end.o)
    0x080001f0   0x080001f0   0x00000002   Code   RO         4037    .ARM.Collect$$libinit$$00000000  c_w.l(libinit.o)
    0x080001f2   0x080001f2   0x00000000   Code   RO         4057    .ARM.Collect$$libinit$$00000002  c_w.l(libinit2.o)
    0x080001f2   0x080001f2   0x00000000   Code   RO         4059    .ARM.Collect$$libinit$$00000004  c_w.l(libinit2.o)
    0x080001f2   0x080001f2   0x00000000   Code   RO         4062    .ARM.Collect$$libinit$$0000000A  c_w.l(libinit2.o)
    0x080001f2   0x080001f2   0x00000000   Code   RO         4064    .ARM.Collect$$libinit$$0000000C  c_w.l(libinit2.o)
    0x080001f2   0x080001f2   0x00000000   Code   RO         4066    .ARM.Collect$$libinit$$0000000E  c_w.l(libinit2.o)
    0x080001f2   0x080001f2   0x00000006   Code   RO         4067    .ARM.Collect$$libinit$$0000000F  c_w.l(libinit2.o)
    0x080001f8   0x080001f8   0x00000000   Code   RO         4069    .ARM.Collect$$libinit$$00000011  c_w.l(libinit2.o)
    0x080001f8   0x080001f8   0x0000000c   Code   RO         4070    .ARM.Collect$$libinit$$00000012  c_w.l(libinit2.o)
    0x08000204   0x08000204   0x00000000   Code   RO         4071    .ARM.Collect$$libinit$$00000013  c_w.l(libinit2.o)
    0x08000204   0x08000204   0x00000000   Code   RO         4073    .ARM.Collect$$libinit$$00000015  c_w.l(libinit2.o)
    0x08000204   0x08000204   0x0000000a   Code   RO         4074    .ARM.Collect$$libinit$$00000016  c_w.l(libinit2.o)
    0x0800020e   0x0800020e   0x00000000   Code   RO         4075    .ARM.Collect$$libinit$$00000017  c_w.l(libinit2.o)
    0x0800020e   0x0800020e   0x00000000   Code   RO         4077    .ARM.Collect$$libinit$$00000019  c_w.l(libinit2.o)
    0x0800020e   0x0800020e   0x00000000   Code   RO         4079    .ARM.Collect$$libinit$$0000001B  c_w.l(libinit2.o)
    0x0800020e   0x0800020e   0x00000000   Code   RO         4081    .ARM.Collect$$libinit$$0000001D  c_w.l(libinit2.o)
    0x0800020e   0x0800020e   0x00000000   Code   RO         4083    .ARM.Collect$$libinit$$0000001F  c_w.l(libinit2.o)
    0x0800020e   0x0800020e   0x00000000   Code   RO         4085    .ARM.Collect$$libinit$$00000021  c_w.l(libinit2.o)
    0x0800020e   0x0800020e   0x00000000   Code   RO         4087    .ARM.Collect$$libinit$$00000023  c_w.l(libinit2.o)
    0x0800020e   0x0800020e   0x00000000   Code   RO         4089    .ARM.Collect$$libinit$$00000025  c_w.l(libinit2.o)
    0x0800020e   0x0800020e   0x00000000   Code   RO         4093    .ARM.Collect$$libinit$$0000002C  c_w.l(libinit2.o)
    0x0800020e   0x0800020e   0x00000000   Code   RO         4095    .ARM.Collect$$libinit$$0000002E  c_w.l(libinit2.o)
    0x0800020e   0x0800020e   0x00000000   Code   RO         4097    .ARM.Collect$$libinit$$00000030  c_w.l(libinit2.o)
    0x0800020e   0x0800020e   0x00000000   Code   RO         4099    .ARM.Collect$$libinit$$00000032  c_w.l(libinit2.o)
    0x0800020e   0x0800020e   0x00000002   Code   RO         4100    .ARM.Collect$$libinit$$00000033  c_w.l(libinit2.o)
    0x08000210   0x08000210   0x00000002   Code   RO         4130    .ARM.Collect$$libshutdown$$00000000  c_w.l(libshutdown.o)
    0x08000212   0x08000212   0x00000000   Code   RO         4147    .ARM.Collect$$libshutdown$$00000002  c_w.l(libshutdown2.o)
    0x08000212   0x08000212   0x00000000   Code   RO         4149    .ARM.Collect$$libshutdown$$00000004  c_w.l(libshutdown2.o)
    0x08000212   0x08000212   0x00000000   Code   RO         4152    .ARM.Collect$$libshutdown$$00000007  c_w.l(libshutdown2.o)
    0x08000212   0x08000212   0x00000000   Code   RO         4155    .ARM.Collect$$libshutdown$$0000000A  c_w.l(libshutdown2.o)
    0x08000212   0x08000212   0x00000000   Code   RO         4157    .ARM.Collect$$libshutdown$$0000000C  c_w.l(libshutdown2.o)
    0x08000212   0x08000212   0x00000000   Code   RO         4160    .ARM.Collect$$libshutdown$$0000000F  c_w.l(libshutdown2.o)
    0x08000212   0x08000212   0x00000002   Code   RO         4161    .ARM.Collect$$libshutdown$$00000010  c_w.l(libshutdown2.o)
    0x08000214   0x08000214   0x00000000   Code   RO         3837    .ARM.Collect$$rtentry$$00000000  c_w.l(__rtentry.o)
    0x08000214   0x08000214   0x00000000   Code   RO         3953    .ARM.Collect$$rtentry$$00000002  c_w.l(__rtentry2.o)
    0x08000214   0x08000214   0x00000006   Code   RO         3965    .ARM.Collect$$rtentry$$00000004  c_w.l(__rtentry4.o)
    0x0800021a   0x0800021a   0x00000000   Code   RO         3955    .ARM.Collect$$rtentry$$00000009  c_w.l(__rtentry2.o)
    0x0800021a   0x0800021a   0x00000004   Code   RO         3956    .ARM.Collect$$rtentry$$0000000A  c_w.l(__rtentry2.o)
    0x0800021e   0x0800021e   0x00000000   Code   RO         3958    .ARM.Collect$$rtentry$$0000000C  c_w.l(__rtentry2.o)
    0x0800021e   0x0800021e   0x00000008   Code   RO         3959    .ARM.Collect$$rtentry$$0000000D  c_w.l(__rtentry2.o)
    0x08000226   0x08000226   0x00000002   Code   RO         4045    .ARM.Collect$$rtexit$$00000000  c_w.l(rtexit.o)
    0x08000228   0x08000228   0x00000000   Code   RO         4102    .ARM.Collect$$rtexit$$00000002  c_w.l(rtexit2.o)
    0x08000228   0x08000228   0x00000004   Code   RO         4103    .ARM.Collect$$rtexit$$00000003  c_w.l(rtexit2.o)
    0x0800022c   0x0800022c   0x00000006   Code   RO         4104    .ARM.Collect$$rtexit$$00000004  c_w.l(rtexit2.o)
    0x08000232   0x08000232   0x00000002   PAD
    0x08000234   0x08000234   0x00000040   Code   RO           20    .text               startup_stm32f10x_md.o
    0x08000274   0x08000274   0x00000048   Code   RO         3793    .text               c_w.l(llsdiv.o)
    0x080002bc   0x080002bc   0x00000034   Code   RO         3795    .text               c_w.l(vsnprintf.o)
    0x080002f0   0x080002f0   0x00000006   Code   RO         3797    .text               c_w.l(heapauxi.o)
    0x080002f6   0x080002f6   0x000000ee   Code   RO         3838    .text               c_w.l(lludivv7m.o)
    0x080003e4   0x080003e4   0x0000004e   Code   RO         3842    .text               c_w.l(_printf_pad.o)
    0x08000432   0x08000432   0x00000024   Code   RO         3844    .text               c_w.l(_printf_truncate.o)
    0x08000456   0x08000456   0x00000052   Code   RO         3846    .text               c_w.l(_printf_str.o)
    0x080004a8   0x080004a8   0x00000078   Code   RO         3848    .text               c_w.l(_printf_dec.o)
    0x08000520   0x08000520   0x00000028   Code   RO         3850    .text               c_w.l(_printf_charcount.o)
    0x08000548   0x08000548   0x00000030   Code   RO         3852    .text               c_w.l(_printf_char_common.o)
    0x08000578   0x08000578   0x0000000a   Code   RO         3854    .text               c_w.l(_sputc.o)
    0x08000582   0x08000582   0x00000010   Code   RO         3856    .text               c_w.l(_snputc.o)
    0x08000592   0x08000592   0x00000002   PAD
    0x08000594   0x08000594   0x000000bc   Code   RO         3858    .text               c_w.l(_printf_wctomb.o)
    0x08000650   0x08000650   0x0000007c   Code   RO         3861    .text               c_w.l(_printf_longlong_dec.o)
    0x080006cc   0x080006cc   0x00000070   Code   RO         3867    .text               c_w.l(_printf_oct_int_ll.o)
    0x0800073c   0x0800073c   0x00000094   Code   RO         3887    .text               c_w.l(_printf_hex_int_ll_ptr.o)
    0x080007d0   0x080007d0   0x00000188   Code   RO         3907    .text               c_w.l(__printf_flags_ss_wp.o)
    0x08000958   0x08000958   0x0000008a   Code   RO         3971    .text               c_w.l(lludiv10.o)
    0x080009e2   0x080009e2   0x000000b2   Code   RO         3973    .text               c_w.l(_printf_intcommon.o)
    0x08000a94   0x08000a94   0x0000041e   Code   RO         3975    .text               c_w.l(_printf_fp_dec.o)
    0x08000eb2   0x08000eb2   0x00000002   PAD
    0x08000eb4   0x08000eb4   0x000002fc   Code   RO         3977    .text               c_w.l(_printf_fp_hex.o)
    0x080011b0   0x080011b0   0x0000002c   Code   RO         3982    .text               c_w.l(_printf_char.o)
    0x080011dc   0x080011dc   0x0000002c   Code   RO         3984    .text               c_w.l(_printf_wchar.o)
    0x08001208   0x08001208   0x00000040   Code   RO         3987    .text               c_w.l(_wcrtomb.o)
    0x08001248   0x08001248   0x0000004a   Code   RO         3989    .text               c_w.l(sys_stackheap_outer.o)
    0x08001292   0x08001292   0x00000002   PAD
    0x08001294   0x08001294   0x00000010   Code   RO         3991    .text               c_w.l(rt_ctype_table.o)
    0x080012a4   0x080012a4   0x00000008   Code   RO         3998    .text               c_w.l(rt_locale_intlibspace.o)
    0x080012ac   0x080012ac   0x00000080   Code   RO         4000    .text               c_w.l(_printf_fp_infnan.o)
    0x0800132c   0x0800132c   0x000000e4   Code   RO         4002    .text               c_w.l(bigflt0.o)
    0x08001410   0x08001410   0x00000012   Code   RO         4030    .text               c_w.l(exit.o)
    0x08001422   0x08001422   0x00000002   PAD
    0x08001424   0x08001424   0x00000008   Code   RO         4042    .text               c_w.l(libspace.o)
    0x0800142c   0x0800142c   0x00000080   Code   RO         4054    .text               c_w.l(strcmpv7m.o)
    0x080014ac   0x080014ac   0x0000000c   Code   RO         4118    .text               c_w.l(sys_exit.o)
    0x080014b8   0x080014b8   0x00000002   Code   RO         4135    .text               c_w.l(use_no_semi.o)
    0x080014ba   0x080014ba   0x00000000   Code   RO         4137    .text               c_w.l(indicate_semi.o)
    0x080014ba   0x080014ba   0x0000003e   Code   RO         4005    CL$$btod_d2e        c_w.l(btod.o)
    0x080014f8   0x080014f8   0x00000046   Code   RO         4007    CL$$btod_d2e_denorm_low  c_w.l(btod.o)
    0x0800153e   0x0800153e   0x00000060   Code   RO         4006    CL$$btod_d2e_norm_op1  c_w.l(btod.o)
    0x0800159e   0x0800159e   0x00000338   Code   RO         4015    CL$$btod_div_common  c_w.l(btod.o)
    0x080018d6   0x080018d6   0x000000dc   Code   RO         4012    CL$$btod_e2e        c_w.l(btod.o)
    0x080019b2   0x080019b2   0x0000002a   Code   RO         4009    CL$$btod_ediv       c_w.l(btod.o)
    0x080019dc   0x080019dc   0x0000002a   Code   RO         4008    CL$$btod_emul       c_w.l(btod.o)
    0x08001a06   0x08001a06   0x00000244   Code   RO         4014    CL$$btod_mult_common  c_w.l(btod.o)
    0x08001c4a   0x08001c4a   0x00000016   Code   RO          382    i.ADC_Cmd           stm32f10x_adc.o
    0x08001c60   0x08001c60   0x00000014   Code   RO          390    i.ADC_GetCalibrationStatus  stm32f10x_adc.o
    0x08001c74   0x08001c74   0x00000008   Code   RO          391    i.ADC_GetConversionValue  stm32f10x_adc.o
    0x08001c7c   0x08001c7c   0x00000012   Code   RO          393    i.ADC_GetFlagStatus  stm32f10x_adc.o
    0x08001c8e   0x08001c8e   0x00000014   Code   RO          396    i.ADC_GetResetCalibrationStatus  stm32f10x_adc.o
    0x08001ca2   0x08001ca2   0x00000002   PAD
    0x08001ca4   0x08001ca4   0x00000050   Code   RO          400    i.ADC_Init          stm32f10x_adc.o
    0x08001cf4   0x08001cf4   0x000000b8   Code   RO          404    i.ADC_RegularChannelConfig  stm32f10x_adc.o
    0x08001dac   0x08001dac   0x0000000a   Code   RO          405    i.ADC_ResetCalibration  stm32f10x_adc.o
    0x08001db6   0x08001db6   0x00000016   Code   RO          407    i.ADC_SoftwareStartConvCmd  stm32f10x_adc.o
    0x08001dcc   0x08001dcc   0x0000000a   Code   RO          409    i.ADC_StartCalibration  stm32f10x_adc.o
    0x08001dd6   0x08001dd6   0x00000002   PAD
    0x08001dd8   0x08001dd8   0x00000088   Code   RO         3437    i.Adc_Init          adc.o
    0x08001e60   0x08001e60   0x0000003c   Code   RO         3438    i.Adc_Read          adc.o
    0x08001e9c   0x08001e9c   0x000000ac   Code   RO         3439    i.Adc_ReadVoltage   adc.o
    0x08001f48   0x08001f48   0x0000005e   Code   RO         3464    i.BMP280_ReadBuf    bmp280_s.o
    0x08001fa6   0x08001fa6   0x00000002   PAD
    0x08001fa8   0x08001fa8   0x00000118   Code   RO         3465    i.BMP280_ReadCalib  bmp280_s.o
    0x080020c0   0x080020c0   0x0000005c   Code   RO         3466    i.BMP280_Sensor_Init  bmp280_s.o
    0x0800211c   0x0800211c   0x0000004c   Code   RO         3467    i.BMP280_Sensor_Read  bmp280_s.o
    0x08002168   0x08002168   0x000001fc   Code   RO         3468    i.BMP280_Sensor_ReadPressure  bmp280_s.o
    0x08002364   0x08002364   0x00000074   Code   RO         3469    i.BMP280_Sensor_ReadTemperature  bmp280_s.o
    0x080023d8   0x080023d8   0x00000034   Code   RO         3470    i.BMP280_WriteReg   bmp280_s.o
    0x0800240c   0x0800240c   0x00000020   Code   RO          137    i.Bmp280_Read       main.o
    0x0800242c   0x0800242c   0x00000004   Code   RO          274    i.BusFault_Handler  stm32f10x_it.o
    0x08002430   0x08002430   0x0000004a   Code   RO         3544    i.Buzzer_Config     buzzer.o
    0x0800247a   0x0800247a   0x00000002   PAD
    0x0800247c   0x0800247c   0x00000098   Code   RO         3545    i.Buzzer_Init       buzzer.o
    0x08002514   0x08002514   0x00000010   Code   RO         3546    i.Buzzer_Off        buzzer.o
    0x08002524   0x08002524   0x0000004c   Code   RO         3548    i.Buzzer_SetFreq    buzzer.o
    0x08002570   0x08002570   0x00000062   Code   RO         3584    i.DHT11_S_Read      dht11_s.o
    0x080025d2   0x080025d2   0x00000002   PAD
    0x080025d4   0x080025d4   0x00000048   Code   RO          138    i.Data_Acquire      main.o
    0x0800261c   0x0800261c   0x00000002   Code   RO          275    i.DebugMon_Handler  stm32f10x_it.o
    0x0800261e   0x0800261e   0x00000018   Code   RO         3373    i.Delay_ms          delay.o
    0x08002636   0x08002636   0x0000002e   Code   RO         3375    i.Delay_us          delay.o
    0x08002664   0x08002664   0x0000007c   Code   RO          139    i.Dht11_Read        main.o
    0x080026e0   0x080026e0   0x00000044   Code   RO          140    i.Fast_Sensors_Read  main.o
    0x08002724   0x08002724   0x00000116   Code   RO         1524    i.GPIO_Init         stm32f10x_gpio.o
    0x0800283a   0x0800283a   0x00000002   PAD
    0x0800283c   0x0800283c   0x00000090   Code   RO         1526    i.GPIO_PinRemapConfig  stm32f10x_gpio.o
    0x080028cc   0x080028cc   0x00000012   Code   RO         1528    i.GPIO_ReadInputDataBit  stm32f10x_gpio.o
    0x080028de   0x080028de   0x00000004   Code   RO         1531    i.GPIO_ResetBits    stm32f10x_gpio.o
    0x080028e2   0x080028e2   0x00000004   Code   RO         1532    i.GPIO_SetBits      stm32f10x_gpio.o
    0x080028e6   0x080028e6   0x00000004   Code   RO          276    i.HardFault_Handler  stm32f10x_it.o
    0x080028ea   0x080028ea   0x00000002   PAD
    0x080028ec   0x080028ec   0x00000088   Code   RO         3471    i.I2C_ReadByte      bmp280_s.o
    0x08002974   0x08002974   0x00000024   Code   RO         3472    i.I2C_SDA_In        bmp280_s.o
    0x08002998   0x08002998   0x00000024   Code   RO         3473    i.I2C_SDA_Out       bmp280_s.o
    0x080029bc   0x080029bc   0x00000060   Code   RO         3474    i.I2C_SendByte      bmp280_s.o
    0x08002a1c   0x08002a1c   0x00000040   Code   RO         3475    i.I2C_Start         bmp280_s.o
    0x08002a5c   0x08002a5c   0x00000048   Code   RO         3476    i.I2C_Stop          bmp280_s.o
    0x08002aa4   0x08002aa4   0x0000002c   Code   RO         3629    i.Jumper_Init       jumper.o
    0x08002ad0   0x08002ad0   0x0000001c   Code   RO         3630    i.Jumper_IsNightAutoTurnOnLight  jumper.o
    0x08002aec   0x08002aec   0x0000001c   Code   RO         3631    i.Jumper_IsOLEDPowerOn  jumper.o
    0x08002b08   0x08002b08   0x0000004c   Code   RO         3656    i.Key_Init          key.o
    0x08002b54   0x08002b54   0x00000158   Code   RO          141    i.Key_Process       main.o
    0x08002cac   0x08002cac   0x00000090   Code   RO         3657    i.Key_Read          key.o
    0x08002d3c   0x08002d3c   0x00000078   Code   RO          142    i.Light_Auto_Control  main.o
    0x08002db4   0x08002db4   0x0000003c   Code   RO         3677    i.Light_Init        light_ctl.o
    0x08002df0   0x08002df0   0x00000010   Code   RO         3678    i.Light_Off         light_ctl.o
    0x08002e00   0x08002e00   0x00000010   Code   RO         3679    i.Light_On          light_ctl.o
    0x08002e10   0x08002e10   0x000000a4   Code   RO         3704    i.Light_Sensor_Init  light_s.o
    0x08002eb4   0x08002eb4   0x00000028   Code   RO         3705    i.Light_Sensor_IsNight  light_s.o
    0x08002edc   0x08002edc   0x0000003c   Code   RO         3706    i.Light_Sensor_Read  light_s.o
    0x08002f18   0x08002f18   0x00000004   Code   RO          277    i.MemManage_Handler  stm32f10x_it.o
    0x08002f1c   0x08002f1c   0x00000002   Code   RO          278    i.NMI_Handler       stm32f10x_it.o
    0x08002f1e   0x08002f1e   0x00000002   PAD
    0x08002f20   0x08002f20   0x00000070   Code   RO          337    i.NVIC_Init         misc.o
    0x08002f90   0x08002f90   0x00000040   Code   RO         3737    i.Oled_LightPower_Init  oled_lightpower.o
    0x08002fd0   0x08002fd0   0x00000010   Code   RO         3738    i.Oled_LightPower_Off  oled_lightpower.o
    0x08002fe0   0x08002fe0   0x00000010   Code   RO         3739    i.Oled_LightPower_On  oled_lightpower.o
    0x08002ff0   0x08002ff0   0x00000054   Code   RO          143    i.Oled_Manage       main.o
    0x08003044   0x08003044   0x00000002   Code   RO          279    i.PendSV_Handler    stm32f10x_it.o
    0x08003046   0x08003046   0x00000002   PAD
    0x08003048   0x08003048   0x00000018   Code   RO         1950    i.RCC_ADCCLKConfig  stm32f10x_rcc.o
    0x08003060   0x08003060   0x00000020   Code   RO         1952    i.RCC_APB1PeriphClockCmd  stm32f10x_rcc.o
    0x08003080   0x08003080   0x00000020   Code   RO         1954    i.RCC_APB2PeriphClockCmd  stm32f10x_rcc.o
    0x080030a0   0x080030a0   0x000000d4   Code   RO         1962    i.RCC_GetClocksFreq  stm32f10x_rcc.o
    0x08003174   0x08003174   0x00000088   Code   RO         3764    i.Rain_Sensor_Init  rain_s.o
    0x080031fc   0x080031fc   0x00000016   Code   RO         3765    i.Rain_Sensor_IsRain  rain_s.o
    0x08003212   0x08003212   0x00000002   PAD
    0x08003214   0x08003214   0x0000003c   Code   RO         3766    i.Rain_Sensor_Read  rain_s.o
    0x08003250   0x08003250   0x00000002   Code   RO          280    i.SVC_Handler       stm32f10x_it.o
    0x08003252   0x08003252   0x00000008   Code   RO           24    i.SetSysClock       system_stm32f10x.o
    0x0800325a   0x0800325a   0x00000002   PAD
    0x0800325c   0x0800325c   0x000000e0   Code   RO           25    i.SetSysClockTo72   system_stm32f10x.o
    0x0800333c   0x0800333c   0x0000001c   Code   RO          144    i.Set_Light         main.o
    0x08003358   0x08003358   0x00000002   Code   RO          281    i.SysTick_Handler   stm32f10x_it.o
    0x0800335a   0x0800335a   0x00000002   PAD
    0x0800335c   0x0800335c   0x00000060   Code   RO           27    i.SystemInit        system_stm32f10x.o
    0x080033bc   0x080033bc   0x00000024   Code   RO          145    i.TIM2_IRQHandler   main.o
    0x080033e0   0x080033e0   0x00000018   Code   RO         2586    i.TIM_ARRPreloadConfig  stm32f10x_tim.o
    0x080033f8   0x080033f8   0x00000006   Code   RO         2593    i.TIM_ClearITPendingBit  stm32f10x_tim.o
    0x080033fe   0x080033fe   0x00000018   Code   RO         2598    i.TIM_Cmd           stm32f10x_tim.o
    0x08003416   0x08003416   0x0000001e   Code   RO         2600    i.TIM_CtrlPWMOutputs  stm32f10x_tim.o
    0x08003434   0x08003434   0x00000022   Code   RO         2619    i.TIM_GetITStatus   stm32f10x_tim.o
    0x08003456   0x08003456   0x00000012   Code   RO         2623    i.TIM_ITConfig      stm32f10x_tim.o
    0x08003468   0x08003468   0x00000098   Code   RO         2627    i.TIM_OC1Init       stm32f10x_tim.o
    0x08003500   0x08003500   0x00000012   Code   RO         2630    i.TIM_OC1PreloadConfig  stm32f10x_tim.o
    0x08003512   0x08003512   0x00000002   PAD
    0x08003514   0x08003514   0x000000a4   Code   RO         2669    i.TIM_TimeBaseInit  stm32f10x_tim.o
    0x080035b8   0x080035b8   0x0000005e   Code   RO          146    i.Tick_Init         main.o
    0x08003616   0x08003616   0x00000002   PAD
    0x08003618   0x08003618   0x00000034   Code   RO          147    i.Tick_Process      main.o
    0x0800364c   0x0800364c   0x00000334   Code   RO          148    i.UART_Heartbeat    main.o
    0x08003980   0x08003980   0x0000007c   Code   RO         3397    i.UART_Init         uart.o
    0x080039fc   0x080039fc   0x00000028   Code   RO         3398    i.UART_Printf       uart.o
    0x08003a24   0x08003a24   0x00000020   Code   RO         3399    i.UART_SendChar     uart.o
    0x08003a44   0x08003a44   0x00000022   Code   RO         3400    i.UART_SendString   uart.o
    0x08003a66   0x08003a66   0x00000018   Code   RO         3137    i.USART_Cmd         stm32f10x_usart.o
    0x08003a7e   0x08003a7e   0x0000001a   Code   RO         3140    i.USART_GetFlagStatus  stm32f10x_usart.o
    0x08003a98   0x08003a98   0x000000d8   Code   RO         3144    i.USART_Init        stm32f10x_usart.o
    0x08003b70   0x08003b70   0x00000008   Code   RO         3154    i.USART_SendData    stm32f10x_usart.o
    0x08003b78   0x08003b78   0x00000004   Code   RO          282    i.UsageFault_Handler  stm32f10x_it.o
    0x08003b7c   0x08003b7c   0x00000028   Code   RO         4040    i.__ARM_fpclassify  m_ws.l(fpclassify.o)
    0x08003ba4   0x08003ba4   0x0000000e   Code   RO         3900    i._is_digit         c_w.l(__printf_wp.o)
    0x08003bb2   0x08003bb2   0x00000002   PAD
    0x08003bb4   0x08003bb4   0x0000006c   Code   RO         3585    i.checkDHT11_S      dht11_s.o
    0x08003c20   0x08003c20   0x00000040   Code   RO         3586    i.init_DHT11_S      dht11_s.o
    0x08003c60   0x08003c60   0x00000198   Code   RO          149    i.main              main.o
    0x08003df8   0x08003df8   0x00000058   Code   RO         3587    i.readDHT11_S       dht11_s.o
    0x08003e50   0x08003e50   0x0000001e   Code   RO         3588    i.readDHT11_S_Byte  dht11_s.o
    0x08003e6e   0x08003e6e   0x00000002   PAD
    0x08003e70   0x08003e70   0x00000044   Code   RO         3589    i.rstDHT11_S        dht11_s.o
    0x08003eb4   0x08003eb4   0x0000002c   Code   RO         4028    locale$$code        c_w.l(lc_numeric_c.o)
    0x08003ee0   0x08003ee0   0x0000002c   Code   RO         4048    locale$$code        c_w.l(lc_ctype_c.o)
    0x08003f0c   0x08003f0c   0x00000062   Code   RO         3801    x$fpl$d2f           fz_ws.l(d2f.o)
    0x08003f6e   0x08003f6e   0x00000002   PAD
    0x08003f70   0x08003f70   0x00000150   Code   RO         3803    x$fpl$dadd          fz_ws.l(daddsub_clz.o)
    0x080040c0   0x080040c0   0x0000009c   Code   RO         3933    x$fpl$dnaninf       fz_ws.l(dnaninf.o)
    0x0800415c   0x0800415c   0x0000000c   Code   RO         3935    x$fpl$dretinf       fz_ws.l(dretinf.o)
    0x08004168   0x08004168   0x000001d4   Code   RO         3805    x$fpl$dsub          fz_ws.l(daddsub_clz.o)
    0x0800433c   0x0800433c   0x00000056   Code   RO         3809    x$fpl$f2d           fz_ws.l(f2d.o)
    0x08004392   0x08004392   0x00000002   PAD
    0x08004394   0x08004394   0x000000c4   Code   RO         3811    x$fpl$fadd          fz_ws.l(faddsub_clz.o)
    0x08004458   0x08004458   0x00000018   Code   RO         3937    x$fpl$fcmpinf       fz_ws.l(fcmpi.o)
    0x08004470   0x08004470   0x00000184   Code   RO         3818    x$fpl$fdiv          fz_ws.l(fdiv.o)
    0x080045f4   0x080045f4   0x00000036   Code   RO         3821    x$fpl$ffix          fz_ws.l(ffix.o)
    0x0800462a   0x0800462a   0x00000002   PAD
    0x0800462c   0x0800462c   0x00000030   Code   RO         3826    x$fpl$fflt          fz_ws.l(fflt_clz.o)
    0x0800465c   0x0800465c   0x00000060   Code   RO         3831    x$fpl$ffltll        fz_ws.l(ffltll_clz.o)
    0x080046bc   0x080046bc   0x00000026   Code   RO         3825    x$fpl$ffltu         fz_ws.l(fflt_clz.o)
    0x080046e2   0x080046e2   0x00000002   PAD
    0x080046e4   0x080046e4   0x00000068   Code   RO         3833    x$fpl$fleqf         fz_ws.l(fleqf.o)
    0x0800474c   0x0800474c   0x00000102   Code   RO         3835    x$fpl$fmul          fz_ws.l(fmul.o)
    0x0800484e   0x0800484e   0x0000008c   Code   RO         3939    x$fpl$fnaninf       fz_ws.l(fnaninf.o)
    0x080048da   0x080048da   0x0000000a   Code   RO         3941    x$fpl$fretinf       fz_ws.l(fretinf.o)
    0x080048e4   0x080048e4   0x000000ea   Code   RO         3813    x$fpl$fsub          fz_ws.l(faddsub_clz.o)
    0x080049ce   0x080049ce   0x00000004   Code   RO         3943    x$fpl$printf1       fz_ws.l(printf1.o)
    0x080049d2   0x080049d2   0x00000004   Code   RO         3945    x$fpl$printf2       fz_ws.l(printf2.o)
    0x080049d6   0x080049d6   0x00000000   Code   RO         3951    x$fpl$usenofp       fz_ws.l(usenofp.o)
    0x080049d6   0x080049d6   0x00000002   PAD
    0x080049d8   0x080049d8   0x00000008   Data   RO         3859    .constdata          c_w.l(_printf_wctomb.o)
    0x080049e0   0x080049e0   0x00000028   Data   RO         3888    .constdata          c_w.l(_printf_hex_int_ll_ptr.o)
    0x08004a08   0x08004a08   0x00000011   Data   RO         3908    .constdata          c_w.l(__printf_flags_ss_wp.o)
    0x08004a19   0x08004a19   0x00000026   Data   RO         3978    .constdata          c_w.l(_printf_fp_hex.o)
    0x08004a3f   0x08004a3f   0x00000001   PAD
    0x08004a40   0x08004a40   0x00000094   Data   RO         4003    .constdata          c_w.l(bigflt0.o)
    0x08004ad4   0x08004ad4   0x00000020   Data   RO         4178    Region$$Table       anon$$obj.o
    0x08004af4   0x08004af4   0x0000001c   Data   RO         4027    locale$$data        c_w.l(lc_numeric_c.o)
    0x08004b10   0x08004b10   0x00000110   Data   RO         4047    locale$$data        c_w.l(lc_ctype_c.o)


    Execution Region RW_IRAM1 (Exec base: 0x20000000, Load base: 0x08004c20, Size: 0x000006d0, Max: 0x00002800, ABSOLUTE)

    Exec Addr    Load Addr    Size         Type   Attr      Idx    E Section Name        Object

    0x20000000   0x08004c20   0x00000034   Data   RW          150    .data               main.o
    0x20000034   0x08004c54   0x00000014   Data   RW         1982    .data               stm32f10x_rcc.o
    0x20000048   0x08004c68   0x00000024   Data   RW         3477    .data               bmp280_s.o
    0x2000006c   0x08004c8c   0x00000004   Data   RW         3549    .data               buzzer.o
    0x20000070        -       0x00000060   Zero   RW         4043    .bss                c_w.l(libspace.o)
    0x200000d0        -       0x00000200   Zero   RW           18    HEAP                startup_stm32f10x_md.o
    0x200002d0        -       0x00000400   Zero   RW           17    STACK               startup_stm32f10x_md.o


==============================================================================

Image component sizes


      Code (inc. data)   RO Data    RW Data    ZI Data      Debug   Object Name

       368         40          0          0          0       2108   adc.o
      1658        166          0         36          0       8323   bmp280_s.o
       318         24          0          4          0       2391   buzzer.o
         0          0          0          0          0       4540   core_cm3.o
        70          0          0          0          0        954   delay.o
       456         24          0          0          0       4047   dht11_s.o
       100         16          0          0          0       1545   jumper.o
       220         24          0          0          0       1506   key.o
        92         16          0          0          0       1400   light_ctl.o
       264         22          0          0          0       1699   light_s.o
      2282       1098          0         52          0     220009   main.o
       112         12          0          0          0       2632   misc.o
        96         18          0          0          0       1490   oled_lightpower.o
       218         14          0          0          0       1703   rain_s.o
        64         26        236          0       1536        792   startup_stm32f10x_md.o
       394         10          0          0          0      16821   stm32f10x_adc.o
       448          6          0          0          0      12694   stm32f10x_gpio.o
        26          0          0          0          0       3874   stm32f10x_it.o
       300         38          0         20          0      13597   stm32f10x_rcc.o
       470         62          0          0          0      26099   stm32f10x_tim.o
       274          6          0          0          0       9924   stm32f10x_usart.o
       328         28          0          0          0      45345   system_stm32f10x.o
       230         14          0          0          0       2756   uart.o

    ----------------------------------------------------------------------
      8818       1664        268        112       1536     386249   Object Totals
         0          0         32          0          0          0   (incl. Generated)
        30          0          0          0          0          0   (incl. Padding)

    ----------------------------------------------------------------------

      Code (inc. data)   RO Data    RW Data    ZI Data      Debug   Library Member Name

         8          0          0          0          0         68   __main.o
       392          4         17          0          0         92   __printf_flags_ss_wp.o
        14          0          0          0          0         68   __printf_wp.o
         0          0          0          0          0          0   __rtentry.o
        12          0          0          0          0          0   __rtentry2.o
         6          0          0          0          0          0   __rtentry4.o
        52          8          0          0          0          0   __scatter.o
        26          0          0          0          0          0   __scatter_copy.o
        28          0          0          0          0          0   __scatter_zi.o
         6          0          0          0          0          0   _printf_a.o
         6          0          0          0          0          0   _printf_c.o
        44          0          0          0          0        108   _printf_char.o
        48          6          0          0          0         96   _printf_char_common.o
        40          0          0          0          0         68   _printf_charcount.o
         6          0          0          0          0          0   _printf_d.o
       120         16          0          0          0         92   _printf_dec.o
         6          0          0          0          0          0   _printf_e.o
         6          0          0          0          0          0   _printf_f.o
      1054          0          0          0          0        216   _printf_fp_dec.o
       764          8         38          0          0        100   _printf_fp_hex.o
       128         16          0          0          0         84   _printf_fp_infnan.o
         6          0          0          0          0          0   _printf_g.o
       148          4         40          0          0        160   _printf_hex_int_ll_ptr.o
         6          0          0          0          0          0   _printf_i.o
       178          0          0          0          0         88   _printf_intcommon.o
        10          0          0          0          0          0   _printf_l.o
         6          0          0          0          0          0   _printf_lc.o
        10          0          0          0          0          0   _printf_ll.o
         6          0          0          0          0          0   _printf_lld.o
         6          0          0          0          0          0   _printf_lli.o
         6          0          0          0          0          0   _printf_llo.o
         6          0          0          0          0          0   _printf_llu.o
         6          0          0          0          0          0   _printf_llx.o
       124         16          0          0          0         92   _printf_longlong_dec.o
         6          0          0          0          0          0   _printf_ls.o
         6          0          0          0          0          0   _printf_n.o
         6          0          0          0          0          0   _printf_o.o
       112         10          0          0          0        124   _printf_oct_int_ll.o
         6          0          0          0          0          0   _printf_p.o
        78          0          0          0          0        108   _printf_pad.o
         0          0          0          0          0          0   _printf_percent.o
         4          0          0          0          0          0   _printf_percent_end.o
         6          0          0          0          0          0   _printf_s.o
        82          0          0          0          0         80   _printf_str.o
        36          0          0          0          0         84   _printf_truncate.o
         6          0          0          0          0          0   _printf_u.o
        44          0          0          0          0        108   _printf_wchar.o
       188          6          8          0          0         92   _printf_wctomb.o
         6          0          0          0          0          0   _printf_x.o
        16          0          0          0          0         68   _snputc.o
        10          0          0          0          0         68   _sputc.o
        64          0          0          0          0         92   _wcrtomb.o
       228          4        148          0          0         96   bigflt0.o
      1936        128          0          0          0        672   btod.o
        18          0          0          0          0         80   exit.o
         6          0          0          0          0        152   heapauxi.o
         0          0          0          0          0          0   indicate_semi.o
        44         10        272          0          0         76   lc_ctype_c.o
        44         10         28          0          0         76   lc_numeric_c.o
         2          0          0          0          0          0   libinit.o
        30          0          0          0          0          0   libinit2.o
         2          0          0          0          0          0   libshutdown.o
         2          0          0          0          0          0   libshutdown2.o
         8          4          0          0         96         68   libspace.o
        72          0          0          0          0         76   llsdiv.o
       138          0          0          0          0         80   lludiv10.o
       238          0          0          0          0        100   lludivv7m.o
        16          4          0          0          0         76   rt_ctype_table.o
         8          4          0          0          0         68   rt_locale_intlibspace.o
         2          0          0          0          0          0   rtexit.o
        10          0          0          0          0          0   rtexit2.o
       128          0          0          0          0         68   strcmpv7m.o
        12          4          0          0          0         68   sys_exit.o
        74          0          0          0          0         80   sys_stackheap_outer.o
         2          0          0          0          0         68   use_no_semi.o
        52          4          0          0          0         80   vsnprintf.o
        98          4          0          0          0         92   d2f.o
       804         16          0          0          0        272   daddsub_clz.o
       156          4          0          0          0         92   dnaninf.o
        12          0          0          0          0         68   dretinf.o
        86          4          0          0          0         84   f2d.o
       430          8          0          0          0        168   faddsub_clz.o
        24          0          0          0          0         68   fcmpi.o
       388         76          0          0          0         96   fdiv.o
        54          4          0          0          0         84   ffix.o
        86          0          0          0          0        136   fflt_clz.o
        96          0          0          0          0         84   ffltll_clz.o
       104          4          0          0          0         84   fleqf.o
       258          4          0          0          0         84   fmul.o
       140          4          0          0          0         84   fnaninf.o
        10          0          0          0          0         68   fretinf.o
         4          0          0          0          0         68   printf1.o
         4          0          0          0          0         68   printf2.o
         0          0          0          0          0          0   usenofp.o
        40          0          0          0          0         68   fpclassify.o

    ----------------------------------------------------------------------
      9850        394        552          0         96       5908   Library Totals
        24          0          1          0          0          0   (incl. Padding)

    ----------------------------------------------------------------------

      Code (inc. data)   RO Data    RW Data    ZI Data      Debug   Library Name

      7032        266        551          0         96       4140   c_w.l
      2754        128          0          0          0       1700   fz_ws.l
        40          0          0          0          0         68   m_ws.l

    ----------------------------------------------------------------------
      9850        394        552          0         96       5908   Library Totals

    ----------------------------------------------------------------------

==============================================================================


      Code (inc. data)   RO Data    RW Data    ZI Data      Debug   

     18668       2058        820        112       1632     383469   Grand Totals
     18668       2058        820        112       1632     383469   ELF Image Totals
     18668       2058        820        112          0          0   ROM Totals

==============================================================================

    Total RO  Size (Code + RO Data)                19488 (  19.03kB)
    Total RW  Size (RW Data + ZI Data)              1744 (   1.70kB)
    Total ROM Size (Code + RO Data + RW Data)      19600 (  19.14kB)

==============================================================================

