C51 COMPILER V9.59.0.0   24C64                                                             07/28/2026 22:10:55 PAGE 1   


C51 COMPILER V9.59.0.0, COMPILATION OF MODULE 24C64
OBJECT MODULE PLACED IN .\Objects\24c64.obj
COMPILER INVOKED BY: D:\Keil_v5\C51\BIN\C51.EXE Hardware\24c64.c COMPACT OPTIMIZE(8,SPEED) BROWSE INCDIR(.\Hardware;.\Sy
                    -stem) DEBUG OBJECTEXTEND PRINT(.\Listings\24c64.lst) TABS(2) OBJECT(.\Objects\24c64.obj)

line level    source

   1          #include "24c64.h"
   2          #include "Delay.h"
   3          
   4          // 延时函数
   5          void I2C_Delay(void)
   6          {
   7   1          // unsigned char i = 2;
   8   1          unsigned char i = 100; // 低于100延时在解码中会出现多1字符解码问题（逻辑分析仪
             -显示FF） 或许加个电阻同步阻抗会很好
   9   1          while (i--)
  10   1              ;
  11   1      }
  12          
  13          // 初始化I2C总线
  14          void I2C_Init(void)
  15          {
  16   1          SDA = 1;
  17   1          SCL = 1;
  18   1      }
  19          
  20          // 发送起始信号
  21          void I2C_Start(void)
  22          {
  23   1          SDA = 1;
  24   1          SCL = 1;
  25   1          I2C_Delay();
  26   1          SDA = 0;
  27   1          I2C_Delay();
  28   1          SCL = 0;
  29   1      }
  30          
  31          // 发送停止信号
  32          void I2C_Stop(void)
  33          {
  34   1          SDA = 0;
  35   1          SCL = 1;
  36   1          I2C_Delay();
  37   1          SDA = 1;
  38   1          I2C_Delay();
  39   1      }
  40          
  41          // 发送一个字节
  42          void I2C_SendByte(unsigned char byte)
  43          {
  44   1          unsigned char i;
  45   1          for (i = 0; i < 8; i++)
  46   1          {
  47   2              SDA = byte & 0x80;
  48   2              byte <<= 1;
  49   2              SCL = 1;
  50   2              I2C_Delay();
  51   2              SCL = 0;
  52   2              I2C_Delay();
  53   2          }
C51 COMPILER V9.59.0.0   24C64                                                             07/28/2026 22:10:55 PAGE 2   

  54   1      }
  55          
  56          // 接收一个字节
  57          unsigned char I2C_ReceiveByte(void)
  58          {
  59   1          unsigned char i, byte = 0;
  60   1          SDA = 1;
  61   1          for (i = 0; i < 8; i++)
  62   1          {
  63   2              byte <<= 1;
  64   2              SCL = 1;
  65   2              I2C_Delay();
  66   2              byte |= SDA;
  67   2              SCL = 0;
  68   2              I2C_Delay();
  69   2          }
  70   1          return byte;
  71   1      }
  72          
  73          // 等待应答
  74          bit I2C_WaitAck(void)
  75          {
  76   1          bit ack;
  77   1          SDA = 1;
  78   1          I2C_Delay();
  79   1          SCL = 1;
  80   1          I2C_Delay();
  81   1          ack = SDA;
  82   1          SCL = 0;
  83   1          I2C_Delay();
  84   1          return ack;
  85   1      }
  86          
  87          // 发送应答
  88          void I2C_SendAck(bit ack)
  89          {
  90   1          SDA = ack;
  91   1          I2C_Delay();
  92   1          SCL = 1;
  93   1          I2C_Delay();
  94   1          SCL = 0;
  95   1          I2C_Delay();
  96   1      }
  97          
  98          // 向EEPROM写入一个字节
  99          void EEPROM_WriteByte(unsigned int addr, unsigned char dat)
 100          {
 101   1          I2C_Start();
 102   1          I2C_SendByte(EEPROM_ADDR);
 103   1          if (I2C_WaitAck())
 104   1              return;
 105   1          I2C_SendByte(addr >> 8);
 106   1          if (I2C_WaitAck())
 107   1              return;
 108   1          I2C_SendByte(addr & 0xFF);
 109   1          if (I2C_WaitAck())
 110   1              return;
 111   1          I2C_SendByte(dat);
 112   1          if (I2C_WaitAck())
 113   1              return;
 114   1          I2C_Stop();
 115   1              // 等待写入完成（~5ms，24C64写周期典型5ms）
C51 COMPILER V9.59.0.0   24C64                                                             07/28/2026 22:10:55 PAGE 3   

 116   1              Delay_ms(5);
 117   1              ;
 118   1      }
 119          
 120          // 从EEPROM读取一个字节
 121          unsigned char EEPROM_ReadByte(unsigned int addr)
 122          {
 123   1          unsigned char dat;
 124   1          I2C_Start();
 125   1          I2C_SendByte(EEPROM_ADDR);
 126   1          if (I2C_WaitAck())
 127   1              return 0;
 128   1          I2C_SendByte(addr >> 8);
 129   1          if (I2C_WaitAck())
 130   1              return 0;
 131   1          I2C_SendByte(addr & 0xFF);
 132   1          if (I2C_WaitAck())
 133   1              return 0;
 134   1          I2C_Start();
 135   1          I2C_SendByte(EEPROM_ADDR | 0x01);
 136   1          if (I2C_WaitAck())
 137   1              return 0;
 138   1          dat = I2C_ReceiveByte();
 139   1          I2C_SendAck(1);
 140   1          I2C_Stop();
 141   1          return dat;
 142   1      }
 143          
 144          // 向EEPROM写入字符串
 145          #if 0
              void EEPROM_WriteString(unsigned int addr, unsigned char *str)
              {
                  while (*str)
                  {
                      EEPROM_WriteByte(addr++, *str++);
                  }
                  EEPROM_WriteByte(addr, 0); // 写入结束符
              }
              #endif
 155          
 156          // 从EEPROM读取字符串
 157          #if 0
              void EEPROM_ReadString(unsigned int addr, unsigned char *str, unsigned int len)
              {
                  unsigned int read_str_i;
                  for (read_str_i = 0; read_str_i < len; read_str_i++)
                  {
                      *str = EEPROM_ReadByte(addr++);
                      if (*str == 0)
                          break;
                      str++;
                  }
                  *str = 0; // 确保字符串结束
              }
              #endif
 171          
 172          // 读取EEPROM指定长度内容
 173          void EEPROM_ReadBuffer(unsigned int addr, unsigned char *buffer, unsigned int len)
 174          {
 175   1          unsigned int read_i;
 176   1          for (read_i = 0; read_i < len; read_i++)
 177   1          {
C51 COMPILER V9.59.0.0   24C64                                                             07/28/2026 22:10:55 PAGE 4   

 178   2              buffer[read_i] = EEPROM_ReadByte(addr + read_i);
 179   2          }
 180   1      }
 181          
 182          // 清空EEPROM全部内容
 183          #if 0
              void EEPROM_ClearAll(void)
              {
                  unsigned int clear_i;
                  for (clear_i = 0; clear_i < 8192; clear_i++) // 24C64容量为8KB
                  {
                      EEPROM_WriteByte(clear_i, 0);
                  }
              }
              #endif
 193          
 194          // ========== 通用 Buffer 读写 ==========
 195          
 196          /**
 197           * @brief  向EEPROM写入一段数据（通用buffer）
 198           * @param  addr   起始地址
 199           * @param  buffer 数据缓冲区指针
 200           * @param  len    写入字节数
 201           */
 202          void EEPROM_WriteBuffer(unsigned int addr, unsigned char *buffer, unsigned int len)
 203          {
 204   1          unsigned int i;
 205   1          for (i = 0; i < len; i++)
 206   1          {
 207   2              EEPROM_WriteByte(addr + i, buffer[i]);
 208   2          }
 209   1      }
 210          
 211          // ========== 类型化读写（short / int / long / float） ==========
 212          
 213          // 利用 union 共享内存进行字节拆分/合并，避免指针强转的严格别名问题
 214          typedef union {
 215              unsigned char  u8;
 216              signed   char  s8;
 217              unsigned int   u16;
 218              signed   int   s16;
 219              unsigned long  u32;
 220              signed   long  s32;
 221              float          f32;
 222              unsigned char  bytes[4]; // 最大 4 字节，覆盖 long/float
 223          } EEPROM_Union_t;
 224          
 225          // --- unsigned char / signed char ---
 226          void EEPROM_WriteU8(unsigned int addr, unsigned char val)
 227          {
 228   1          EEPROM_WriteByte(addr, val);
 229   1      }
 230          unsigned char EEPROM_ReadU8(unsigned int addr)
 231          {
 232   1          return EEPROM_ReadByte(addr);
 233   1      }
 234          
 235          #if 0
              void EEPROM_WriteS8(unsigned int addr, signed char val)
              {
                  EEPROM_WriteByte(addr, (unsigned char)val);
              }
C51 COMPILER V9.59.0.0   24C64                                                             07/28/2026 22:10:55 PAGE 5   

              signed char EEPROM_ReadS8(unsigned int addr)
              {
                  return (signed char)EEPROM_ReadByte(addr);
              }
              #endif
 245          
 246          // --- unsigned int / signed int (16位) ---
 247          #if 0
              void EEPROM_WriteU16(unsigned int addr, unsigned int val)
              {
                  EEPROM_Union_t u;
                  u.u16 = val;
                  EEPROM_WriteBuffer(addr, u.bytes, 2);
              }
              unsigned int EEPROM_ReadU16(unsigned int addr)
              {
                  EEPROM_Union_t u;
                  EEPROM_ReadBuffer(addr, u.bytes, 2);
                  return u.u16;
              }
              #endif
 261          
 262          #if 0
              void EEPROM_WriteS16(unsigned int addr, signed int val)
              {
                  EEPROM_Union_t u;
                  u.s16 = val;
                  EEPROM_WriteBuffer(addr, u.bytes, 2);
              }
              signed int EEPROM_ReadS16(unsigned int addr)
              {
                  EEPROM_Union_t u;
                  EEPROM_ReadBuffer(addr, u.bytes, 2);
                  return u.s16;
              }
              #endif
 276          
 277          // --- unsigned long / signed long (32位) ---
 278          void EEPROM_WriteU32(unsigned int addr, unsigned long val)
 279          {
 280   1          EEPROM_Union_t u;
 281   1          u.u32 = val;
 282   1          EEPROM_WriteBuffer(addr, u.bytes, 4);
 283   1      }
 284          unsigned long EEPROM_ReadU32(unsigned int addr)
 285          {
 286   1          EEPROM_Union_t u;
 287   1          EEPROM_ReadBuffer(addr, u.bytes, 4);
 288   1          return u.u32;
 289   1      }
 290          
 291          #if 0
              void EEPROM_WriteS32(unsigned int addr, signed long val)
              {
                  EEPROM_Union_t u;
                  u.s32 = val;
                  EEPROM_WriteBuffer(addr, u.bytes, 4);
              }
              signed long EEPROM_ReadS32(unsigned int addr)
              {
                  EEPROM_Union_t u;
                  EEPROM_ReadBuffer(addr, u.bytes, 4);
C51 COMPILER V9.59.0.0   24C64                                                             07/28/2026 22:10:55 PAGE 6   

                  return u.s32;
              }
              #endif
 305          
 306          // --- float (32位) ---
 307          #if 0
              void EEPROM_WriteFloat(unsigned int addr, float val)
              {
                  EEPROM_Union_t u;
                  u.f32 = val;
                  EEPROM_WriteBuffer(addr, u.bytes, 4);
              }
              float EEPROM_ReadFloat(unsigned int addr)
              {
                  EEPROM_Union_t u;
                  EEPROM_ReadBuffer(addr, u.bytes, 4);
                  return u.f32;
              }
              #endif


MODULE INFORMATION:   STATIC OVERLAYABLE
   CODE SIZE        =    547    ----
   CONSTANT SIZE    =   ----    ----
   XDATA SIZE       =   ----    ----
   PDATA SIZE       =   ----      36
   DATA SIZE        =   ----    ----
   IDATA SIZE       =   ----    ----
   BIT SIZE         =   ----       2
END OF MODULE INFORMATION.


C51 COMPILATION COMPLETE.  0 WARNING(S),  0 ERROR(S)
