C51 COMPILER V9.59.0.0   DELAY                                                             07/28/2026 20:56:45 PAGE 1   


C51 COMPILER V9.59.0.0, COMPILATION OF MODULE DELAY
OBJECT MODULE PLACED IN .\Objects\Delay.obj
COMPILER INVOKED BY: D:\Keil_v5\C51\BIN\C51.EXE System\Delay.c COMPACT OPTIMIZE(8,SPEED) BROWSE INCDIR(.\Hardware;.\Syst
                    -em) DEBUG OBJECTEXTEND PRINT(.\Listings\Delay.lst) TABS(2) OBJECT(.\Objects\Delay.obj)

line level    source

   1          #include "Delay.h"
   2          #include <intrins.h>
   3          
   4          static unsigned char xdata i, j;
   5          
   6          void Delay1ms(void) //@11.0592MHz
   7          {
   8   1        unsigned char data i, j;
   9   1      
  10   1        _nop_();
  11   1        _nop_();
  12   1        _nop_();
  13   1        i = 11;
  14   1        j = 190;
  15   1        do
  16   1        {
  17   2          while (--j);
  18   2        } while (--i);
  19   1      }
  20          
  21          
  22          void Delay_ms(uint16_t ms) {
  23   1        while (ms--) {
  24   2          Delay1ms();
  25   2        }
  26   1      }
  27          
  28          void Delay_us(uint16_t us)  //@12.000MHz 粗略延时（12T下约1.085us/次循环）
  29          {
  30   1        while(us--){
  31   2        _nop_();
  32   2          _nop_();
  33   2        }
  34   1      
  35   1      }


MODULE INFORMATION:   STATIC OVERLAYABLE
   CODE SIZE        =     47    ----
   CONSTANT SIZE    =   ----    ----
   XDATA SIZE       =      2    ----
   PDATA SIZE       =   ----    ----
   DATA SIZE        =   ----       2
   IDATA SIZE       =   ----    ----
   BIT SIZE         =   ----    ----
END OF MODULE INFORMATION.


C51 COMPILATION COMPLETE.  0 WARNING(S),  0 ERROR(S)
