C51 COMPILER V9.59.0.0   KEY                                                               07/28/2026 23:45:29 PAGE 1   


C51 COMPILER V9.59.0.0, COMPILATION OF MODULE KEY
OBJECT MODULE PLACED IN .\Objects\key.obj
COMPILER INVOKED BY: D:\Keil_v5\C51\BIN\C51.EXE Hardware\key.c COMPACT OPTIMIZE(8,SPEED) BROWSE INCDIR(.\Hardware;.\Syst
                    -em) DEBUG OBJECTEXTEND PRINT(.\Listings\key.lst) TABS(2) OBJECT(.\Objects\key.obj)

line level    source

   1          #include "key.h"
   2          #include "uart.h"
   3          
   4          static uint16_t xdata Reset_Cnt = 0;
   5          static bit last_reset_state = 1;
   6          static uint8_t  xdata debounce_cnt = 0;   /* 去抖计数器 */
   7          
   8          void Key_Init(void){
   9   1          IT1 = 1;           // INT1(P3.3)下降沿触发
  10   1          EX1 = 1;           // 使能INT1中断
  11   1          Mode_Key  = 1;
  12   1          Reset_Key = 1;
  13   1      }
  14          
  15          bit Key_Scan(void){
  16   1          bit cur = Reset_Key;
  17   1          
  18   1          /* 调试: 打印按键状态变化 */
  19   1          if (cur != last_reset_state) {
  20   2              if (cur == 0)
  21   2                  DEBUG_UO("Key", "Reset pressed");
  22   2              else
  23   2                  DEBUG_UO("Key", "Reset released");
  24   2              last_reset_state = cur;
  25   2          }
  26   1          
  27   1          if(cur == 0){
  28   2              /* 去抖: 连续采样到低电平达到3次(≈30ms)后才开始计数 */
  29   2              if (debounce_cnt < 3) {
  30   3                  debounce_cnt++;
  31   3              } else {
  32   3                  if(Reset_Cnt < 0xFFFF) Reset_Cnt++;
  33   3              }
  34   2          } else {
  35   2              Reset_Cnt = 0;
  36   2              debounce_cnt = 0;
  37   2          }
  38   1      
  39   1          if(Reset_Cnt >= KEY_LONGPRESS_CYCLES){
  40   2              Reset_Cnt = 0;
  41   2              DEBUG_UO("Key", "Long press DETECTED!");
  42   2              return 1;
  43   2          }
  44   1          return 0;
  45   1      }


MODULE INFORMATION:   STATIC OVERLAYABLE
   CODE SIZE        =    134    ----
   CONSTANT SIZE    =    110    ----
   XDATA SIZE       =      3    ----
   PDATA SIZE       =   ----    ----
   DATA SIZE        =   ----    ----
   IDATA SIZE       =   ----    ----
C51 COMPILER V9.59.0.0   KEY                                                               07/28/2026 23:45:29 PAGE 2   

   BIT SIZE         =      1       1
END OF MODULE INFORMATION.


C51 COMPILATION COMPLETE.  0 WARNING(S),  0 ERROR(S)
