C51 COMPILER V9.59.0.0   MAX7219                                                           07/28/2026 22:17:55 PAGE 1   


C51 COMPILER V9.59.0.0, COMPILATION OF MODULE MAX7219
OBJECT MODULE PLACED IN .\Objects\MAX7219.obj
COMPILER INVOKED BY: D:\Keil_v5\C51\BIN\C51.EXE Hardware\MAX7219.c COMPACT OPTIMIZE(8,SPEED) BROWSE INCDIR(.\Hardware;.\
                    -System) DEBUG OBJECTEXTEND PRINT(.\Listings\MAX7219.lst) TABS(2) OBJECT(.\Objects\MAX7219.obj)

line level    source

   1          #include "stc89c52.h"
   2          #include "MAX7219.h"
   3          #include "Delay.h"
   4          #include <string.h>
   5          
   6          #define MAX7219_BLANK 0x0F
   7          
   8          // #define MAX7219_POS_REVERSED   // 如需反向显示请取消注释
   9          
  10          static uint8_t PosMap(uint8_t p)
  11          {
  12   1      #ifdef MAX7219_POS_REVERSED
                  return 9 - p;
              #else
  15   1          return p;
  16   1      #endif
  17   1      }
  18          
  19          
  20          void Max7219_SendByte(uint8_t dat)
  21          {
  22   1          uint8_t i;
  23   1          for (i = 0; i < 8; i++)
  24   1          {
  25   2              MAX7219_CLK = 0;
  26   2              MAX7219_DIN = (dat & 0x80) ? 1 : 0;
  27   2              dat <<= 1;
  28   2              MAX7219_CLK = 1;
  29   2              Delay_us(1);   // 确保CLK高电平稳定
  30   2          }
  31   1      }
  32          
  33          
  34          void Max7219_Write(uint8_t address, uint8_t dat)
  35          {
  36   1          MAX7219_LOAD = 0;
  37   1          Delay_us(1);
  38   1          Max7219_SendByte(address);
  39   1          Max7219_SendByte(dat);
  40   1          
  41   1          MAX7219_CLK = 0;
  42   1          Delay_us(1);
  43   1          MAX7219_LOAD = 1;     // 上升沿锁存
  44   1          Delay_us(5);          // 确保锁存完成，给芯片一点处理时间
  45   1      }
  46          
  47          
  48          void Max7219_Init(void)
  49          {
  50   1          uint8_t i;
  51   1      
  52   1          MAX7219_LOAD = 1;
  53   1          MAX7219_CLK  = 0;
  54   1          MAX7219_DIN  = 0;
C51 COMPILER V9.59.0.0   MAX7219                                                           07/28/2026 22:17:55 PAGE 2   

  55   1          Delay_ms(20);
  56   1      
  57   1          /* 配置寄存器 */
  58   1          Max7219_Write(0x0C, 0x01);   // Shutdown: 退出休眠
  59   1          Max7219_Write(0x0F, 0x00);   // Display Test: 关闭
  60   1          Max7219_Write(0x0B, 0x07);   // Scan Limit: 扫描8位
  61   1          Max7219_Write(0x09, 0xFF);   // Decode Mode: 全部BCD译码
  62   1          Max7219_Write(0x0A, 0x08);   // Intensity: 中等亮度
  63   1      
  64   1          /* 自检阶段1：全亮 8.8.8.8.8.8.8.8.（验证接线/时序） */
  65   1          for (i = 1; i <= 8; i++)
  66   1              Max7219_Display(i, 8, 1);
  67   1          Delay_ms(200);
  68   1          Max7219_Clear();
  69   1          Delay_ms(100);
  70   1      
  71   1          /* 自检阶段2：位置顺序 1 2 3 4 5 6 7 8（验证位数） */
  72   1          // for (i = 1; i <= 8; i++)
  73   1          //     Max7219_Display(i, i, 0);
  74   1          // Delay_ms(500);
  75   1          // Max7219_Clear();
  76   1          // Delay_ms(50);
  77   1      }
  78          
  79          
  80          void Max7219_Display(uint8_t digit, uint8_t value, uint8_t dot_v)
  81          {
  82   1          Max7219_Write(digit, value | (dot_v ? 0x80 : 0x00));
  83   1      }
  84          
  85          void Max7219_DisplayBlank(uint8_t digit, uint8_t dot_v)
  86          {
  87   1          Max7219_Write(digit, MAX7219_BLANK | (dot_v ? 0x80 : 0x00));
  88   1      }
  89          
  90          void Max7219_Clear(void)
  91          {
  92   1          uint8_t i;
  93   1          for (i = 0; i < 8; i++)
  94   1          {
  95   2              Max7219_Write(i + 1, 0x00);
  96   2          }
  97   1      }
  98          
  99          static void WriteRange(uint8_t left_pos, uint8_t right_pos,
 100                                 uint32_t scaled, uint8_t format, bit neg)
 101          {
 102   1          uint8_t total = right_pos - left_pos + 1;
 103   1          uint8_t xdata dig[8];
 104   1          uint8_t xdata dot[8];
 105   1              uint8_t i, fill;
 106   1          uint8_t phys;
 107   1          for (i = 0; i < 8; i++) { dig[i] = 0; dot[i] = 0; }
 108   1      
 109   1          fill = total - 1;
 110   1          do {
 111   2              dig[fill] = (uint8_t)(scaled % 10);
 112   2              if (format != 0 && fill == total - 1 - format) dot[fill] = 1;
 113   2              scaled /= 10;
 114   2              if (fill == 0) break;
 115   2              fill--;
 116   2          } while (scaled > 0);
C51 COMPILER V9.59.0.0   MAX7219                                                           07/28/2026 22:17:55 PAGE 3   

 117   1      
 118   1          /* 剩余左边位置熄灭（消隐），实现右对齐 */
 119   1          for (i = 0; i < fill; i++)
 120   1              dig[i] = MAX7219_BLANK;
 121   1      
 122   1              if (neg && fill > 0) {
 123   2              fill--;
 124   2              dig[fill] = 0x0A;
 125   2          }
 126   1      
 127   1          /* ====== 消隐前导零：把整数部分左边多余的0熄灭 ====== */
 128   1          {
 129   2              uint8_t first_nonzero = total;
 130   2              for (i = 0; i < total; i++) {
 131   3                  if (dig[i] != MAX7219_BLANK && dig[i] != 0 && dig[i] != 0x0A) {
 132   4                      first_nonzero = i;
 133   4                      break;
 134   4                  }
 135   3              }
 136   2              /* 全是0 → 保留最后一个位置显示0 */
 137   2              if (first_nonzero == total) first_nonzero = total - 1;
 138   2              /* 把第一个有效数字左边的0也熄灭 */
 139   2              for (i = 0; i < first_nonzero; i++) {
 140   3                  if (dig[i] == 0) {
 141   4                      dig[i] = MAX7219_BLANK;
 142   4                      dot[i] = 0;
 143   4                  }
 144   3              }
 145   2          }
 146   1      
 147   1          for (i = 0; i < total; i++) {
 148   2              phys = PosMap(left_pos + i);
 149   2              if (dig[i] == MAX7219_BLANK)
 150   2                  Max7219_DisplayBlank(phys, dot[i]);
 151   2              else
 152   2                  Max7219_Display(phys, dig[i], dot[i]);
 153   2          }
 154   1      }
 155          
 156          void Max7219_DisplayFloat(float value, uint8_t format)
 157          {
 158   1          uint32_t scaled;
 159   1          bit neg = 0;
 160   1          uint8_t i;
 161   1          uint32_t mul = 1;
 162   1          if (format > 7) format = 7;
 163   1          if (value < 0) { neg = 1; value = -value; }
 164   1          for (i = 0; i < format; i++) mul *= 10;
 165   1          scaled = (uint32_t)(value * (float)mul + 0.5f);
 166   1          WriteRange(1, 8, scaled, format, neg);
 167   1      }
 168          
 169          void Max7219_DisplayFloatSplit(float value1, float value2, uint8_t format)
 170          {
 171   1          uint32_t s1, s2;
 172   1          bit n1 = 0, n2 = 0;
 173   1          uint8_t i;
 174   1          uint32_t mul = 1;
 175   1          if (format > 3) format = 3;
 176   1          if (value1 < 0) { n1 = 1; value1 = -value1; }
 177   1          if (value2 < 0) { n2 = 1; value2 = -value2; }
 178   1          for (i = 0; i < format; i++) mul *= 10;
C51 COMPILER V9.59.0.0   MAX7219                                                           07/28/2026 22:17:55 PAGE 4   

 179   1          s1 = (uint32_t)(value1 * (float)mul + 0.5f);
 180   1          s2 = (uint32_t)(value2 * (float)mul + 0.5f);
 181   1              WriteRange(1, 4, s1, format, n1);
 182   1          WriteRange(5, 8, s2, format, n2);
 183   1      }
 184          
 185          
 186          /* 左右双值显示，左右可用不同小数位数 */
 187          void Max7219_DisplayDualFmt(float left_val, uint8_t left_fmt,
 188                                     float right_val, uint8_t right_fmt)
 189          {
 190   1          uint32_t sl, sr;
 191   1          bit nl = 0, nr = 0;
 192   1          uint8_t i;
 193   1          uint32_t mul;
 194   1      
 195   1          if (left_fmt > 3)  left_fmt = 3;
 196   1          if (right_fmt > 3) right_fmt = 3;
 197   1      
 198   1          if (left_val < 0)  { nl = 1; left_val = -left_val; }
 199   1          if (right_val < 0) { nr = 1; right_val = -right_val; }
 200   1      
 201   1          mul = 1;
 202   1          for (i = 0; i < left_fmt; i++) mul *= 10;
 203   1          sl = (uint32_t)(left_val * (float)mul + 0.5f);
 204   1      
 205   1          mul = 1;
 206   1          for (i = 0; i < right_fmt; i++) mul *= 10;
 207   1          sr = (uint32_t)(right_val * (float)mul + 0.5f);
 208   1      
 209   1          WriteRange(1, 4, sl, left_fmt, nl);
 210   1          WriteRange(5, 8, sr, right_fmt, nr);
 211   1      }
 212          
 213          
 214          #if 0
              void Max7219_NumDisplay(double num)
              {
                  uint8_t i;
                  uint32_t xdata integer_part;
                  uint16_t xdata decimal_part;
                  uint8_t xdata int_digits[8] = {0};
                  uint8_t xdata dec_digits[3] = {0};
                  uint8_t int_len = 0;
                  uint8_t xdata pos, dot;
              
                  Max7219_Clear();
                  if (num < 0) {
                      Max7219_Display(PosMap(1), 0x0A, 0);
                      num = -num;
                      int_len = 1;
                  }
                  integer_part = (uint32_t)num;
                  decimal_part = (uint16_t)((num - (double)integer_part) * 1000.0);
                  if (integer_part == 0) {
                      int_digits[int_len++] = 0;
                  } else {
                      while (integer_part > 0) {
                          int_digits[int_len++] = (uint8_t)(integer_part % 10);
                          integer_part /= 10;
                      }
                  }
C51 COMPILER V9.59.0.0   MAX7219                                                           07/28/2026 22:17:55 PAGE 5   

                  dec_digits[0] = (decimal_part / 100) % 10;
                  dec_digits[1] = (decimal_part / 10) % 10;
                  dec_digits[2] = decimal_part % 10;
                  for (i = 0; i < int_len; i++) {
                      pos = (int_len > 1 && int_digits[int_len - 1] == 0x0A) ? (i + 2) : (i + 1);
                      dot = (i == int_len - 1) ? 1 : 0;
                      Max7219_Display(PosMap(pos), int_digits[int_len - 1 - i], dot);
                  }
                  for (i = 0; i < 3; i++) {
                      pos = int_len + 1 + i;
                      if (pos > 8) break;
                      Max7219_Display(PosMap(pos), dec_digits[i], 0);
                      }
              }
              #endif
 256          
 257          
 258          #if 0
              void Max7219DateDisplay(char *datestr)
              {
                  uint8_t i;
                  Max7219_Clear();
                  for (i = 0; i < 8; i++) {
                      Max7219_Display(PosMap(8 - i), datestr[i], (i == 3 || i == 5) ? 1 : 0);
                      }
              }
              #endif
 268          
 269          
 270          /* 自定义段码显示（非译码模式显示字母）
 271           * segs[] 前 len 个元素为段码字节（SEG_S / SEG_U ...），
 272           * 左对齐显示在8位数码管上，空白位熄灭。
 273           * 完成后恢复BCD译码模式。
 274           */
 275          void Max7219_DisplayCustomSegments(const uint8_t *segs, uint8_t len)
 276          {
 277   1          uint8_t i;
 278   1          Max7219_Clear();
 279   1          /* 切换到非译码模式 */
 280   1          Max7219_Write(0x09, 0x00);
 281   1          for (i = 0; i < 8; i++) {
 282   2              if (i < len)
 283   2                  Max7219_Write(i + 1, segs[i]);
 284   2              else
 285   2                  Max7219_Write(i + 1, SEG_BLANK);
 286   2          }
 287   1              /* 恢复BCD译码模式 */
 288   1          Max7219_Write(0x09, 0xFF);
 289   1      }
 290          
 291          
 292          #if 0
              void removeChars(char *str, const char *remove)
              {
                  char *src = str;
                  char *dst = str;
                  while (*src) {
                      const char *r = remove;
                      bit skip = 0;
                      while (*r) {
                          if (*src == *r) { skip = 1; break; }
                          r++;
C51 COMPILER V9.59.0.0   MAX7219                                                           07/28/2026 22:17:55 PAGE 6   

                      }
                      if (!skip) *dst++ = *src;
                      src++;
                  }
                  *dst = '\0';
              }
              #endif


MODULE INFORMATION:   STATIC OVERLAYABLE
   CODE SIZE        =   1833    ----
   CONSTANT SIZE    =   ----    ----
   XDATA SIZE       =   ----      16
   PDATA SIZE       =   ----      82
   DATA SIZE        =   ----    ----
   IDATA SIZE       =   ----    ----
   BIT SIZE         =   ----       6
END OF MODULE INFORMATION.


C51 COMPILATION COMPLETE.  0 WARNING(S),  0 ERROR(S)
