C51 COMPILER V9.59.0.0   OBO                                                               07/29/2026 09:19:00 PAGE 1   


C51 COMPILER V9.59.0.0, COMPILATION OF MODULE OBO
OBJECT MODULE PLACED IN .\Objects\obo.obj
COMPILER INVOKED BY: D:\Keil_v5\C51\BIN\C51.EXE Hardware\obo.c COMPACT OPTIMIZE(8,SPEED) BROWSE INCDIR(.\Hardware;.\Syst
                    -em) DEBUG OBJECTEXTEND PRINT(.\Listings\obo.lst) TABS(2) OBJECT(.\Objects\obo.obj)

line level    source

   1          #include "obo.h"
   2          #include "uart.h"
   3          
   4          /* ======== 内部变量 ======== */
   5          uint32_t idata raw_mm       = 0;    // 总脉冲累计 (cm, 用于速度计算)
   6          uint32_t idata valid_mm     = 0;    // 有效骑行里程 (cm, 筛掉推行/静止)
   7          uint32_t idata last_raw_mm  = 0;    // 上次速度计算时的 raw_mm
   8          
   9          uint16_t idata write_count  = 0;
  10          uint16_t idata slow_count   = 0;
  11          float    idata speed_kmh    = 0.0f;
  12          uint16_t xdata last_pulse_tick = 0;
  13          
  14          /* ---- 单1s窗口 + 10周期循环平均 ---- */
  15          #define WIN_TICK  100    // 1秒窗口
  16          #define CYC_LEN   10     // 10个1s为一个周期
  17          
  18          static uint32_t wnd_raw  = 0;     // 窗口快照 raw_mm
  19          static uint16_t wnd_tick = 0;     // 窗口起始 tick
  20          static uint16_t wnd_pulse = 0;    // 窗口内脉冲计数（调试用）
  21          
  22          static float    xdata cyc_buf[CYC_LEN]; // 环形缓冲（10个1s历史）
  23          static float    cyc_sum   = 0.0f;          // 缓冲的总和
  24          static uint8_t  cyc_idx   = 0;             // 下一个要覆盖的槽位
  25          static uint8_t  cyc_valid = 0;             // 已填充槽位数(1~10)
  26          
  27          #if OBO_ACTIVE_HIGH
              bit obo_prev_state = 0;             // 上次P3.2采样值(轮询用)
              #endif
  30          
  31          extern uint16_t xdata sys_tick_10ms;
  32          
  33          
  34          /*  脉冲记数 */
  35          static void OBO_CountPulse(void)
  36          {
  37   1          last_pulse_tick = sys_tick_10ms;
  38   1          if (raw_mm < 0xFFFFFFFFUL - OBO_RATE)
  39   1              raw_mm += OBO_RATE;
  40   1          wnd_pulse++;   /* 统计本窗口脉冲数 */
  41   1      }
  42          
  43          
  44          void OBO_Init(void)
  45          {
  46   1          uint8_t boot_cnt, i;
  47   1      
  48   1      #if OBO_ACTIVE_HIGH
                  /* ---- 高电平有效（传感器输出高表示有脉冲）----
                   * STC89C52 INT0仅支持下降沿触发，所以不能用中断，
                   * 改用主循环轮询检测上升沿。
                   * 硬件需要：P3.2 外部加 10kΩ 下拉电阻到GND！
                   * 常态=低电平(0)，脉冲到来=高电平(1)                */
                  OBO_PIN = 1;            // 准双向口输入态(内部上拉关闭，靠外部下拉)
C51 COMPILER V9.59.0.0   OBO                                                               07/29/2026 09:19:00 PAGE 2   

                  obo_prev_state = OBO_PIN;
                  DEBUG_SY("OBO", "Polling mode (ACTIVE HIGH, ext pull-down 10k req)");
              #else
  58   1          /* ---- 低电平有效 / 已反相 → INT0下降沿中断 ---- */
  59   1          IT0 = 1;                // INT0(P3.2)下降沿触发
  60   1          EX0 = 1;                // 使能INT0中断
  61   1          OBO_PIN = 1;            // 准双向口输入态(内部上拉)
  62   1          DEBUG_SY("OBO", "Interrupt mode (falling edge)");
  63   1      #endif
  64   1      
  65   1          /*  开机次数 */
  66   1          boot_cnt = EEPROM_ReadU8(EEPROM_TEXT_ADDR);
  67   1          UART_SendString("[Debug] [RW] BootCount: read=");
  68   1          UART_SendU16(boot_cnt);
  69   1          if (boot_cnt == 0xFF) boot_cnt = 0;
  70   1          boot_cnt++;
  71   1          EEPROM_WriteU8(EEPROM_TEXT_ADDR, boot_cnt);
  72   1          UART_SendString(" -> written=");
  73   1          UART_SendU16(boot_cnt);
  74   1          UART_SendString("\r\n");
  75   1      
  76   1          /*  恢复里程 */
  77   1          Delay_ms(10);
  78   1          raw_mm = EEPROM_ReadU32(MILES_ADDR);
  79   1          valid_mm    = raw_mm;               // 启动时两者一致
  80   1          last_raw_mm = raw_mm;
  81   1          last_pulse_tick = 0;
  82   1          wnd_raw  = raw_mm;
  83   1          wnd_tick = 0;
  84   1          wnd_pulse = 0;
  85   1          cyc_sum   = 0.0f;
  86   1          cyc_idx   = 0;
  87   1          cyc_valid = 0;
  88   1          speed_kmh = 0.0f;
  89   1          for (i = 0; i < CYC_LEN; i++) cyc_buf[i] = 0.0f;
  90   1          DEBUG_RW("OBO", "Restored mileage from EEPROM");
  91   1      }
  92          
  93          
  94          /*  主动轮询（仅当 OBO_ACTIVE_HIGH 时使用） */
  95          void OBO_Poll(void)
  96          {
  97   1      #if OBO_ACTIVE_HIGH
                  bit cur = OBO_PIN;
                  /* 检测上升沿: 当前=1 且 上次=0 */
                  if (cur && !obo_prev_state) {
                      /* 20ms去抖 */
                      if ((uint16_t)(sys_tick_10ms - last_pulse_tick) >= OBO_DEBOUNCE_TICK) {
                          OBO_CountPulse();
                      }
                  }
                  obo_prev_state = cur;
              #else
 108   1          /* 中断模式无需轮询，此函数为空 */
 109   1          ;
 110   1      #endif
 111   1      }
 112          
 113          
 114          /*  置零 */
 115          void OBO_SET_Millis(uint32_t ms)
 116          {
C51 COMPILER V9.59.0.0   OBO                                                               07/29/2026 09:19:00 PAGE 3   

 117   1          uint8_t i;
 118   1          DEBUG_RW("OBO", "Reset mileage to 0");
 119   1          raw_mm      = ms;
 120   1          valid_mm    = ms;
 121   1          last_raw_mm = ms;
 122   1          speed_kmh   = 0.0f;
 123   1          write_count = 0;
 124   1          slow_count  = 0;
 125   1          wnd_raw  = ms;
 126   1          wnd_tick = 0;
 127   1          wnd_pulse = 0;
 128   1          cyc_sum   = 0.0f;
 129   1          cyc_idx   = 0;
 130   1          cyc_valid = 0;
 131   1          for (i = 0; i < CYC_LEN; i++) cyc_buf[i] = 0.0f;
 132   1          EEPROM_WriteU32(MILES_ADDR, ms);
 133   1          DEBUG_RW("OBO", "Mileage saved to EEPROM");
 134   1      }
 135          
 136          
 137          /*  读取有效里程 (km) */
 138          float OBO_GET_Miles(void)
 139          {
 140   1          return (float)valid_mm / 100000.0f;
 141   1      }
 142          
 143          
 144          /*  计算速度 + 里程滤波 + 周期性存EEPROM */
 145          float OBO_GET_SPEED(void)
 146          {
 147   1          float spd;
 148   1          uint16_t now, elp;
 149   1          uint8_t riding;
 150   1      
 151   1          now = sys_tick_10ms;
 152   1      
 153   1          /*  1s窗口到期：算一次原始速度 */
 154   1          elp = (uint16_t)(now - wnd_tick);
 155   1          if (elp >= WIN_TICK) {
 156   2              uint32_t delta_mm;
 157   2              if (raw_mm >= wnd_raw)
 158   2                  delta_mm = raw_mm - wnd_raw;
 159   2              else
 160   2                  delta_mm = 0;
 161   2              spd = (float)delta_mm * 3.6f / (float)elp;
 162   2              wnd_raw  = raw_mm;
 163   2              wnd_tick = now;
 164   2      
 165   2              /* 调试：窗口结果（主循环调用，可安全用UART） */
 166   2              UART_SendString("[W] elp="); UART_SendU16(elp);
 167   2              UART_SendString(" pls="); UART_SendU16(wnd_pulse);
 168   2              UART_SendString(" dlt="); UART_SendU32(delta_mm);
 169   2              UART_SendString(" spd="); UART_SendFloat2(spd);
 170   2      
 171   2              /*  尖峰剔除：1秒内脉冲数超过上限 → 整帧强制归零 */
 172   2              if (wnd_pulse > MAX_PULSES_PER_WINDOW) {
 173   3                  spd = 0.0f;
 174   3                  UART_SendString(" SPIKE!");
 175   3              }
 176   2              wnd_pulse = 0;
 177   2      
 178   2              /* ---- 10秒环形缓冲（真正的滑动平均）----
C51 COMPILER V9.59.0.0   OBO                                                               07/29/2026 09:19:00 PAGE 4   

 179   2               *   cyc_buf[0~9]：最近10个1s窗口的速度
 180   2               *   工作时：旧值被挤出，新值加入，保持总和
 181   2               *   - 有脉冲时：spd > 0，正常入队
 182   2               *   - 无脉冲时：spd = 0，同样入队（自然衰减）
 183   2               *   - 尖峰被剔除后也=0
 184   2               *   - 效果：停脚后每过1秒丢掉一个旧值、加入一个0
 185   2               *           速度每秒钟下降1/10，10秒平滑归零
 186   2               */
 187   2              cyc_sum -= cyc_buf[cyc_idx];   // 挤出最旧的值
 188   2              cyc_buf[cyc_idx] = spd;         // 填入最新的值
 189   2              cyc_sum += spd;                 // 累加新值
 190   2              cyc_idx++;
 191   2              if (cyc_idx >= CYC_LEN) cyc_idx = 0;
 192   2              if (cyc_valid < CYC_LEN) cyc_valid++;
 193   2      
 194   2              speed_kmh = cyc_sum / (float)cyc_valid;
 195   2      
 196   2              /* 调试：缓冲状态 */
 197   2              UART_SendString(" vld="); UART_SendU16(cyc_valid);
 198   2              UART_SendString(" sum="); UART_SendFloat2(cyc_sum);
 199   2              UART_SendString(" out="); UART_SendFloat2(speed_kmh);
 200   2              UART_SendString("\r\n");
 201   2          }
 202   1      
 203   1          /*  零速限幅 */
 204   1          if (speed_kmh < SPEED_ZERO_KMH) speed_kmh = 0.0f;
 205   1      
 206   1          /*  推行/静止滤波 & 有效里程 */
 207   1          if (speed_kmh >= WALKING_SPEED_KMH) {
 208   2              riding = 1; slow_count = 0;
 209   2          } else {
 210   2              riding = 0; slow_count++;
 211   2          }
 212   1          if (riding)
 213   1              valid_mm += (uint32_t)(raw_mm - last_raw_mm);
 214   1      
 215   1          last_raw_mm = raw_mm;
 216   1      
 217   1          /* EEPROM 周期性保存 */
 218   1          write_count++;
 219   1          if (write_count >= EEPROM_SAVE_CYCLES) {
 220   2              write_count = 0;
 221   2              if (speed_kmh > 0.5f || (COUNT_SLOW && slow_count >= COUNT_SLOW_PATIENCE)) {
 222   3                  EEPROM_WriteU32(MILES_ADDR, valid_mm);
 223   3                  slow_count = 0;
 224   3              }
 225   2          }
 226   1          return speed_kmh;
 227   1      }
 228          
 229          
 230          #if !OBO_ACTIVE_HIGH
 231          void INT0_Isr(void) interrupt 0
 232          {
 233   1          if ((uint16_t)(sys_tick_10ms - last_pulse_tick) >= OBO_DEBOUNCE_TICK) {
 234   2              OBO_CountPulse();
 235   2          }
 236   1      }
 237          #endif


MODULE INFORMATION:   STATIC OVERLAYABLE
C51 COMPILER V9.59.0.0   OBO                                                               07/29/2026 09:19:00 PAGE 5   

   CODE SIZE        =   1434    ----
   CONSTANT SIZE    =    281    ----
   XDATA SIZE       =     42    ----
   PDATA SIZE       =     14      18
   DATA SIZE        =   ----    ----
   IDATA SIZE       =     20    ----
   BIT SIZE         =   ----    ----
END OF MODULE INFORMATION.


C51 COMPILATION COMPLETE.  0 WARNING(S),  0 ERROR(S)
