BL51 BANKED LINKER/LOCATER V6.22.2.0                                                    07/29/2026  09:19:00  PAGE 1


BL51 BANKED LINKER/LOCATER V6.22.2.0, INVOKED BY:
D:\KEIL_V5\C51\BIN\BL51.EXE .\Objects\main.obj, .\Objects\Display.obj, .\Objects\Delay.obj, .\Objects\uart.obj, .\Object
>> s\24c64.obj, .\Objects\MAX7219.obj, .\Objects\key.obj, .\Objects\led.obj, .\Objects\obo.obj TO .\Objects\odo PRINT (.
>> \Listings\odo.m51) RAMSIZE (256)


MEMORY MODEL: COMPACT WITH FLOATING POINT ARITHMETIC


INPUT MODULES INCLUDED:
  .\Objects\main.obj (MAIN)
  .\Objects\Display.obj (DISPLAY)
  .\Objects\Delay.obj (DELAY)
  .\Objects\uart.obj (UART)
  .\Objects\24c64.obj (24C64)
  .\Objects\MAX7219.obj (MAX7219)
  .\Objects\key.obj (KEY)
  .\Objects\led.obj (LED)
  .\Objects\obo.obj (OBO)
  D:\KEIL_V5\C51\LIB\C51FPC.LIB (?C?FPADD)
  D:\KEIL_V5\C51\LIB\C51FPC.LIB (?C?FPMUL)
  D:\KEIL_V5\C51\LIB\C51FPC.LIB (?C?FPDIV)
  D:\KEIL_V5\C51\LIB\C51FPC.LIB (?C?FPCMP)
  D:\KEIL_V5\C51\LIB\C51FPC.LIB (?C?FPNEG)
  D:\KEIL_V5\C51\LIB\C51FPC.LIB (?C?FCAST)
  D:\KEIL_V5\C51\LIB\C51FPC.LIB (?C?CASTF)
  D:\KEIL_V5\C51\LIB\C51FPC.LIB (?C?FPGETOPN)
  D:\KEIL_V5\C51\LIB\C51C.LIB (?C_STARTUP)
  D:\KEIL_V5\C51\LIB\C51C.LIB (?C?CLDPTR)
  D:\KEIL_V5\C51\LIB\C51C.LIB (?C?CLDOPTR)
  D:\KEIL_V5\C51\LIB\C51C.LIB (?C?CSTOPTR)
  D:\KEIL_V5\C51\LIB\C51C.LIB (?C?UIDIV)
  D:\KEIL_V5\C51\LIB\C51C.LIB (?C?LMUL)
  D:\KEIL_V5\C51\LIB\C51C.LIB (?C?ULDIV)
  D:\KEIL_V5\C51\LIB\C51C.LIB (?C?LNEG)
  D:\KEIL_V5\C51\LIB\C51C.LIB (?C?ULCMP)
  D:\KEIL_V5\C51\LIB\C51C.LIB (?C?LLDIDATA)
  D:\KEIL_V5\C51\LIB\C51C.LIB (?C?LLDIDATA0)
  D:\KEIL_V5\C51\LIB\C51C.LIB (?C?LSTIDATA)
  D:\KEIL_V5\C51\LIB\C51C.LIB (?C?LSTXDATA)
  D:\KEIL_V5\C51\LIB\C51C.LIB (?C?LSTPDATA)
  D:\KEIL_V5\C51\LIB\C51C.LIB (?C?LSTKIDATA)
  D:\KEIL_V5\C51\LIB\C51C.LIB (?C?LSTKXDATA)
  D:\KEIL_V5\C51\LIB\C51C.LIB (?C?LSTKPDATA)
  D:\KEIL_V5\C51\LIB\C51C.LIB (?C_INIT)


LINK MAP OF MODULE:  .\Objects\odo (MAIN)


            TYPE    BASE      LENGTH    RELOCATION   SEGMENT NAME
            -----------------------------------------------------

            * * * * * * *   D A T A   M E M O R Y   * * * * * * *
            REG     0000H     0008H     ABSOLUTE     "REG BANK 0"
            DATA    0008H     0002H     UNIT         _DATA_GROUP_
            IDATA   000AH     0014H     UNIT         ?ID?OBO
                    001EH     0002H                  *** GAP ***
BL51 BANKED LINKER/LOCATER V6.22.2.0                                                  07/29/2026  09:19:00  PAGE 2


            BIT     0020H.0   0000H.3   UNIT         ?BI?MAIN
            BIT     0020H.3   0000H.3   UNIT         _BIT_GROUP_
            BIT     0020H.6   0000H.2   UNIT         ?BI?_MAX7219_DISPLAYFLOATSPLIT?MAX7219
            BIT     0021H.0   0000H.1   UNIT         ?BI?KEY
                    0021H.1   0000H.7                *** GAP ***
            IDATA   0022H     0001H     UNIT         ?STACK

            * * * * * * *  X D A T A   M E M O R Y  * * * * * * *
            XDATA   0000H     0002H     INPAGE       ?PD?MAIN
            XDATA   0002H     0016H     INPAGE       ?PD?_MAX7219_DISPLAYFLOATSPLIT?MAX7219
            XDATA   0018H     000EH     INPAGE       ?PD?OBO
            XDATA   0026H     0035H     INPAGE       _PDATA_GROUP_
            XDATA   005BH     002AH     UNIT         ?XD?OBO
            XDATA   0085H     0010H     UNIT         _XDATA_GROUP_
            XDATA   0095H     0004H     UNIT         ?XD?MAIN
            XDATA   0099H     0003H     UNIT         ?XD?KEY
            XDATA   009CH     0002H     UNIT         ?XD?DELAY

            * * * * * * *   C O D E   M E M O R Y   * * * * * * *
            CODE    0000H     0003H     ABSOLUTE     
            CODE    0003H     0003H     ABSOLUTE     
            CODE    0006H     0005H     UNIT         ?PR?I2C_INIT?24C64
            CODE    000BH     0003H     ABSOLUTE     
            CODE    000EH     0005H     UNIT         ?PR?LED_INIT?LED
            CODE    0013H     0003H     ABSOLUTE     
            CODE    0016H     0680H     UNIT         ?C?LIB_CODE
            CODE    0696H     0339H     UNIT         ?PR?OBO_GET_SPEED?OBO
            CODE    09CFH     01F7H     UNIT         ?PR?_WRITERANGE?MAX7219
            CODE    0BC6H     019EH     UNIT         ?CO?MAIN
            CODE    0D64H     019DH     UNIT         ?PR?_MAX7219_DISPLAYDUALFMT?MAX7219
            CODE    0F01H     019BH     UNIT         ?PR?MAIN?MAIN
            CODE    109CH     0155H     UNIT         ?PR?_MAX7219_DISPLAYFLOATSPLIT?MAX7219
            CODE    11F1H     0119H     UNIT         ?CO?OBO
            CODE    130AH     00E5H     UNIT         ?PR?OBO_INIT?OBO
            CODE    13EFH     00D4H     UNIT         ?PR?_MAX7219_DISPLAYFLOAT?MAX7219
            CODE    14C3H     00CAH     UNIT         ?PR?_OBO_SET_MILLIS?OBO
            CODE    158DH     00ABH     UNIT         ?PR?_UART_SENDU32?UART
            CODE    1638H     00A9H     UNIT         ?PR?_UART_SENDFLOAT2?UART
            CODE    16E1H     008CH     UNIT         ?C_C51STARTUP
            CODE    176DH     007DH     UNIT         ?PR?KEY_SCAN?KEY
            CODE    17EAH     006EH     UNIT         ?CO?KEY
            CODE    1858H     006DH     UNIT         ?PR?_DISPLAY_SM_MODE?DISPLAY
            CODE    18C5H     006BH     UNIT         ?PR?_UART_SENDU16?UART
            CODE    1930H     0061H     UNIT         ?PR?MAX7219_INIT?MAX7219
            CODE    1991H     0061H     UNIT         ?PR?_MAX7219_DISPLAYCUSTOMSEGMENTS?MAX7219
            CODE    19F2H     005BH     UNIT         ?PR?_EEPROM_READBUFFER?24C64
            CODE    1A4DH     005BH     UNIT         ?PR?_EEPROM_WRITEBUFFER?24C64
            CODE    1AA8H     0059H     UNIT         ?C_INITSEG
            CODE    1B01H     0059H     UNIT         ?PR?INT0_ISR?OBO
            CODE    1B5AH     004BH     UNIT         ?PR?INT1_ISR?MAIN
            CODE    1BA5H     004BH     UNIT         ?PR?_EEPROM_READBYTE?24C64
            CODE    1BF0H     0048H     UNIT         ?PR?DISPLAY_RESETANIMATION?DISPLAY
            CODE    1C38H     0044H     UNIT         ?PR?OBO_COUNTPULSE?OBO
            CODE    1C7CH     0042H     UNIT         ?PR?_AUTOMILEFORMAT?DISPLAY
            CODE    1CBEH     0039H     UNIT         ?PR?UART_INIT?UART
            CODE    1CF7H     0037H     UNIT         ?PR?_MAX7219_SENDBYTE?MAX7219
            CODE    1D2EH     0036H     UNIT         ?PR?_EEPROM_WRITEBYTE?24C64
BL51 BANKED LINKER/LOCATER V6.22.2.0                                                  07/29/2026  09:19:00  PAGE 3


            CODE    1D64H     0034H     UNIT         ?PR?_UART_SENDSTRING?UART
            CODE    1D98H     0034H     UNIT         ?PR?_UART_SENDHEX?UART
            CODE    1DCCH     0030H     UNIT         ?PR?_MAX7219_WRITE?MAX7219
            CODE    1DFCH     002AH     UNIT         ?PR?_EEPROM_WRITEU32?24C64
            CODE    1E26H     0023H     UNIT         ?PR?I2C_RECEIVEBYTE?24C64
            CODE    1E49H     0021H     UNIT         ?PR?TIMER0_ISR?MAIN
            CODE    1E6AH     0021H     UNIT         ?PR?MAX7219_CLEAR?MAX7219
            CODE    1E8BH     001FH     UNIT         ?PR?_EEPROM_READU32?24C64
            CODE    1EAAH     001EH     UNIT         ?PR?_I2C_SENDBYTE?24C64
            CODE    1EC8H     001DH     UNIT         ?PR?_DISPLAY_OBOMETRY_MODE?DISPLAY
            CODE    1EE5H     001CH     UNIT         ?PR?I2C_WAITACK?24C64
            CODE    1F01H     0015H     UNIT         ?PR?DISPLAY_SHOWSUCCESS?DISPLAY
            CODE    1F16H     0014H     UNIT         ?PR?OBO_GET_MILES?OBO
            CODE    1F2AH     0011H     UNIT         ?PR?I2C_SENDACK?24C64
            CODE    1F3BH     0011H     UNIT         ?PR?_MAX7219_DISPLAY?MAX7219
            CODE    1F4CH     0010H     UNIT         ?PR?DELAY1MS?DELAY
            CODE    1F5CH     0010H     UNIT         ?PR?_DELAY_MS?DELAY
            CODE    1F6CH     0010H     UNIT         ?PR?_MAX7219_DISPLAYBLANK?MAX7219
            CODE    1F7CH     000FH     UNIT         ?PR?_DELAY_US?DELAY
            CODE    1F8BH     000FH     UNIT         ?PR?I2C_DELAY?24C64
            CODE    1F9AH     000FH     UNIT         ?PR?I2C_START?24C64
            CODE    1FA9H     000CH     UNIT         ?PR?I2C_STOP?24C64
            CODE    1FB5H     0009H     UNIT         ?PR?KEY_INIT?KEY
            CODE    1FBEH     0008H     UNIT         ?CO?DISPLAY
            CODE    1FC6H     0008H     UNIT         ?PR?_UART_SENDBYTE?UART
            CODE    1FCEH     0005H     UNIT         ?PR?LED_SM_MODE?LED
            CODE    1FD3H     0005H     UNIT         ?PR?LED_OBOMETRY_MODE?LED
            CODE    1FD8H     0003H     UNIT         ?PR?DISPLAY_INIT?DISPLAY
            CODE    1FDBH     0003H     UNIT         ?PR?_EEPROM_WRITEU8?24C64
            CODE    1FDEH     0003H     UNIT         ?PR?_EEPROM_READU8?24C64
            CODE    1FE1H     0001H     UNIT         ?PR?_POSMAP?MAX7219
            CODE    1FE2H     0001H     UNIT         ?PR?OBO_POLL?OBO



OVERLAY MAP OF MODULE:   .\Objects\odo (MAIN)


SEGMENT                                             BIT_GROUP          DATA_GROUP          PDATA_GROUP         XDATA_GRO
>> UP
  +--> CALLED SEGMENT                            START    LENGTH     START    LENGTH     START    LENGTH     START    LE
>> NGTH
------------------------------------------------------------------------------------------------------------------------
>> ----
?PR?INT0_ISR?OBO                                 -----    -----      -----    -----      -----    -----      -----    --
>> ---
  +--> ?PR?OBO_COUNTPULSE?OBO

*** NEW ROOT ***************************************************

?C_C51STARTUP                                    -----    -----      -----    -----      -----    -----      -----    --
>> ---
  +--> ?PR?MAIN?MAIN
  +--> ?C_INITSEG

?PR?MAIN?MAIN                                    -----    -----      -----    -----      0026H    0004H      -----    --
>> ---
BL51 BANKED LINKER/LOCATER V6.22.2.0                                                  07/29/2026  09:19:00  PAGE 4


  +--> ?PR?UART_INIT?UART
  +--> ?PR?I2C_INIT?24C64
  +--> ?PR?LED_INIT?LED
  +--> ?PR?KEY_INIT?KEY
  +--> ?PR?OBO_INIT?OBO
  +--> ?CO?MAIN
  +--> ?PR?_UART_SENDSTRING?UART
  +--> ?PR?DISPLAY_INIT?DISPLAY
  +--> ?PR?_EEPROM_READBYTE?24C64
  +--> ?PR?LED_SM_MODE?LED
  +--> ?PR?LED_OBOMETRY_MODE?LED
  +--> ?PR?OBO_POLL?OBO
  +--> ?PR?KEY_SCAN?KEY
  +--> ?PR?DISPLAY_RESETANIMATION?DISPLAY
  +--> ?PR?_OBO_SET_MILLIS?OBO
  +--> ?PR?_EEPROM_WRITEU8?24C64
  +--> ?PR?DISPLAY_SHOWSUCCESS?DISPLAY
  +--> ?PR?OBO_GET_SPEED?OBO
  +--> ?PR?OBO_GET_MILES?OBO
  +--> ?PR?_DISPLAY_SM_MODE?DISPLAY
  +--> ?PR?_DISPLAY_OBOMETRY_MODE?DISPLAY
  +--> ?PR?_EEPROM_WRITEBYTE?24C64
  +--> ?PR?_DELAY_MS?DELAY

?PR?UART_INIT?UART                               -----    -----      -----    -----      -----    -----      -----    --
>> ---
  +--> ?PR?_UART_SENDBYTE?UART

?PR?OBO_INIT?OBO                                 -----    -----      -----    -----      002AH    0001H      -----    --
>> ---
  +--> ?CO?OBO
  +--> ?PR?_UART_SENDSTRING?UART
  +--> ?PR?_EEPROM_READU8?24C64
  +--> ?PR?_UART_SENDU16?UART
  +--> ?PR?_EEPROM_WRITEU8?24C64
  +--> ?PR?_DELAY_MS?DELAY
  +--> ?PR?_EEPROM_READU32?24C64

?PR?_UART_SENDSTRING?UART                        -----    -----      -----    -----      0037H    0003H      -----    --
>> ---
  +--> ?PR?_UART_SENDBYTE?UART

?PR?_EEPROM_READU8?24C64                         -----    -----      -----    -----      -----    -----      -----    --
>> ---
  +--> ?PR?_EEPROM_READBYTE?24C64

?PR?_EEPROM_READBYTE?24C64                       -----    -----      -----    -----      0038H    0002H      -----    --
>> ---
  +--> ?PR?I2C_START?24C64
  +--> ?PR?_I2C_SENDBYTE?24C64
  +--> ?PR?I2C_WAITACK?24C64
  +--> ?PR?I2C_RECEIVEBYTE?24C64
  +--> ?PR?I2C_SENDACK?24C64
  +--> ?PR?I2C_STOP?24C64

?PR?I2C_START?24C64                              -----    -----      -----    -----      -----    -----      -----    --
>> ---
BL51 BANKED LINKER/LOCATER V6.22.2.0                                                  07/29/2026  09:19:00  PAGE 5


  +--> ?PR?I2C_DELAY?24C64

?PR?_I2C_SENDBYTE?24C64                          -----    -----      -----    -----      -----    -----      -----    --
>> ---
  +--> ?PR?I2C_DELAY?24C64

?PR?I2C_WAITACK?24C64                            0020H.3  0000H.1    -----    -----      -----    -----      -----    --
>> ---
  +--> ?PR?_I2C_SENDBYTE?24C64
  +--> ?PR?I2C_DELAY?24C64

?PR?I2C_RECEIVEBYTE?24C64                        -----    -----      -----    -----      -----    -----      -----    --
>> ---
  +--> ?PR?I2C_DELAY?24C64

?PR?I2C_SENDACK?24C64                            0020H.3  0000H.1    -----    -----      -----    -----      -----    --
>> ---
  +--> ?PR?I2C_DELAY?24C64

?PR?I2C_STOP?24C64                               -----    -----      -----    -----      -----    -----      -----    --
>> ---
  +--> ?PR?I2C_DELAY?24C64

?PR?_UART_SENDU16?UART                           -----    -----      -----    -----      003BH    0006H      -----    --
>> ---
  +--> ?PR?_UART_SENDBYTE?UART

?PR?_EEPROM_WRITEU8?24C64                        -----    -----      -----    -----      -----    -----      -----    --
>> ---
  +--> ?PR?_EEPROM_WRITEBYTE?24C64

?PR?_EEPROM_WRITEBYTE?24C64                      -----    -----      -----    -----      004AH    0002H      -----    --
>> ---
  +--> ?PR?I2C_START?24C64
  +--> ?PR?_I2C_SENDBYTE?24C64
  +--> ?PR?I2C_WAITACK?24C64
  +--> ?PR?I2C_STOP?24C64
  +--> ?PR?_DELAY_MS?DELAY

?PR?_DELAY_MS?DELAY                              -----    -----      -----    -----      -----    -----      -----    --
>> ---
  +--> ?PR?DELAY1MS?DELAY

?PR?DELAY1MS?DELAY                               -----    -----      0008H    0002H      -----    -----      -----    --
>> ---

?PR?_EEPROM_READU32?24C64                        -----    -----      -----    -----      002BH    0004H      -----    --
>> ---
  +--> ?PR?_EEPROM_READBUFFER?24C64

?PR?_EEPROM_READBUFFER?24C64                     -----    -----      -----    -----      002FH    0009H      -----    --
>> ---
  +--> ?PR?_EEPROM_READBYTE?24C64

?PR?DISPLAY_INIT?DISPLAY                         -----    -----      -----    -----      -----    -----      -----    --
>> ---
  +--> ?PR?MAX7219_INIT?MAX7219
BL51 BANKED LINKER/LOCATER V6.22.2.0                                                  07/29/2026  09:19:00  PAGE 6



?PR?MAX7219_INIT?MAX7219                         -----    -----      -----    -----      002AH    0001H      -----    --
>> ---
  +--> ?PR?_DELAY_MS?DELAY
  +--> ?PR?_MAX7219_WRITE?MAX7219
  +--> ?PR?_MAX7219_DISPLAY?MAX7219
  +--> ?PR?MAX7219_CLEAR?MAX7219

?PR?_MAX7219_WRITE?MAX7219                       -----    -----      -----    -----      0057H    0002H      -----    --
>> ---
  +--> ?PR?_DELAY_US?DELAY
  +--> ?PR?_MAX7219_SENDBYTE?MAX7219

?PR?_MAX7219_SENDBYTE?MAX7219                    -----    -----      -----    -----      0059H    0002H      -----    --
>> ---
  +--> ?PR?_DELAY_US?DELAY

?PR?_MAX7219_DISPLAY?MAX7219                     -----    -----      -----    -----      -----    -----      -----    --
>> ---
  +--> ?PR?_MAX7219_WRITE?MAX7219

?PR?MAX7219_CLEAR?MAX7219                        -----    -----      -----    -----      002FH    0001H      -----    --
>> ---
  +--> ?PR?_MAX7219_WRITE?MAX7219

?PR?KEY_SCAN?KEY                                 0020H.3  0000H.1    -----    -----      -----    -----      -----    --
>> ---
  +--> ?CO?KEY
  +--> ?PR?_UART_SENDSTRING?UART

?PR?DISPLAY_RESETANIMATION?DISPLAY               -----    -----      -----    -----      002AH    0002H      -----    --
>> ---
  +--> ?PR?_MAX7219_DISPLAY?MAX7219
  +--> ?PR?_DELAY_MS?DELAY
  +--> ?PR?MAX7219_CLEAR?MAX7219

?PR?_OBO_SET_MILLIS?OBO                          -----    -----      -----    -----      002AH    0004H      -----    --
>> ---
  +--> ?CO?OBO
  +--> ?PR?_UART_SENDSTRING?UART
  +--> ?PR?_EEPROM_WRITEU32?24C64

?PR?_EEPROM_WRITEU32?24C64                       -----    -----      -----    -----      0037H    000AH      -----    --
>> ---
  +--> ?PR?_EEPROM_WRITEBUFFER?24C64

?PR?_EEPROM_WRITEBUFFER?24C64                    -----    -----      -----    -----      0041H    0009H      -----    --
>> ---
  +--> ?PR?_EEPROM_WRITEBYTE?24C64

?PR?DISPLAY_SHOWSUCCESS?DISPLAY                  -----    -----      -----    -----      -----    -----      -----    --
>> ---
  +--> ?CO?DISPLAY
  +--> ?PR?_MAX7219_DISPLAYCUSTOMSEGMENTS?MA...
  +--> ?PR?_DELAY_MS?DELAY
  +--> ?PR?MAX7219_CLEAR?MAX7219

BL51 BANKED LINKER/LOCATER V6.22.2.0                                                  07/29/2026  09:19:00  PAGE 7


?PR?_MAX7219_DISPLAYCUSTOMSEGMENTS?MA...         -----    -----      -----    -----      002AH    0005H      -----    --
>> ---
  +--> ?PR?MAX7219_CLEAR?MAX7219
  +--> ?PR?_MAX7219_WRITE?MAX7219

?PR?OBO_GET_SPEED?OBO                            -----    -----      -----    -----      002AH    000DH      -----    --
>> ---
  +--> ?CO?OBO
  +--> ?PR?_UART_SENDSTRING?UART
  +--> ?PR?_UART_SENDU16?UART
  +--> ?PR?_UART_SENDU32?UART
  +--> ?PR?_UART_SENDFLOAT2?UART
  +--> ?PR?_EEPROM_WRITEU32?24C64

?PR?_UART_SENDU32?UART                           -----    -----      -----    -----      0037H    000FH      -----    --
>> ---
  +--> ?PR?_UART_SENDBYTE?UART

?PR?_UART_SENDFLOAT2?UART                        -----    -----      -----    -----      0037H    0004H      -----    --
>> ---
  +--> ?PR?_UART_SENDBYTE?UART
  +--> ?PR?_UART_SENDU16?UART

?PR?_DISPLAY_SM_MODE?DISPLAY                     -----    -----      -----    -----      002AH    000AH      -----    --
>> ---
  +--> ?PR?_AUTOMILEFORMAT?DISPLAY
  +--> ?PR?LED_SM_MODE?LED
  +--> ?PR?_MAX7219_DISPLAYDUALFMT?MAX7219

?PR?_AUTOMILEFORMAT?DISPLAY                      -----    -----      -----    -----      0034H    0004H      -----    --
>> ---

?PR?_MAX7219_DISPLAYDUALFMT?MAX7219              0020H.3  0000H.2    -----    -----      0034H    0017H      -----    --
>> ---
  +--> ?PR?_WRITERANGE?MAX7219

?PR?_WRITERANGE?MAX7219                          0020H.5  0000H.1    -----    -----      004BH    000CH      0085H    00
>> 10H
  +--> ?PR?_POSMAP?MAX7219
  +--> ?PR?_MAX7219_DISPLAYBLANK?MAX7219
  +--> ?PR?_MAX7219_DISPLAY?MAX7219

?PR?_MAX7219_DISPLAYBLANK?MAX7219                -----    -----      -----    -----      -----    -----      -----    --
>> ---
  +--> ?PR?_MAX7219_WRITE?MAX7219

?PR?_DISPLAY_OBOMETRY_MODE?DISPLAY               -----    -----      -----    -----      002AH    0004H      -----    --
>> ---
  +--> ?PR?LED_OBOMETRY_MODE?LED
  +--> ?PR?_MAX7219_DISPLAYFLOAT?MAX7219

?PR?_MAX7219_DISPLAYFLOAT?MAX7219                0020H.3  0000H.1    -----    -----      002EH    000EH      -----    --
>> ---
  +--> ?PR?_WRITERANGE?MAX7219



BL51 BANKED LINKER/LOCATER V6.22.2.0                                                  07/29/2026  09:19:00  PAGE 8


SYMBOL TABLE OF MODULE:  .\Objects\odo (MAIN)

  VALUE           TYPE          NAME
  ----------------------------------

  -------         MODULE        MAIN
  C:0000H         SYMBOL        _ICE_DUMMY_
  D:0080H         PUBLIC        P0
  D:0090H         PUBLIC        P1
  D:00A0H         PUBLIC        P2
  D:00C0H         PUBLIC        XICON
  D:00B0H         PUBLIC        P3
  D:00E8H         PUBLIC        P4
  B:00A8H.7       PUBLIC        EA
  D:00A8H         PUBLIC        IE
  X:0095H         PUBLIC        sys_tick_10ms
  D:00B8H         PUBLIC        IP
  C:0F01H         PUBLIC        main
  C:1B5AH         PUBLIC        INT1_Isr
  D:0098H         PUBLIC        SCON
  D:0089H         PUBLIC        TMOD
  D:0088H         PUBLIC        TCON
  D:00F0H         PUBLIC        B
  D:008EH         PUBLIC        AUXR
  C:1E49H         PUBLIC        Timer0_Isr
  D:00E0H         PUBLIC        ACC
  B:00A8H.1       PUBLIC        ET0
  B:0088H.5       PUBLIC        TF0
  D:008CH         PUBLIC        TH0
  D:008AH         PUBLIC        TL0
  B:0088H.4       PUBLIC        TR0
  X:0097H         PUBLIC        ModeLastIntTick
  B:0020H.1       PUBLIC        Reset_Flag
  B:0020H.2       PUBLIC        Mode_Flag
  D:00C8H         PUBLIC        T2CON
  D:00D0H         PUBLIC        PSW
  -------         PROC          MAIN
  -------         DO            
  B:0020H.0       SYMBOL        last_Mode_Flag
  X:0000H         SYMBOL        last_500ms_tick
  -------         DO            
  X:0026H         SYMBOL        tmp
  -------         ENDDO         
  -------         DO            
  X:0026H         SYMBOL        cur_speed
  X:0026H         SYMBOL        cur_speed
  -------         ENDDO         
  -------         DO            
  X:0026H         SYMBOL        cur_speed
  -------         ENDDO         
  -------         ENDDO         
  C:0F01H         LINE#         25
  C:0F01H         LINE#         26
  C:0F01H         LINE#         30
  C:0F04H         LINE#         31
  C:0F07H         LINE#         32
  C:0F0AH         LINE#         33
BL51 BANKED LINKER/LOCATER V6.22.2.0                                                  07/29/2026  09:19:00  PAGE 9


  C:0F0DH         LINE#         47
  C:0F10H         LINE#         48
  C:0F13H         LINE#         49
  C:0F16H         LINE#         50
  C:0F19H         LINE#         51
  C:0F1CH         LINE#         52
  C:0F1EH         LINE#         53
  C:0F20H         LINE#         54
  C:0F22H         LINE#         56
  C:0F25H         LINE#         57
  C:0F27H         LINE#         59
  C:0F30H         LINE#         61
  C:0F33H         LINE#         63
  C:0F33H         LINE#         65
  C:0F3DH         LINE#         66
  C:0F40H         LINE#         67
  C:0F46H         LINE#         68
  C:0F46H         LINE#         69
  C:0F4AH         LINE#         70
  C:0F58H         LINE#         71
  C:0F61H         LINE#         74
  C:0F64H         LINE#         75
  C:0F69H         LINE#         77
  C:0F6CH         LINE#         79
  C:0F6CH         LINE#         82
  C:0F6FH         LINE#         84
  C:0F74H         LINE#         85
  C:0F77H         LINE#         86
  C:0F80H         LINE#         88
  C:0F83H         LINE#         89
  C:0F8EH         LINE#         90
  C:0F96H         LINE#         91
  C:0F9FH         LINE#         94
  C:0FA2H         LINE#         97
  C:0FA5H         LINE#         98
  C:0FC5H         LINE#         100
  C:0FCBH         LINE#         101
  C:0FCDH         LINE#         102
  C:0FD6H         LINE#         103
  C:0FD6H         LINE#         105
  C:0FDEH         LINE#         106
  C:0FE3H         LINE#         107
  C:0FE9H         LINE#         109
  C:0FF0H         LINE#         110
  C:0FFBH         LINE#         111
  C:1004H         LINE#         112
  C:1008H         LINE#         114
  C:1008H         LINE#         115
  C:1010H         LINE#         116
  C:1013H         LINE#         117
  C:102DH         LINE#         119
  C:1033H         LINE#         120
  C:1033H         LINE#         121
  C:1033H         LINE#         124
  C:1051H         LINE#         125
  C:1057H         LINE#         128
  C:1057H         LINE#         129
BL51 BANKED LINKER/LOCATER V6.22.2.0                                                  07/29/2026  09:19:00  PAGE 10


  C:105FH         LINE#         130
  C:1064H         LINE#         131
  C:106BH         LINE#         132
  C:1083H         LINE#         133
  C:1085H         LINE#         134
  C:108CH         LINE#         135
  C:1092H         LINE#         136
  C:1092H         LINE#         137
  C:1092H         LINE#         138
  C:1092H         LINE#         140
  C:1099H         LINE#         141
  -------         ENDPROC       MAIN
  -------         PROC          TIMER0_ISR
  C:1E49H         LINE#         146
  C:1E4FH         LINE#         148
  C:1E52H         LINE#         149
  C:1E55H         LINE#         150
  C:1E63H         LINE#         151
  -------         ENDPROC       TIMER0_ISR
  -------         PROC          INT1_ISR
  C:1B5AH         LINE#         154
  C:1B6DH         LINE#         156
  C:1B8CH         LINE#         157
  C:1B8EH         LINE#         158
  C:1B94H         LINE#         159
  C:1B94H         LINE#         160
  -------         ENDPROC       INT1_ISR
  -------         ENDMOD        MAIN

  -------         MODULE        DISPLAY
  C:0000H         SYMBOL        _ICE_DUMMY_
  D:0080H         PUBLIC        P0
  D:0090H         PUBLIC        P1
  D:00A0H         PUBLIC        P2
  D:00C0H         PUBLIC        XICON
  D:00B0H         PUBLIC        P3
  D:00E8H         PUBLIC        P4
  D:00A8H         PUBLIC        IE
  C:1C7CH         SYMBOL        _AutoMileFormat
  D:00B8H         PUBLIC        IP
  D:0098H         PUBLIC        SCON
  D:0088H         PUBLIC        TCON
  C:1F01H         PUBLIC        Display_ShowSuccess
  D:00F0H         PUBLIC        B
  C:1858H         PUBLIC        _Display_SM_Mode
  D:00E0H         PUBLIC        ACC
  C:1FD8H         PUBLIC        Display_Init
  D:00C8H         PUBLIC        T2CON
  C:1BF0H         PUBLIC        Display_ResetAnimation
  C:1EC8H         PUBLIC        _Display_Obometry_Mode
  D:00D0H         PUBLIC        PSW
  -------         PROC          _AUTOMILEFORMAT
  X:0034H         SYMBOL        mil
  C:1C7CH         LINE#         4
  C:1C81H         LINE#         5
  C:1C81H         LINE#         6
  C:1C9EH         LINE#         7
BL51 BANKED LINKER/LOCATER V6.22.2.0                                                  07/29/2026  09:19:00  PAGE 11


  C:1CBBH         LINE#         8
  C:1CBDH         LINE#         9
  -------         ENDPROC       _AUTOMILEFORMAT
  -------         PROC          DISPLAY_INIT
  C:1FD8H         LINE#         12
  C:1FD8H         LINE#         13
  C:1FD8H         LINE#         14
  -------         ENDPROC       DISPLAY_INIT
  -------         PROC          DISPLAY_RESETANIMATION
  -------         DO            
  X:002AH         SYMBOL        bl
  X:002BH         SYMBOL        di
  -------         ENDDO         
  C:1BF0H         LINE#         19
  C:1BF0H         LINE#         20
  C:1BF0H         LINE#         22
  C:1C00H         LINE#         23
  C:1C1FH         LINE#         24
  C:1C26H         LINE#         25
  C:1C29H         LINE#         26
  C:1C30H         LINE#         27
  C:1C37H         LINE#         28
  -------         ENDPROC       DISPLAY_RESETANIMATION
  -------         PROC          DISPLAY_SHOWSUCCESS
  -------         DO            
  C:1FBEH         SYMBOL        succeed_segs
  -------         ENDDO         
  C:1F01H         LINE#         32
  C:1F01H         LINE#         33
  C:1F01H         LINE#         36
  C:1F0CH         LINE#         37
  C:1F13H         LINE#         38
  -------         ENDPROC       DISPLAY_SHOWSUCCESS
  -------         PROC          _DISPLAY_SM_MODE
  X:002AH         SYMBOL        speed
  X:002EH         SYMBOL        mil
  -------         DO            
  X:0032H         SYMBOL        spd_fmt
  X:0033H         SYMBOL        mil_fmt
  -------         ENDDO         
  C:1858H         LINE#         42
  C:185DH         LINE#         45
  C:1880H         LINE#         46
  C:1894H         LINE#         48
  C:1897H         LINE#         49
  -------         ENDPROC       _DISPLAY_SM_MODE
  -------         PROC          _DISPLAY_OBOMETRY_MODE
  X:002AH         SYMBOL        mil
  C:1EC8H         LINE#         53
  C:1ECDH         LINE#         54
  C:1ED0H         LINE#         55
  -------         ENDPROC       _DISPLAY_OBOMETRY_MODE
  -------         ENDMOD        DISPLAY

  -------         MODULE        DELAY
  C:0000H         SYMBOL        _ICE_DUMMY_
  D:0080H         PUBLIC        P0
BL51 BANKED LINKER/LOCATER V6.22.2.0                                                  07/29/2026  09:19:00  PAGE 12


  D:0090H         PUBLIC        P1
  D:00A0H         PUBLIC        P2
  D:00C0H         PUBLIC        XICON
  D:00B0H         PUBLIC        P3
  D:00E8H         PUBLIC        P4
  C:1F4CH         PUBLIC        Delay1ms
  D:00A8H         PUBLIC        IE
  D:00B8H         PUBLIC        IP
  C:1F5CH         PUBLIC        _Delay_ms
  D:0098H         PUBLIC        SCON
  D:0088H         PUBLIC        TCON
  C:1F7CH         PUBLIC        _Delay_us
  D:00F0H         PUBLIC        B
  D:00E0H         PUBLIC        ACC
  D:00C8H         PUBLIC        T2CON
  X:009CH         SYMBOL        i
  X:009DH         SYMBOL        j
  D:00D0H         PUBLIC        PSW
  -------         PROC          DELAY1MS
  -------         DO            
  D:0008H         SYMBOL        i
  D:0009H         SYMBOL        j
  -------         ENDDO         
  C:1F4CH         LINE#         6
  C:1F4CH         LINE#         7
  C:1F4CH         LINE#         10
  C:1F4DH         LINE#         11
  C:1F4EH         LINE#         12
  C:1F4FH         LINE#         13
  C:1F52H         LINE#         14
  C:1F55H         LINE#         16
  C:1F55H         LINE#         17
  C:1F58H         LINE#         18
  C:1F5BH         LINE#         19
  -------         ENDPROC       DELAY1MS
  -------         PROC          _DELAY_MS
  D:0006H         SYMBOL        ms
  C:1F5CH         LINE#         22
  C:1F5CH         LINE#         23
  C:1F66H         LINE#         24
  C:1F69H         LINE#         25
  C:1F6BH         LINE#         26
  -------         ENDPROC       _DELAY_MS
  -------         PROC          _DELAY_US
  D:0006H         SYMBOL        us
  C:1F7CH         LINE#         28
  C:1F7CH         LINE#         29
  C:1F7CH         LINE#         30
  C:1F86H         LINE#         31
  C:1F87H         LINE#         32
  C:1F88H         LINE#         33
  C:1F8AH         LINE#         35
  -------         ENDPROC       _DELAY_US
  -------         ENDMOD        DELAY

  -------         MODULE        UART
  C:0000H         SYMBOL        _ICE_DUMMY_
BL51 BANKED LINKER/LOCATER V6.22.2.0                                                  07/29/2026  09:19:00  PAGE 13


  D:0080H         PUBLIC        P0
  D:0090H         PUBLIC        P1
  D:00A0H         PUBLIC        P2
  D:00C0H         PUBLIC        XICON
  D:00B0H         PUBLIC        P3
  D:00E8H         PUBLIC        P4
  D:00A8H         PUBLIC        IE
  B:00A8H.4       PUBLIC        ES
  D:00B8H         PUBLIC        IP
  B:0098H.1       PUBLIC        TI
  C:1D64H         PUBLIC        _UART_SendString
  D:0099H         PUBLIC        SBUF
  D:0087H         PUBLIC        PCON
  C:1CBEH         PUBLIC        UART_Init
  D:0098H         PUBLIC        SCON
  D:0089H         PUBLIC        TMOD
  D:0088H         PUBLIC        TCON
  C:1FC6H         PUBLIC        _UART_SendByte
  D:00F0H         PUBLIC        B
  D:008EH         PUBLIC        AUXR
  D:00E0H         PUBLIC        ACC
  B:00A8H.3       PUBLIC        ET1
  D:008DH         PUBLIC        TH1
  C:1D98H         PUBLIC        _UART_SendHex
  D:008BH         PUBLIC        TL1
  C:1638H         PUBLIC        _UART_SendFloat2
  B:0088H.6       PUBLIC        TR1
  C:158DH         PUBLIC        _UART_SendU32
  C:18C5H         PUBLIC        _UART_SendU16
  D:00C8H         PUBLIC        T2CON
  D:00D0H         PUBLIC        PSW
  -------         PROC          UART_INIT
  C:1CBEH         LINE#         9
  C:1CBEH         LINE#         10
  C:1CBEH         LINE#         11
  C:1CC1H         LINE#         12
  C:1CC4H         LINE#         13
  C:1CC7H         LINE#         14
  C:1CCAH         LINE#         15
  C:1CCDH         LINE#         16
  C:1CD0H         LINE#         17
  C:1CD3H         LINE#         18
  C:1CD6H         LINE#         19
  C:1CD8H         LINE#         20
  C:1CDAH         LINE#         21
  C:1CDCH         LINE#         22
  C:1CDEH         LINE#         27
  C:1CE3H         LINE#         28
  C:1CE8H         LINE#         29
  C:1CEDH         LINE#         30
  C:1CF2H         LINE#         31
  -------         ENDPROC       UART_INIT
  -------         PROC          _UART_SENDBYTE
  D:0007H         SYMBOL        byte
  C:1FC6H         LINE#         34
  C:1FC6H         LINE#         35
  C:1FC6H         LINE#         36
BL51 BANKED LINKER/LOCATER V6.22.2.0                                                  07/29/2026  09:19:00  PAGE 14


  C:1FC8H         LINE#         37
  C:1FCAH         LINE#         38
  C:1FCDH         LINE#         39
  -------         ENDPROC       _UART_SENDBYTE
  -------         PROC          _UART_SENDSTRING
  X:0037H         SYMBOL        str
  C:1D64H         LINE#         41
  C:1D6EH         LINE#         42
  C:1D6EH         LINE#         43
  C:1D7DH         LINE#         44
  C:1D97H         LINE#         45
  -------         ENDPROC       _UART_SENDSTRING
  -------         PROC          _UART_SENDHEX
  D:0007H         SYMBOL        byte
  -------         DO            
  D:0006H         SYMBOL        high
  D:0005H         SYMBOL        low
  -------         ENDDO         
  C:1D98H         LINE#         47
  C:1D98H         LINE#         48
  C:1D98H         LINE#         50
  C:1D9DH         LINE#         51
  C:1DA1H         LINE#         52
  C:1DB0H         LINE#         53
  C:1DB6H         LINE#         54
  C:1DC5H         LINE#         55
  C:1DCBH         LINE#         56
  -------         ENDPROC       _UART_SENDHEX
  -------         PROC          _UART_SENDU16
  D:0002H         SYMBOL        val
  -------         DO            
  X:003BH         SYMBOL        buf
  X:0040H         SYMBOL        i
  -------         ENDDO         
  C:18C5H         LINE#         59
  C:18C9H         LINE#         60
  C:18C9H         LINE#         61
  C:18CDH         LINE#         62
  C:18D6H         LINE#         63
  C:18EAH         LINE#         64
  C:1905H         LINE#         65
  C:1914H         LINE#         66
  C:1916H         LINE#         67
  C:192FH         LINE#         68
  -------         ENDPROC       _UART_SENDU16
  -------         PROC          _UART_SENDU32
  X:0037H         SYMBOL        val
  -------         DO            
  X:003BH         SYMBOL        buf
  X:0045H         SYMBOL        i
  -------         ENDDO         
  C:158DH         LINE#         71
  C:1592H         LINE#         72
  C:1592H         LINE#         73
  C:1596H         LINE#         74
  C:15B3H         LINE#         75
  C:15D7H         LINE#         76
BL51 BANKED LINKER/LOCATER V6.22.2.0                                                  07/29/2026  09:19:00  PAGE 15


  C:1601H         LINE#         77
  C:161CH         LINE#         78
  C:161EH         LINE#         79
  C:1637H         LINE#         80
  -------         ENDPROC       _UART_SENDU32
  -------         PROC          _UART_SENDFLOAT2
  X:0037H         SYMBOL        val
  -------         DO            
  D:0082H         SYMBOL        int_part
  D:0006H         SYMBOL        frac
  -------         ENDDO         
  C:1638H         LINE#         83
  C:163DH         LINE#         84
  C:163DH         LINE#         87
  C:166FH         LINE#         88
  C:1683H         LINE#         89
  C:1686H         LINE#         90
  C:168BH         LINE#         91
  C:16C9H         LINE#         92
  C:16D4H         LINE#         93
  -------         ENDPROC       _UART_SENDFLOAT2
  -------         ENDMOD        UART

  -------         MODULE        24C64
  C:0000H         SYMBOL        _ICE_DUMMY_
  D:0080H         PUBLIC        P0
  D:0090H         PUBLIC        P1
  D:00A0H         PUBLIC        P2
  D:00C0H         PUBLIC        XICON
  D:00B0H         PUBLIC        P3
  D:00E8H         PUBLIC        P4
  C:19F2H         PUBLIC        _EEPROM_ReadBuffer
  D:00A8H         PUBLIC        IE
  C:1F91H         PUBLIC        I2C_Delay
  C:1A4DH         PUBLIC        _EEPROM_WriteBuffer
  D:00B8H         PUBLIC        IP
  C:1F9AH         PUBLIC        I2C_Start
  D:0098H         PUBLIC        SCON
  C:0006H         PUBLIC        I2C_Init
  D:0088H         PUBLIC        TCON
  C:1FDEH         PUBLIC        _EEPROM_ReadU8
  B:00A0H.5       PUBLIC        P25
  B:00A0H.6       PUBLIC        P26
  C:1F2AH         PUBLIC        I2C_SendAck
  C:1BA5H         PUBLIC        _EEPROM_ReadByte
  D:00F0H         PUBLIC        B
  C:1EAAH         PUBLIC        _I2C_SendByte
  C:1FDBH         PUBLIC        _EEPROM_WriteU8
  C:1EEBH         PUBLIC        I2C_WaitAck
  C:1FA9H         PUBLIC        I2C_Stop
  D:00E0H         PUBLIC        ACC
  C:1D2EH         PUBLIC        _EEPROM_WriteByte
  C:1E8BH         PUBLIC        _EEPROM_ReadU32
  D:00C8H         PUBLIC        T2CON
  C:1DFCH         PUBLIC        _EEPROM_WriteU32
  D:00D0H         PUBLIC        PSW
  C:1E26H         PUBLIC        I2C_ReceiveByte
BL51 BANKED LINKER/LOCATER V6.22.2.0                                                  07/29/2026  09:19:00  PAGE 16


  -------         PROC          L?0041
  -------         ENDPROC       L?0041
  -------         PROC          I2C_DELAY
  -------         DO            
  D:0007H         SYMBOL        i
  -------         ENDDO         
  C:1F91H         LINE#         5
  C:1F91H         LINE#         6
  C:1F91H         LINE#         8
  C:1F93H         LINE#         9
  C:1F99H         LINE#         11
  -------         ENDPROC       I2C_DELAY
  -------         PROC          I2C_INIT
  C:0006H         LINE#         14
  C:0006H         LINE#         15
  C:0006H         LINE#         16
  C:0008H         LINE#         17
  C:000AH         LINE#         18
  -------         ENDPROC       I2C_INIT
  -------         PROC          I2C_START
  C:1F9AH         LINE#         21
  C:1F9AH         LINE#         22
  C:1F9AH         LINE#         23
  C:1F9CH         LINE#         24
  C:1F9EH         LINE#         25
  C:1FA1H         LINE#         26
  C:1FA3H         LINE#         27
  C:1FA6H         LINE#         28
  C:1FA8H         LINE#         29
  -------         ENDPROC       I2C_START
  -------         PROC          I2C_STOP
  C:1FA9H         LINE#         32
  C:1FA9H         LINE#         33
  C:1FA9H         LINE#         34
  C:1FABH         LINE#         35
  C:1FADH         LINE#         36
  C:1FB0H         LINE#         37
  C:1FB2H         LINE#         38
  -------         ENDPROC       I2C_STOP
  -------         PROC          _I2C_SENDBYTE
  D:0005H         SYMBOL        byte
  -------         DO            
  D:0003H         SYMBOL        i
  -------         ENDDO         
  C:1EAAH         LINE#         42
  C:1EACH         LINE#         43
  C:1EACH         LINE#         45
  C:1EB8H         LINE#         46
  C:1EB8H         LINE#         47
  C:1EBCH         LINE#         48
  C:1EBCH         LINE#         49
  C:1EBCH         LINE#         50
  C:1EBFH         LINE#         51
  C:1EC1H         LINE#         52
  C:1EC4H         LINE#         53
  C:1EC7H         LINE#         54
  -------         ENDPROC       _I2C_SENDBYTE
BL51 BANKED LINKER/LOCATER V6.22.2.0                                                  07/29/2026  09:19:00  PAGE 17


  -------         PROC          I2C_RECEIVEBYTE
  -------         DO            
  D:0004H         SYMBOL        i
  D:0005H         SYMBOL        byte
  -------         ENDDO         
  C:1E26H         LINE#         57
  C:1E26H         LINE#         58
  C:1E26H         LINE#         59
  C:1E28H         LINE#         60
  C:1E2AH         LINE#         61
  C:1E35H         LINE#         62
  C:1E35H         LINE#         63
  C:1E35H         LINE#         64
  C:1E35H         LINE#         65
  C:1E38H         LINE#         66
  C:1E3EH         LINE#         67
  C:1E40H         LINE#         68
  C:1E43H         LINE#         69
  C:1E46H         LINE#         70
  C:1E48H         LINE#         71
  -------         ENDPROC       I2C_RECEIVEBYTE
  C:1EE6H         SYMBOL        L?0040
  -------         PROC          L?0039
  -------         ENDPROC       L?0039
  C:1EE6H         SYMBOL        L?0040
  -------         PROC          I2C_WAITACK
  -------         DO            
  B:0020H.3       SYMBOL        ack
  -------         ENDDO         
  C:1EEBH         LINE#         74
  C:1EEBH         LINE#         75
  C:1EEBH         LINE#         77
  C:1EEDH         LINE#         78
  C:1EF0H         LINE#         79
  C:1EF2H         LINE#         80
  C:1EF5H         LINE#         81
  C:1EF9H         LINE#         82
  C:1EFBH         LINE#         83
  C:1EFEH         LINE#         84
  C:1F00H         LINE#         85
  -------         ENDPROC       I2C_WAITACK
  -------         PROC          I2C_SENDACK
  B:0020H.3       SYMBOL        ack
  C:1F2AH         LINE#         88
  C:1F2AH         LINE#         89
  C:1F2AH         LINE#         90
  C:1F2EH         LINE#         91
  C:1F31H         LINE#         92
  C:1F33H         LINE#         93
  C:1F36H         LINE#         94
  C:1F38H         LINE#         95
  -------         ENDPROC       I2C_SENDACK
  -------         PROC          _EEPROM_WRITEBYTE
  X:004AH         SYMBOL        addr
  D:0004H         SYMBOL        dat
  C:1D2EH         LINE#         99
  C:1D37H         LINE#         100
BL51 BANKED LINKER/LOCATER V6.22.2.0                                                  07/29/2026  09:19:00  PAGE 18


  C:1D37H         LINE#         101
  C:1D3AH         LINE#         102
  C:1D3FH         LINE#         103
  C:1D44H         LINE#         105
  C:1D45H         LINE#         106
  C:1D4AH         LINE#         108
  C:1D4AH         LINE#         109
  C:1D4FH         LINE#         111
  C:1D54H         LINE#         112
  C:1D59H         LINE#         114
  C:1D5CH         LINE#         116
  C:1D63H         LINE#         118
  -------         ENDPROC       _EEPROM_WRITEBYTE
  -------         PROC          _EEPROM_READBYTE
  X:0038H         SYMBOL        addr
  -------         DO            
  D:0005H         SYMBOL        dat
  -------         ENDDO         
  C:1BA5H         LINE#         121
  C:1BACH         LINE#         122
  C:1BACH         LINE#         124
  C:1BAFH         LINE#         125
  C:1BB4H         LINE#         126
  C:1BB9H         LINE#         127
  C:1BBCH         LINE#         128
  C:1BBEH         LINE#         129
  C:1BC3H         LINE#         130
  C:1BC6H         LINE#         131
  C:1BC8H         LINE#         132
  C:1BCDH         LINE#         133
  C:1BD0H         LINE#         134
  C:1BD3H         LINE#         135
  C:1BD8H         LINE#         136
  C:1BDDH         LINE#         137
  C:1BE0H         LINE#         138
  C:1BE5H         LINE#         139
  C:1BEAH         LINE#         140
  C:1BEDH         LINE#         141
  C:1BEFH         LINE#         142
  -------         ENDPROC       _EEPROM_READBYTE
  -------         PROC          _EEPROM_READBUFFER
  X:002FH         SYMBOL        addr
  X:0031H         SYMBOL        buffer
  X:0034H         SYMBOL        len
  -------         DO            
  X:0036H         SYMBOL        read_i
  -------         ENDDO         
  C:19F2H         LINE#         173
  C:1A02H         LINE#         174
  C:1A02H         LINE#         176
  C:1A1BH         LINE#         177
  C:1A1BH         LINE#         178
  C:1A3FH         LINE#         179
  C:1A4CH         LINE#         180
  -------         ENDPROC       _EEPROM_READBUFFER
  -------         PROC          _EEPROM_WRITEBUFFER
  X:0041H         SYMBOL        addr
BL51 BANKED LINKER/LOCATER V6.22.2.0                                                  07/29/2026  09:19:00  PAGE 19


  X:0043H         SYMBOL        buffer
  X:0046H         SYMBOL        len
  -------         DO            
  X:0048H         SYMBOL        i
  -------         ENDDO         
  C:1A4DH         LINE#         202
  C:1A5DH         LINE#         203
  C:1A5DH         LINE#         205
  C:1A76H         LINE#         206
  C:1A76H         LINE#         207
  C:1A9AH         LINE#         208
  C:1AA7H         LINE#         209
  -------         ENDPROC       _EEPROM_WRITEBUFFER
  -------         PROC          _EEPROM_WRITEU8
  D:0006H         SYMBOL        addr
  D:0005H         SYMBOL        val
  C:1FDBH         LINE#         226
  C:1FDBH         LINE#         227
  C:1FDBH         LINE#         228
  -------         ENDPROC       _EEPROM_WRITEU8
  -------         PROC          _EEPROM_READU8
  D:0006H         SYMBOL        addr
  C:1FDEH         LINE#         230
  C:1FDEH         LINE#         231
  C:1FDEH         LINE#         232
  -------         ENDPROC       _EEPROM_READU8
  -------         PROC          _EEPROM_WRITEU32
  D:0002H         SYMBOL        addr
  X:0039H         SYMBOL        val
  -------         DO            
  X:003DH         SYMBOL        u
  -------         ENDDO         
  C:1DFCH         LINE#         278
  C:1E00H         LINE#         279
  C:1E00H         LINE#         281
  C:1E11H         LINE#         282
  -------         ENDPROC       _EEPROM_WRITEU32
  -------         PROC          _EEPROM_READU32
  D:0006H         SYMBOL        addr
  -------         DO            
  X:002BH         SYMBOL        u
  -------         ENDDO         
  C:1E8BH         LINE#         284
  C:1E8BH         LINE#         285
  C:1E8BH         LINE#         287
  C:1E9CH         LINE#         288
  C:1EA9H         LINE#         289
  -------         ENDPROC       _EEPROM_READU32
  -------         ENDMOD        24C64

  -------         MODULE        MAX7219
  C:0000H         SYMBOL        _ICE_DUMMY_
  C:09D5H         SYMBOL        _WriteRange
  C:1CF7H         PUBLIC        _Max7219_SendByte
  D:0080H         PUBLIC        P0
  D:0090H         PUBLIC        P1
  D:00A0H         PUBLIC        P2
BL51 BANKED LINKER/LOCATER V6.22.2.0                                                  07/29/2026  09:19:00  PAGE 20


  D:00C0H         PUBLIC        XICON
  D:00B0H         PUBLIC        P3
  C:1991H         PUBLIC        _Max7219_DisplayCustomSegments
  D:00E8H         PUBLIC        P4
  D:00A8H         PUBLIC        IE
  D:00B8H         PUBLIC        IP
  C:1F6CH         PUBLIC        _Max7219_DisplayBlank
  C:13EFH         PUBLIC        _Max7219_DisplayFloat
  B:00A0H.2       PUBLIC        P22
  D:0098H         PUBLIC        SCON
  B:00A0H.3       PUBLIC        P23
  D:0088H         PUBLIC        TCON
  B:00A0H.4       PUBLIC        P24
  C:1F3BH         PUBLIC        _Max7219_Display
  C:109CH         PUBLIC        _Max7219_DisplayFloatSplit
  D:00F0H         PUBLIC        B
  C:1E6AH         PUBLIC        Max7219_Clear
  D:00E0H         PUBLIC        ACC
  C:1FE1H         SYMBOL        _PosMap
  D:00C8H         PUBLIC        T2CON
  C:0D64H         PUBLIC        _Max7219_DisplayDualFmt
  C:1DCCH         PUBLIC        _Max7219_Write
  C:1930H         PUBLIC        Max7219_Init
  D:00D0H         PUBLIC        PSW
  -------         PROC          _POSMAP
  D:0007H         SYMBOL        p
  C:1FE1H         LINE#         10
  C:1FE1H         LINE#         11
  C:1FE1H         LINE#         15
  C:1FE1H         LINE#         17
  -------         ENDPROC       _POSMAP
  -------         PROC          _MAX7219_SENDBYTE
  X:0059H         SYMBOL        dat
  -------         DO            
  X:005AH         SYMBOL        i
  -------         ENDDO         
  C:1CF7H         LINE#         20
  C:1CFBH         LINE#         21
  C:1CFBH         LINE#         23
  C:1D0AH         LINE#         24
  C:1D0AH         LINE#         25
  C:1D0CH         LINE#         26
  C:1D17H         LINE#         27
  C:1D1DH         LINE#         28
  C:1D1FH         LINE#         29
  C:1D26H         LINE#         30
  C:1D2DH         LINE#         31
  -------         ENDPROC       _MAX7219_SENDBYTE
  -------         PROC          _MAX7219_WRITE
  X:0057H         SYMBOL        address
  X:0058H         SYMBOL        dat
  C:1DCCH         LINE#         34
  C:1DD3H         LINE#         35
  C:1DD3H         LINE#         36
  C:1DD5H         LINE#         37
  C:1DDCH         LINE#         38
  C:1DE3H         LINE#         39
BL51 BANKED LINKER/LOCATER V6.22.2.0                                                  07/29/2026  09:19:00  PAGE 21


  C:1DEAH         LINE#         41
  C:1DECH         LINE#         42
  C:1DF3H         LINE#         43
  C:1DF5H         LINE#         44
  -------         ENDPROC       _MAX7219_WRITE
  -------         PROC          MAX7219_INIT
  -------         DO            
  X:002AH         SYMBOL        i
  -------         ENDDO         
  C:1930H         LINE#         48
  C:1930H         LINE#         49
  C:1930H         LINE#         52
  C:1932H         LINE#         53
  C:1934H         LINE#         54
  C:1936H         LINE#         55
  C:193DH         LINE#         58
  C:1944H         LINE#         59
  C:194BH         LINE#         60
  C:1952H         LINE#         61
  C:1959H         LINE#         62
  C:1960H         LINE#         65
  C:1972H         LINE#         66
  C:1980H         LINE#         67
  C:1987H         LINE#         68
  C:198AH         LINE#         69
  -------         ENDPROC       MAX7219_INIT
  -------         PROC          _MAX7219_DISPLAY
  D:0007H         SYMBOL        digit
  D:0005H         SYMBOL        value
  D:0003H         SYMBOL        dot_v
  C:1F3BH         LINE#         80
  C:1F3BH         LINE#         81
  C:1F3BH         LINE#         82
  -------         ENDPROC       _MAX7219_DISPLAY
  -------         PROC          _MAX7219_DISPLAYBLANK
  D:0007H         SYMBOL        digit
  D:0005H         SYMBOL        dot_v
  C:1F6CH         LINE#         85
  C:1F6CH         LINE#         86
  C:1F6CH         LINE#         87
  -------         ENDPROC       _MAX7219_DISPLAYBLANK
  -------         PROC          MAX7219_CLEAR
  -------         DO            
  X:002FH         SYMBOL        i
  -------         ENDDO         
  C:1E6AH         LINE#         90
  C:1E6AH         LINE#         91
  C:1E6AH         LINE#         93
  C:1E7BH         LINE#         94
  C:1E7BH         LINE#         95
  C:1E83H         LINE#         96
  C:1E8AH         LINE#         97
  -------         ENDPROC       MAX7219_CLEAR
  -------         PROC          L?0081
  -------         ENDPROC       L?0081
  -------         PROC          _WRITERANGE
  X:004BH         SYMBOL        left_pos
BL51 BANKED LINKER/LOCATER V6.22.2.0                                                  07/29/2026  09:19:00  PAGE 22


  D:0005H         SYMBOL        right_pos
  X:004DH         SYMBOL        scaled
  X:0051H         SYMBOL        format
  B:0020H.5       SYMBOL        neg
  -------         DO            
  X:0052H         SYMBOL        total
  X:0085H         SYMBOL        dig
  X:008DH         SYMBOL        dot
  X:0053H         SYMBOL        i
  X:0054H         SYMBOL        fill
  X:0055H         SYMBOL        phys
  -------         DO            
  X:0056H         SYMBOL        first_nonzero
  -------         ENDDO         
  -------         ENDDO         
  C:09D5H         LINE#         99
  C:09D9H         LINE#         101
  C:09D9H         LINE#         102
  C:09E0H         LINE#         107
  C:0A0DH         LINE#         109
  C:0A14H         LINE#         110
  C:0A14H         LINE#         111
  C:0A3DH         LINE#         112
  C:0A5AH         LINE#         113
  C:0A75H         LINE#         114
  C:0A7AH         LINE#         115
  C:0A7DH         LINE#         116
  C:0A99H         LINE#         119
  C:0AA8H         LINE#         120
  C:0ABAH         LINE#         122
  C:0AC7H         LINE#         123
  C:0ACCH         LINE#         124
  C:0AD9H         LINE#         125
  C:0AD9H         LINE#         128
  C:0AD9H         LINE#         129
  C:0ADFH         LINE#         130
  C:0AEEH         LINE#         131
  C:0B05H         LINE#         132
  C:0B09H         LINE#         133
  C:0B0BH         LINE#         134
  C:0B0BH         LINE#         135
  C:0B12H         LINE#         137
  C:0B1FH         LINE#         139
  C:0B2FH         LINE#         140
  C:0B3CH         LINE#         141
  C:0B4AH         LINE#         142
  C:0B56H         LINE#         143
  C:0B56H         LINE#         144
  C:0B5DH         LINE#         145
  C:0B5DH         LINE#         147
  C:0B6CH         LINE#         148
  C:0B77H         LINE#         149
  C:0B8BH         LINE#         150
  C:0B9EH         LINE#         152
  C:0BBEH         LINE#         153
  C:0BC5H         LINE#         154
  -------         ENDPROC       _WRITERANGE
BL51 BANKED LINKER/LOCATER V6.22.2.0                                                  07/29/2026  09:19:00  PAGE 23


  -------         PROC          _MAX7219_DISPLAYFLOAT
  X:002EH         SYMBOL        value
  X:0032H         SYMBOL        format
  -------         DO            
  X:0033H         SYMBOL        scaled
  B:0020H.3       SYMBOL        neg
  X:0037H         SYMBOL        i
  X:0038H         SYMBOL        mul
  -------         ENDDO         
  C:13EFH         LINE#         156
  C:13F4H         LINE#         157
  C:13F4H         LINE#         159
  C:13F6H         LINE#         161
  C:13FFH         LINE#         162
  C:140EH         LINE#         163
  C:143DH         LINE#         164
  C:146DH         LINE#         165
  C:14A0H         LINE#         166
  -------         ENDPROC       _MAX7219_DISPLAYFLOAT
  -------         PROC          _MAX7219_DISPLAYFLOATSPLIT
  X:0002H         SYMBOL        value1
  X:0006H         SYMBOL        value2
  X:000AH         SYMBOL        format
  -------         DO            
  X:000BH         SYMBOL        s1
  X:000FH         SYMBOL        s2
  B:0020H.6       SYMBOL        n1
  B:0020H.7       SYMBOL        n2
  X:0013H         SYMBOL        i
  X:0014H         SYMBOL        mul
  -------         ENDDO         
  C:109CH         LINE#         169
  C:10A1H         LINE#         170
  C:10A1H         LINE#         172
  C:10A5H         LINE#         174
  C:10AEH         LINE#         175
  C:10BDH         LINE#         176
  C:10ECH         LINE#         177
  C:111BH         LINE#         178
  C:114BH         LINE#         179
  C:117EH         LINE#         180
  C:11B1H         LINE#         181
  C:11CEH         LINE#         182
  -------         ENDPROC       _MAX7219_DISPLAYFLOATSPLIT
  -------         PROC          _MAX7219_DISPLAYDUALFMT
  X:0034H         SYMBOL        left_val
  X:0038H         SYMBOL        left_fmt
  X:0039H         SYMBOL        right_val
  X:003DH         SYMBOL        right_fmt
  -------         DO            
  X:003EH         SYMBOL        sl
  X:0042H         SYMBOL        sr
  B:0020H.3       SYMBOL        nl
  B:0020H.4       SYMBOL        nr
  X:0046H         SYMBOL        i
  X:0047H         SYMBOL        mul
  -------         ENDDO         
BL51 BANKED LINKER/LOCATER V6.22.2.0                                                  07/29/2026  09:19:00  PAGE 24


  C:0D64H         LINE#         187
  C:0D69H         LINE#         189
  C:0D69H         LINE#         191
  C:0D6DH         LINE#         195
  C:0D7CH         LINE#         196
  C:0D8BH         LINE#         198
  C:0DBAH         LINE#         199
  C:0DE9H         LINE#         201
  C:0DF2H         LINE#         202
  C:0E22H         LINE#         203
  C:0E55H         LINE#         205
  C:0E5EH         LINE#         206
  C:0E8EH         LINE#         207
  C:0EC1H         LINE#         209
  C:0EDEH         LINE#         210
  -------         ENDPROC       _MAX7219_DISPLAYDUALFMT
  -------         PROC          _MAX7219_DISPLAYCUSTOMSEGMENTS
  X:002AH         SYMBOL        segs
  X:002DH         SYMBOL        len
  -------         DO            
  X:002EH         SYMBOL        i
  -------         ENDDO         
  C:1991H         LINE#         275
  C:199EH         LINE#         276
  C:199EH         LINE#         278
  C:19A1H         LINE#         280
  C:19A8H         LINE#         281
  C:19B9H         LINE#         282
  C:19C1H         LINE#         283
  C:19DAH         LINE#         285
  C:19E4H         LINE#         286
  C:19EBH         LINE#         288
  -------         ENDPROC       _MAX7219_DISPLAYCUSTOMSEGMENTS
  -------         ENDMOD        MAX7219

  -------         MODULE        KEY
  C:0000H         SYMBOL        _ICE_DUMMY_
  D:0080H         PUBLIC        P0
  D:0090H         PUBLIC        P1
  D:00A0H         PUBLIC        P2
  D:00C0H         PUBLIC        XICON
  D:00B0H         PUBLIC        P3
  D:00E8H         PUBLIC        P4
  X:0099H         SYMBOL        Reset_Cnt
  D:00A8H         PUBLIC        IE
  C:176DH         PUBLIC        Key_Scan
  D:00B8H         PUBLIC        IP
  C:1FB5H         PUBLIC        Key_Init
  D:0098H         PUBLIC        SCON
  D:0088H         PUBLIC        TCON
  B:00B0H.3       PUBLIC        P33
  B:00B0H.4       PUBLIC        P34
  D:00F0H         PUBLIC        B
  B:0021H.0       SYMBOL        last_reset_state
  D:00E0H         PUBLIC        ACC
  B:00A8H.2       PUBLIC        EX1
  B:0088H.2       PUBLIC        IT1
BL51 BANKED LINKER/LOCATER V6.22.2.0                                                  07/29/2026  09:19:00  PAGE 25


  D:00C8H         PUBLIC        T2CON
  X:009BH         SYMBOL        debounce_cnt
  D:00D0H         PUBLIC        PSW
  -------         PROC          KEY_INIT
  C:1FB5H         LINE#         8
  C:1FB5H         LINE#         9
  C:1FB7H         LINE#         10
  C:1FB9H         LINE#         11
  C:1FBBH         LINE#         12
  C:1FBDH         LINE#         13
  -------         ENDPROC       KEY_INIT
  -------         PROC          KEY_SCAN
  -------         DO            
  B:0020H.3       SYMBOL        cur
  -------         ENDDO         
  C:176DH         LINE#         15
  C:176DH         LINE#         16
  C:1771H         LINE#         19
  C:1779H         LINE#         20
  C:177EH         LINE#         21
  C:1784H         LINE#         23
  C:178BH         LINE#         24
  C:178FH         LINE#         25
  C:178FH         LINE#         27
  C:1792H         LINE#         29
  C:179FH         LINE#         30
  C:17A2H         LINE#         31
  C:17A4H         LINE#         32
  C:17BFH         LINE#         33
  C:17BFH         LINE#         34
  C:17C1H         LINE#         35
  C:17C8H         LINE#         36
  C:17CAH         LINE#         37
  C:17CAH         LINE#         39
  C:17D9H         LINE#         40
  C:17DDH         LINE#         41
  C:17E6H         LINE#         42
  C:17E8H         LINE#         43
  C:17E8H         LINE#         44
  C:17E9H         LINE#         45
  -------         ENDPROC       KEY_SCAN
  -------         ENDMOD        KEY

  -------         MODULE        LED
  C:0000H         SYMBOL        _ICE_DUMMY_
  D:0080H         PUBLIC        P0
  D:0090H         PUBLIC        P1
  D:00A0H         PUBLIC        P2
  D:00C0H         PUBLIC        XICON
  D:00B0H         PUBLIC        P3
  D:00E8H         PUBLIC        P4
  D:00A8H         PUBLIC        IE
  D:00B8H         PUBLIC        IP
  D:0098H         PUBLIC        SCON
  D:0088H         PUBLIC        TCON
  B:0090H.5       PUBLIC        P15
  B:0090H.6       PUBLIC        P16
BL51 BANKED LINKER/LOCATER V6.22.2.0                                                  07/29/2026  09:19:00  PAGE 26


  C:1FCEH         PUBLIC        LED_SM_Mode
  D:00F0H         PUBLIC        B
  D:00E0H         PUBLIC        ACC
  C:000EH         PUBLIC        LED_Init
  D:00C8H         PUBLIC        T2CON
  C:1FD3H         PUBLIC        LED_Obometry_Mode
  D:00D0H         PUBLIC        PSW
  -------         PROC          LED_INIT
  C:000EH         LINE#         4
  C:000EH         LINE#         5
  C:000EH         LINE#         6
  C:0010H         LINE#         7
  C:0012H         LINE#         8
  -------         ENDPROC       LED_INIT
  -------         PROC          LED_SM_MODE
  C:1FCEH         LINE#         10
  C:1FCEH         LINE#         11
  C:1FCEH         LINE#         12
  C:1FD0H         LINE#         13
  C:1FD2H         LINE#         14
  -------         ENDPROC       LED_SM_MODE
  -------         PROC          LED_OBOMETRY_MODE
  C:1FD3H         LINE#         15
  C:1FD3H         LINE#         16
  C:1FD3H         LINE#         17
  C:1FD5H         LINE#         18
  C:1FD7H         LINE#         19
  -------         ENDPROC       LED_OBOMETRY_MODE
  -------         ENDMOD        LED

  -------         MODULE        OBO
  C:0000H         SYMBOL        _ICE_DUMMY_
  C:1F16H         PUBLIC        OBO_GET_Miles
  D:0080H         PUBLIC        P0
  D:0090H         PUBLIC        P1
  D:00A0H         PUBLIC        P2
  D:00C0H         PUBLIC        XICON
  D:00B0H         PUBLIC        P3
  D:00E8H         PUBLIC        P4
  I:000AH         PUBLIC        raw_mm
  D:00A8H         PUBLIC        IE
  D:00B8H         PUBLIC        IP
  I:000EH         PUBLIC        last_raw_mm
  C:1B01H         PUBLIC        INT0_Isr
  X:0018H         SYMBOL        cyc_valid
  D:0098H         PUBLIC        SCON
  B:00B0H.2       PUBLIC        P32
  D:0088H         PUBLIC        TCON
  I:0012H         PUBLIC        speed_kmh
  I:0016H         PUBLIC        write_count
  D:00F0H         PUBLIC        B
  D:00E0H         PUBLIC        ACC
  B:00A8H.0       PUBLIC        EX0
  B:0088H.0       PUBLIC        IT0
  I:0018H         PUBLIC        valid_mm
  X:005BH         PUBLIC        last_pulse_tick
  I:001CH         PUBLIC        slow_count
BL51 BANKED LINKER/LOCATER V6.22.2.0                                                  07/29/2026  09:19:00  PAGE 27


  X:0019H         SYMBOL        wnd_pulse
  C:130AH         PUBLIC        OBO_Init
  X:001BH         SYMBOL        wnd_tick
  C:1C38H         SYMBOL        OBO_CountPulse
  C:1FE2H         PUBLIC        OBO_Poll
  X:005DH         SYMBOL        cyc_buf
  X:001DH         SYMBOL        cyc_idx
  D:00C8H         PUBLIC        T2CON
  C:0696H         PUBLIC        OBO_GET_SPEED
  X:001EH         SYMBOL        wnd_raw
  X:0022H         SYMBOL        cyc_sum
  D:00D0H         PUBLIC        PSW
  C:14C3H         PUBLIC        _OBO_SET_Millis
  -------         PROC          OBO_COUNTPULSE
  C:1C38H         LINE#         35
  C:1C38H         LINE#         36
  C:1C38H         LINE#         37
  C:1C47H         LINE#         38
  C:1C59H         LINE#         39
  C:1C70H         LINE#         40
  C:1C7BH         LINE#         41
  -------         ENDPROC       OBO_COUNTPULSE
  -------         PROC          OBO_INIT
  -------         DO            
  X:002AH         SYMBOL        boot_cnt
  D:0003H         SYMBOL        i
  -------         ENDDO         
  C:130AH         LINE#         44
  C:130AH         LINE#         45
  C:130AH         LINE#         59
  C:130CH         LINE#         60
  C:130EH         LINE#         61
  C:1310H         LINE#         62
  C:1319H         LINE#         66
  C:1324H         LINE#         67
  C:132DH         LINE#         68
  C:1336H         LINE#         69
  C:133DH         LINE#         70
  C:1342H         LINE#         71
  C:134BH         LINE#         72
  C:1354H         LINE#         73
  C:135DH         LINE#         74
  C:1366H         LINE#         77
  C:136DH         LINE#         78
  C:1379H         LINE#         79
  C:1383H         LINE#         80
  C:138DH         LINE#         81
  C:1394H         LINE#         82
  C:139EH         LINE#         83
  C:13A4H         LINE#         84
  C:13A9H         LINE#         85
  C:13B2H         LINE#         86
  C:13B6H         LINE#         87
  C:13B9H         LINE#         88
  C:13C2H         LINE#         89
  C:13E6H         LINE#         90
  -------         ENDPROC       OBO_INIT
BL51 BANKED LINKER/LOCATER V6.22.2.0                                                  07/29/2026  09:19:00  PAGE 28


  -------         PROC          OBO_POLL
  C:1FE2H         LINE#         95
  C:1FE2H         LINE#         96
  C:1FE2H         LINE#         111
  -------         ENDPROC       OBO_POLL
  -------         PROC          _OBO_SET_MILLIS
  X:002AH         SYMBOL        ms
  -------         DO            
  D:0003H         SYMBOL        i
  -------         ENDDO         
  C:14C3H         LINE#         115
  C:14C8H         LINE#         116
  C:14C8H         LINE#         118
  C:14D1H         LINE#         119
  C:14E3H         LINE#         120
  C:14F5H         LINE#         121
  C:1507H         LINE#         122
  C:1510H         LINE#         123
  C:1516H         LINE#         124
  C:151BH         LINE#         125
  C:152DH         LINE#         126
  C:1533H         LINE#         127
  C:1538H         LINE#         128
  C:1541H         LINE#         129
  C:1545H         LINE#         130
  C:1548H         LINE#         131
  C:156BH         LINE#         132
  C:1584H         LINE#         133
  -------         ENDPROC       _OBO_SET_MILLIS
  -------         PROC          OBO_GET_MILES
  C:1F16H         LINE#         138
  C:1F16H         LINE#         139
  C:1F16H         LINE#         140
  -------         ENDPROC       OBO_GET_MILES
  -------         PROC          OBO_GET_SPEED
  -------         DO            
  X:002AH         SYMBOL        spd
  X:002EH         SYMBOL        now
  X:0030H         SYMBOL        elp
  X:0032H         SYMBOL        riding
  -------         DO            
  X:0033H         SYMBOL        delta_mm
  -------         ENDDO         
  -------         ENDDO         
  C:0696H         LINE#         145
  C:0696H         LINE#         146
  C:0696H         LINE#         151
  C:06A7H         LINE#         154
  C:06BBH         LINE#         155
  C:06C6H         LINE#         157
  C:06DEH         LINE#         158
  C:0709H         LINE#         160
  C:0712H         LINE#         161
  C:0758H         LINE#         162
  C:0762H         LINE#         163
  C:076FH         LINE#         166
  C:0782H         LINE#         167
BL51 BANKED LINKER/LOCATER V6.22.2.0                                                  07/29/2026  09:19:00  PAGE 29


  C:0795H         LINE#         168
  C:07AEH         LINE#         169
  C:07C7H         LINE#         172
  C:07D3H         LINE#         173
  C:07DCH         LINE#         174
  C:07E5H         LINE#         175
  C:07E5H         LINE#         176
  C:07EBH         LINE#         187
  C:081BH         LINE#         188
  C:083BH         LINE#         189
  C:085EH         LINE#         190
  C:0863H         LINE#         191
  C:086FH         LINE#         192
  C:087EH         LINE#         194
  C:08A5H         LINE#         197
  C:08B7H         LINE#         198
  C:08D0H         LINE#         199
  C:08E1H         LINE#         200
  C:08EAH         LINE#         201
  C:08EAH         LINE#         204
  C:0904H         LINE#         207
  C:0915H         LINE#         208
  C:0920H         LINE#         209
  C:0922H         LINE#         210
  C:092EH         LINE#         211
  C:092EH         LINE#         212
  C:0933H         LINE#         213
  C:0974H         LINE#         215
  C:097EH         LINE#         218
  C:0986H         LINE#         219
  C:0992H         LINE#         220
  C:0996H         LINE#         221
  C:09B3H         LINE#         222
  C:09C4H         LINE#         223
  C:09CAH         LINE#         224
  C:09CAH         LINE#         225
  C:09CAH         LINE#         226
  -------         ENDPROC       OBO_GET_SPEED
  -------         PROC          INT0_ISR
  C:1B01H         LINE#         231
  C:1B1EH         LINE#         233
  C:1B3CH         LINE#         234
  C:1B3FH         LINE#         235
  C:1B3FH         LINE#         236
  -------         ENDPROC       INT0_ISR
  -------         ENDMOD        OBO

  -------         MODULE        ?C?FPADD
  C:001DH         PUBLIC        ?C?FPADD
  C:0019H         PUBLIC        ?C?FPSUB
  -------         ENDMOD        ?C?FPADD

  -------         MODULE        ?C?FPMUL
  C:010EH         PUBLIC        ?C?FPMUL
  -------         ENDMOD        ?C?FPMUL

  -------         MODULE        ?C?FPDIV
BL51 BANKED LINKER/LOCATER V6.22.2.0                                                  07/29/2026  09:19:00  PAGE 30


  C:0217H         PUBLIC        ?C?FPDIV
  -------         ENDMOD        ?C?FPDIV

  -------         MODULE        ?C?FPCMP
  C:02B6H         PUBLIC        ?C?FPCMP
  C:02B4H         PUBLIC        ?C?FPCMP3
  -------         ENDMOD        ?C?FPCMP

  -------         MODULE        ?C?FPNEG
  C:032DH         PUBLIC        ?C?FPNEG
  -------         ENDMOD        ?C?FPNEG

  -------         MODULE        ?C?FCAST
  C:0348H         PUBLIC        ?C?FCASTC
  C:0343H         PUBLIC        ?C?FCASTI
  C:033EH         PUBLIC        ?C?FCASTL
  -------         ENDMOD        ?C?FCAST

  -------         MODULE        ?C?CASTF
  C:037CH         PUBLIC        ?C?CASTF
  -------         ENDMOD        ?C?CASTF

  -------         MODULE        ?C?CLDPTR
  C:03FDH         PUBLIC        ?C?CLDPTR
  -------         ENDMOD        ?C?CLDPTR

  -------         MODULE        ?C?CLDOPTR
  C:0416H         PUBLIC        ?C?CLDOPTR
  -------         ENDMOD        ?C?CLDOPTR

  -------         MODULE        ?C?CSTOPTR
  C:0443H         PUBLIC        ?C?CSTOPTR
  -------         ENDMOD        ?C?CSTOPTR

  -------         MODULE        ?C?UIDIV
  C:0465H         PUBLIC        ?C?UIDIV
  -------         ENDMOD        ?C?UIDIV

  -------         MODULE        ?C?LMUL
  C:04BAH         PUBLIC        ?C?LMUL
  -------         ENDMOD        ?C?LMUL

  -------         MODULE        ?C?ULDIV
  C:0545H         PUBLIC        ?C?ULDIV
  -------         ENDMOD        ?C?ULDIV

  -------         MODULE        ?C?LNEG
  C:05D7H         PUBLIC        ?C?LNEG
  -------         ENDMOD        ?C?LNEG

  -------         MODULE        ?C?ULCMP
  C:05E5H         PUBLIC        ?C?ULCMP
  -------         ENDMOD        ?C?ULCMP

  -------         MODULE        ?C?LLDIDATA
  C:05F6H         PUBLIC        ?C?LLDIDATA
  -------         ENDMOD        ?C?LLDIDATA
BL51 BANKED LINKER/LOCATER V6.22.2.0                                                  07/29/2026  09:19:00  PAGE 31



  -------         MODULE        ?C?LLDIDATA0
  C:0602H         PUBLIC        ?C?LLDIDATA0
  -------         ENDMOD        ?C?LLDIDATA0

  -------         MODULE        ?C?LSTIDATA
  C:060FH         PUBLIC        ?C?LSTIDATA
  -------         ENDMOD        ?C?LSTIDATA

  -------         MODULE        ?C?LSTXDATA
  C:061BH         PUBLIC        ?C?LSTXDATA
  -------         ENDMOD        ?C?LSTXDATA

  -------         MODULE        ?C?LSTPDATA
  C:0627H         PUBLIC        ?C?LSTPDATA
  -------         ENDMOD        ?C?LSTPDATA

  -------         MODULE        ?C?LSTKIDATA
  C:0633H         PUBLIC        ?C?LSTKIDATA
  -------         ENDMOD        ?C?LSTKIDATA

  -------         MODULE        ?C?LSTKXDATA
  C:064CH         PUBLIC        ?C?LSTKXDATA
  -------         ENDMOD        ?C?LSTKXDATA

  -------         MODULE        ?C?LSTKPDATA
  C:067DH         PUBLIC        ?C?LSTKPDATA
  -------         ENDMOD        ?C?LSTKPDATA

*** WARNING L16: UNCALLED SEGMENT, IGNORED FOR OVERLAY PROCESS
    SEGMENT: ?PR?_UART_SENDHEX?UART

*** WARNING L16: UNCALLED SEGMENT, IGNORED FOR OVERLAY PROCESS
    SEGMENT: ?PR?_MAX7219_DISPLAYFLOATSPLIT?MAX7219

Program Size: data=32.1 xdata=158 code=8163
LINK/LOCATE RUN COMPLETE.  2 WARNING(S),  0 ERROR(S)
