C51 COMPILER V9.59.0.0   UART                                                              07/28/2026 23:45:29 PAGE 1   


C51 COMPILER V9.59.0.0, COMPILATION OF MODULE UART
OBJECT MODULE PLACED IN .\Objects\uart.obj
COMPILER INVOKED BY: D:\Keil_v5\C51\BIN\C51.EXE System\uart.c COMPACT OPTIMIZE(8,SPEED) BROWSE INCDIR(.\Hardware;.\Syste
                    -m) DEBUG OBJECTEXTEND PRINT(.\Listings\uart.lst) TABS(2) OBJECT(.\Objects\uart.obj)

line level    source

   1          #include "uart.h"
   2          
   3          // ============================================================
   4          // 11.0592MHz  9600bps  最经典零误差配置！
   5          // 定时器1  12T模式(AUXR.6=0)  模式2(8位自动重装)
   6          // SMOD=0 : TH1 = 256 - 11059200/(12*32*9600) = 256 - 3 = 0xFD
   7          // 误差 = 0% ，必通！
   8          // ============================================================
   9          void UART_Init(void)
  10          {
  11   1          SCON  = 0x50;    // 8位UART，模式1，REN=1允许接收
  12   1          PCON &= 0x7F;    // SMOD=0（不倍频，配合0xFD正好9600bps 0%误差）
  13   1          AUXR &= 0xBF;    // AUXR.6 = T1x12 = 0  → 定时器1走12T（传统模式，最稳）
  14   1          AUXR &= 0xFE;    // AUXR.0 = 0        → 串口用T1做波特率发生器
  15   1          TMOD &= 0x0F;    // 清掉T1的模式位
  16   1          TMOD |= 0x20;    // T1 = 模式2（8位自动重装）
  17   1          TL1 = 0xFD;      // 初值
  18   1          TH1 = 0xFD;      // 重装值  ← 就是这个0xFD，11.0592配9600绝对零误差
  19   1          ET1 = 0;         // 禁止T1中断
  20   1          ES  = 0;         // 禁止串口中断（查询发送）
  21   1          TR1 = 1;         // 启动T1
  22   1          TI  = 1;         // 预设TI=1，避免首次SendByte的while逻辑不清晰
  23   1      
  24   1          // ===== 最简自检：先发 0x55 0x55 0x55，再 U 回车 =====
  25   1          // 0x55 = 01010101，最容易验证波特率对不对
  26   1          // 串口助手收到的应该是三个大写字母 "U" 开头
  27   1          UART_SendByte(0x55);
  28   1          UART_SendByte(0x55);
  29   1          UART_SendByte(0x55);
  30   1          UART_SendByte('\r');
  31   1          UART_SendByte('\n');
  32   1      }
  33          
  34          void UART_SendByte(uint8_t byte)
  35          {
  36   1          TI = 0;         // 先清零TI
  37   1          SBUF = byte;    // 写缓冲启动发送
  38   1          while (!TI);    // 等待发送结束（硬件置TI=1）
  39   1      }
  40          
  41          void UART_SendString(uint8_t *str)
  42          {
  43   1        while(*str)
  44   1          UART_SendByte(*str++);
  45   1      }
  46          
  47          void UART_SendHex(uint8_t byte)
  48          {
  49   1        uint8_t high, low;
  50   1        high = byte >> 4;
  51   1        low = byte & 0x0F;
  52   1        if(high < 10) UART_SendByte('0' + high);
  53   1        else UART_SendByte('A' + (high - 10));
  54   1        if(low < 10) UART_SendByte('0' + low);
C51 COMPILER V9.59.0.0   UART                                                              07/28/2026 23:45:29 PAGE 2   

  55   1        else UART_SendByte('A' + (low - 10));
  56   1      }
  57          
  58          /* 打印 uint16 十进制 */
  59          void UART_SendU16(uint16_t val)
  60          {
  61   1          uint8_t buf[5], i = 0;
  62   1          if (val == 0) { UART_SendByte('0'); return; }
  63   1          while (val > 0 && i < 5) {
  64   2              buf[i++] = '0' + (val % 10);
  65   2              val /= 10;
  66   2          }
  67   1          while (i > 0) UART_SendByte(buf[--i]);
  68   1      }
  69          
  70          /* 打印 uint32 十进制 */
  71          void UART_SendU32(uint32_t val)
  72          {
  73   1          uint8_t buf[10], i = 0;
  74   1          if (val == 0) { UART_SendByte('0'); return; }
  75   1          while (val > 0 && i < 10) {
  76   2              buf[i++] = '0' + (val % 10);
  77   2              val /= 10;
  78   2          }
  79   1          while (i > 0) UART_SendByte(buf[--i]);
  80   1      }
  81          
  82          /* 打印 float (保留2位小数) */
  83          void UART_SendFloat2(float val)
  84          {
  85   1          uint16_t int_part;
  86   1          uint8_t frac;
  87   1          if (val < 0) { UART_SendByte('-'); val = -val; }
  88   1          int_part = (uint16_t)val;
  89   1          UART_SendU16(int_part);
  90   1          UART_SendByte('.');
  91   1          frac = (uint8_t)((val - int_part) * 100.0f + 0.5f);
  92   1          UART_SendByte('0' + (frac / 10));
  93   1          UART_SendByte('0' + (frac % 10));
  94   1      }


MODULE INFORMATION:   STATIC OVERLAYABLE
   CODE SIZE        =    616    ----
   CONSTANT SIZE    =   ----    ----
   XDATA SIZE       =   ----    ----
   PDATA SIZE       =   ----      28
   DATA SIZE        =   ----    ----
   IDATA SIZE       =   ----    ----
   BIT SIZE         =   ----    ----
END OF MODULE INFORMATION.


C51 COMPILATION COMPLETE.  0 WARNING(S),  0 ERROR(S)
